   Compiling regex-automata v0.4.9
   Compiling cursed v0.1.0 (/home/ghuntley/code/cursed)
   Compiling backtrace v0.3.75
   Compiling parking_lot v0.12.4
   Compiling tokio v1.45.1
   Compiling llvm-sys v170.2.0
   Compiling cipher v0.4.4
   Compiling hmac v0.12.1
   Compiling rand v0.8.5
   Compiling serde_yaml v0.9.34+deprecated
   Compiling sha2 v0.10.9
   Compiling sha3 v0.10.8
   Compiling toml_edit v0.22.27
error: an inner attribute is not permitted in this context
 --> /home/ghuntley/.cargo/registry/src/index.crates.io-1949cf8c6b5b557f/tokio-1.45.1/src/lib.rs:2:1
  |
2 | / #![allow(
3 | |     clippy::cognitive_complexity,
4 | |     clippy::large_enum_variant,
5 | |     clippy::module_inception,
6 | |     clippy::needless_doctest_main
7 | | )]
  | |__^
  |
  = note: inner attributes, like `#![no_std]`, annotate the item enclosing them, and are usually found at the beginning of source files
  = note: outer attributes, like `#[test]`, annotate the item following them

error: an inner attribute is not permitted in this context
  --> /home/ghuntley/.cargo/registry/src/index.crates.io-1949cf8c6b5b557f/tokio-1.45.1/src/lib.rs:8:1
   |
8  | / #![warn(
9  | |     missing_debug_implementations,
10 | |     missing_docs,
11 | |     rust_2018_idioms,
12 | |     unreachable_pub
13 | | )]
   | |__^
   |
   = note: inner attributes, like `#![no_std]`, annotate the item enclosing them, and are usually found at the beginning of source files
   = note: outer attributes, like `#[test]`, annotate the item following them

error: an inner attribute is not permitted in this context
  --> /home/ghuntley/.cargo/registry/src/index.crates.io-1949cf8c6b5b557f/tokio-1.45.1/src/lib.rs:14:1
   |
14 | #![deny(unused_must_use)]
   | ^^^^^^^^^^^^^^^^^^^^^^^^^
   |
   = note: inner attributes, like `#![no_std]`, annotate the item enclosing them, and are usually found at the beginning of source files
   = note: outer attributes, like `#[test]`, annotate the item following them

error: an inner attribute is not permitted in this context
  --> /home/ghuntley/.cargo/registry/src/index.crates.io-1949cf8c6b5b557f/tokio-1.45.1/src/lib.rs:15:1
   |
15 | / #![doc(test(
16 | |     no_crate_inject,
17 | |     attr(deny(warnings, rust_2018_idioms), allow(dead_code, unused_variables))
18 | | ))]
   | |___^
   |
   = note: inner attributes, like `#![no_std]`, annotate the item enclosing them, and are usually found at the beginning of source files
   = note: outer attributes, like `#[test]`, annotate the item following them

error: an inner attribute is not permitted in this context
  --> /home/ghuntley/.cargo/registry/src/index.crates.io-1949cf8c6b5b557f/tokio-1.45.1/src/lib.rs:19:1
   |
19 | #![cfg_attr(docsrs, feature(doc_cfg))]
   | ^^^^^^^^^^^^^^^^^^^^^^^^^^^^^^^^^^^^^^
   |
   = note: inner attributes, like `#![no_std]`, annotate the item enclosing them, and are usually found at the beginning of source files
   = note: outer attributes, like `#[test]`, annotate the item following them

error: an inner attribute is not permitted in this context
  --> /home/ghuntley/.cargo/registry/src/index.crates.io-1949cf8c6b5b557f/tokio-1.45.1/src/lib.rs:20:1
   |
20 | #![cfg_attr(docsrs, allow(unused_attributes))]
   | ^^^^^^^^^^^^^^^^^^^^^^^^^^^^^^^^^^^^^^^^^^^^^^
   |
   = note: inner attributes, like `#![no_std]`, annotate the item enclosing them, and are usually found at the beginning of source files
   = note: outer attributes, like `#[test]`, annotate the item following them

error: an inner attribute is not permitted in this context
  --> /home/ghuntley/.cargo/registry/src/index.crates.io-1949cf8c6b5b557f/tokio-1.45.1/src/lib.rs:21:1
   |
21 | #![cfg_attr(loom, allow(dead_code, unreachable_pub))]
   | ^^^^^^^^^^^^^^^^^^^^^^^^^^^^^^^^^^^^^^^^^^^^^^^^^^^^^
   |
   = note: inner attributes, like `#![no_std]`, annotate the item enclosing them, and are usually found at the beginning of source files
   = note: outer attributes, like `#[test]`, annotate the item following them

error: an inner attribute is not permitted in this context
  --> /home/ghuntley/.cargo/registry/src/index.crates.io-1949cf8c6b5b557f/tokio-1.45.1/src/lib.rs:22:1
   |
22 | #![cfg_attr(windows, allow(rustdoc::broken_intra_doc_links))]
   | ^^^^^^^^^^^^^^^^^^^^^^^^^^^^^^^^^^^^^^^^^^^^^^^^^^^^^^^^^^^^^
   |
   = note: inner attributes, like `#![no_std]`, annotate the item enclosing them, and are usually found at the beginning of source files
   = note: outer attributes, like `#[test]`, annotate the item following them

error[E0753]: expected outer doc comment
  --> /home/ghuntley/.cargo/registry/src/index.crates.io-1949cf8c6b5b557f/tokio-1.45.1/src/lib.rs:24:1
   |
24 | //! A runtime for writing reliable network applications without compromising speed.
   | ^^^^^^^^^^^^^^^^^^^^^^^^^^^^^^^^^^^^^^^^^^^^^^^^^^^^^^^^^^^^^^^^^^^^^^^^^^^^^^^^^^^
   |
   = note: inner doc comments like this (starting with `//!` or `/*!`) can only appear before items
help: you might have meant to write a regular comment
   |
24 - //! A runtime for writing reliable network applications without compromising speed.
24 + // A runtime for writing reliable network applications without compromising speed.
   |

error[E0753]: expected outer doc comment
  --> /home/ghuntley/.cargo/registry/src/index.crates.io-1949cf8c6b5b557f/tokio-1.45.1/src/lib.rs:25:1
   |
25 | //!
   | ^^^
   |
   = note: inner doc comments like this (starting with `//!` or `/*!`) can only appear before items
help: you might have meant to write a regular comment
   |
25 - //!
25 + //
   |

error[E0753]: expected outer doc comment
  --> /home/ghuntley/.cargo/registry/src/index.crates.io-1949cf8c6b5b557f/tokio-1.45.1/src/lib.rs:26:1
   |
26 | //! Tokio is an event-driven, non-blocking I/O platform for writing asynchronous
   | ^^^^^^^^^^^^^^^^^^^^^^^^^^^^^^^^^^^^^^^^^^^^^^^^^^^^^^^^^^^^^^^^^^^^^^^^^^^^^^^^
   |
   = note: inner doc comments like this (starting with `//!` or `/*!`) can only appear before items
help: you might have meant to write a regular comment
   |
26 - //! Tokio is an event-driven, non-blocking I/O platform for writing asynchronous
26 + // Tokio is an event-driven, non-blocking I/O platform for writing asynchronous
   |

error[E0753]: expected outer doc comment
  --> /home/ghuntley/.cargo/registry/src/index.crates.io-1949cf8c6b5b557f/tokio-1.45.1/src/lib.rs:27:1
   |
27 | //! applications with the Rust programming language. At a high level, it
   | ^^^^^^^^^^^^^^^^^^^^^^^^^^^^^^^^^^^^^^^^^^^^^^^^^^^^^^^^^^^^^^^^^^^^^^^^
   |
   = note: inner doc comments like this (starting with `//!` or `/*!`) can only appear before items
help: you might have meant to write a regular comment
   |
27 - //! applications with the Rust programming language. At a high level, it
27 + // applications with the Rust programming language. At a high level, it
   |

error[E0753]: expected outer doc comment
  --> /home/ghuntley/.cargo/registry/src/index.crates.io-1949cf8c6b5b557f/tokio-1.45.1/src/lib.rs:28:1
   |
28 | //! provides a few major components:
   | ^^^^^^^^^^^^^^^^^^^^^^^^^^^^^^^^^^^^
   |
   = note: inner doc comments like this (starting with `//!` or `/*!`) can only appear before items
help: you might have meant to write a regular comment
   |
28 - //! provides a few major components:
28 + // provides a few major components:
   |

error[E0753]: expected outer doc comment
  --> /home/ghuntley/.cargo/registry/src/index.crates.io-1949cf8c6b5b557f/tokio-1.45.1/src/lib.rs:29:1
   |
29 | //!
   | ^^^
   |
   = note: inner doc comments like this (starting with `//!` or `/*!`) can only appear before items
help: you might have meant to write a regular comment
   |
29 - //!
29 + //
   |

error[E0753]: expected outer doc comment
  --> /home/ghuntley/.cargo/registry/src/index.crates.io-1949cf8c6b5b557f/tokio-1.45.1/src/lib.rs:30:1
   |
30 | //! * Tools for [working with asynchronous tasks][tasks], including
   | ^^^^^^^^^^^^^^^^^^^^^^^^^^^^^^^^^^^^^^^^^^^^^^^^^^^^^^^^^^^^^^^^^^^
   |
   = note: inner doc comments like this (starting with `//!` or `/*!`) can only appear before items
help: you might have meant to write a regular comment
   |
30 - //! * Tools for [working with asynchronous tasks][tasks], including
30 + // * Tools for [working with asynchronous tasks][tasks], including
   |

error[E0753]: expected outer doc comment
  --> /home/ghuntley/.cargo/registry/src/index.crates.io-1949cf8c6b5b557f/tokio-1.45.1/src/lib.rs:31:1
   |
31 | //!   [synchronization primitives and channels][sync] and [timeouts, sleeps, and
   | ^^^^^^^^^^^^^^^^^^^^^^^^^^^^^^^^^^^^^^^^^^^^^^^^^^^^^^^^^^^^^^^^^^^^^^^^^^^^^^^^
   |
   = note: inner doc comments like this (starting with `//!` or `/*!`) can only appear before items
help: you might have meant to write a regular comment
   |
31 - //!   [synchronization primitives and channels][sync] and [timeouts, sleeps, and
31 + //   [synchronization primitives and channels][sync] and [timeouts, sleeps, and
   |

error[E0753]: expected outer doc comment
  --> /home/ghuntley/.cargo/registry/src/index.crates.io-1949cf8c6b5b557f/tokio-1.45.1/src/lib.rs:32:1
   |
32 | //!   intervals][time].
   | ^^^^^^^^^^^^^^^^^^^^^^^
   |
   = note: inner doc comments like this (starting with `//!` or `/*!`) can only appear before items
help: you might have meant to write a regular comment
   |
32 - //!   intervals][time].
32 + //   intervals][time].
   |

error[E0753]: expected outer doc comment
  --> /home/ghuntley/.cargo/registry/src/index.crates.io-1949cf8c6b5b557f/tokio-1.45.1/src/lib.rs:33:1
   |
33 | //! * APIs for [performing asynchronous I/O][io], including [TCP and UDP][net] sockets,
   | ^^^^^^^^^^^^^^^^^^^^^^^^^^^^^^^^^^^^^^^^^^^^^^^^^^^^^^^^^^^^^^^^^^^^^^^^^^^^^^^^^^^^^^^
   |
   = note: inner doc comments like this (starting with `//!` or `/*!`) can only appear before items
help: you might have meant to write a regular comment
   |
33 - //! * APIs for [performing asynchronous I/O][io], including [TCP and UDP][net] sockets,
33 + // * APIs for [performing asynchronous I/O][io], including [TCP and UDP][net] sockets,
   |

error[E0753]: expected outer doc comment
  --> /home/ghuntley/.cargo/registry/src/index.crates.io-1949cf8c6b5b557f/tokio-1.45.1/src/lib.rs:34:1
   |
34 | //!   [filesystem][fs] operations, and [process] and [signal] management.
   | ^^^^^^^^^^^^^^^^^^^^^^^^^^^^^^^^^^^^^^^^^^^^^^^^^^^^^^^^^^^^^^^^^^^^^^^^^
   |
   = note: inner doc comments like this (starting with `//!` or `/*!`) can only appear before items
help: you might have meant to write a regular comment
   |
34 - //!   [filesystem][fs] operations, and [process] and [signal] management.
34 + //   [filesystem][fs] operations, and [process] and [signal] management.
   |

error[E0753]: expected outer doc comment
  --> /home/ghuntley/.cargo/registry/src/index.crates.io-1949cf8c6b5b557f/tokio-1.45.1/src/lib.rs:35:1
   |
35 | //! * A [runtime] for executing asynchronous code, including a task scheduler,
   | ^^^^^^^^^^^^^^^^^^^^^^^^^^^^^^^^^^^^^^^^^^^^^^^^^^^^^^^^^^^^^^^^^^^^^^^^^^^^^^
   |
   = note: inner doc comments like this (starting with `//!` or `/*!`) can only appear before items
help: you might have meant to write a regular comment
   |
35 - //! * A [runtime] for executing asynchronous code, including a task scheduler,
35 + // * A [runtime] for executing asynchronous code, including a task scheduler,
   |

error[E0753]: expected outer doc comment
  --> /home/ghuntley/.cargo/registry/src/index.crates.io-1949cf8c6b5b557f/tokio-1.45.1/src/lib.rs:36:1
   |
36 | //!   an I/O driver backed by the operating system's event queue (`epoll`, `kqueue`,
   | ^^^^^^^^^^^^^^^^^^^^^^^^^^^^^^^^^^^^^^^^^^^^^^^^^^^^^^^^^^^^^^^^^^^^^^^^^^^^^^^^^^^^
   |
   = note: inner doc comments like this (starting with `//!` or `/*!`) can only appear before items
help: you might have meant to write a regular comment
   |
36 - //!   an I/O driver backed by the operating system's event queue (`epoll`, `kqueue`,
36 + //   an I/O driver backed by the operating system's event queue (`epoll`, `kqueue`,
   |

error[E0753]: expected outer doc comment
  --> /home/ghuntley/.cargo/registry/src/index.crates.io-1949cf8c6b5b557f/tokio-1.45.1/src/lib.rs:37:1
   |
37 | //!   `IOCP`, etc...), and a high performance timer.
   | ^^^^^^^^^^^^^^^^^^^^^^^^^^^^^^^^^^^^^^^^^^^^^^^^^^^^
   |
   = note: inner doc comments like this (starting with `//!` or `/*!`) can only appear before items
help: you might have meant to write a regular comment
   |
37 - //!   `IOCP`, etc...), and a high performance timer.
37 + //   `IOCP`, etc...), and a high performance timer.
   |

error[E0753]: expected outer doc comment
  --> /home/ghuntley/.cargo/registry/src/index.crates.io-1949cf8c6b5b557f/tokio-1.45.1/src/lib.rs:38:1
   |
38 | //!
   | ^^^
   |
   = note: inner doc comments like this (starting with `//!` or `/*!`) can only appear before items
help: you might have meant to write a regular comment
   |
38 - //!
38 + //
   |

error[E0753]: expected outer doc comment
  --> /home/ghuntley/.cargo/registry/src/index.crates.io-1949cf8c6b5b557f/tokio-1.45.1/src/lib.rs:39:1
   |
39 | //! Guide level documentation is found on the [website].
   | ^^^^^^^^^^^^^^^^^^^^^^^^^^^^^^^^^^^^^^^^^^^^^^^^^^^^^^^^
   |
   = note: inner doc comments like this (starting with `//!` or `/*!`) can only appear before items
help: you might have meant to write a regular comment
   |
39 - //! Guide level documentation is found on the [website].
39 + // Guide level documentation is found on the [website].
   |

error[E0753]: expected outer doc comment
  --> /home/ghuntley/.cargo/registry/src/index.crates.io-1949cf8c6b5b557f/tokio-1.45.1/src/lib.rs:40:1
   |
40 | //!
   | ^^^
   |
   = note: inner doc comments like this (starting with `//!` or `/*!`) can only appear before items
help: you might have meant to write a regular comment
   |
40 - //!
40 + //
   |

error[E0753]: expected outer doc comment
  --> /home/ghuntley/.cargo/registry/src/index.crates.io-1949cf8c6b5b557f/tokio-1.45.1/src/lib.rs:41:1
   |
41 | //! [tasks]: #working-with-tasks
   | ^^^^^^^^^^^^^^^^^^^^^^^^^^^^^^^^
   |
   = note: inner doc comments like this (starting with `//!` or `/*!`) can only appear before items
help: you might have meant to write a regular comment
   |
41 - //! [tasks]: #working-with-tasks
41 + // [tasks]: #working-with-tasks
   |

error[E0753]: expected outer doc comment
  --> /home/ghuntley/.cargo/registry/src/index.crates.io-1949cf8c6b5b557f/tokio-1.45.1/src/lib.rs:42:1
   |
42 | //! [sync]: crate::sync
   | ^^^^^^^^^^^^^^^^^^^^^^^
   |
   = note: inner doc comments like this (starting with `//!` or `/*!`) can only appear before items
help: you might have meant to write a regular comment
   |
42 - //! [sync]: crate::sync
42 + // [sync]: crate::sync
   |

error[E0753]: expected outer doc comment
  --> /home/ghuntley/.cargo/registry/src/index.crates.io-1949cf8c6b5b557f/tokio-1.45.1/src/lib.rs:43:1
   |
43 | //! [time]: crate::time
   | ^^^^^^^^^^^^^^^^^^^^^^^
   |
   = note: inner doc comments like this (starting with `//!` or `/*!`) can only appear before items
help: you might have meant to write a regular comment
   |
43 - //! [time]: crate::time
43 + // [time]: crate::time
   |

error[E0753]: expected outer doc comment
  --> /home/ghuntley/.cargo/registry/src/index.crates.io-1949cf8c6b5b557f/tokio-1.45.1/src/lib.rs:44:1
   |
44 | //! [io]: #asynchronous-io
   | ^^^^^^^^^^^^^^^^^^^^^^^^^^
   |
   = note: inner doc comments like this (starting with `//!` or `/*!`) can only appear before items
help: you might have meant to write a regular comment
   |
44 - //! [io]: #asynchronous-io
44 + // [io]: #asynchronous-io
   |

error[E0753]: expected outer doc comment
  --> /home/ghuntley/.cargo/registry/src/index.crates.io-1949cf8c6b5b557f/tokio-1.45.1/src/lib.rs:45:1
   |
45 | //! [net]: crate::net
   | ^^^^^^^^^^^^^^^^^^^^^
   |
   = note: inner doc comments like this (starting with `//!` or `/*!`) can only appear before items
help: you might have meant to write a regular comment
   |
45 - //! [net]: crate::net
45 + // [net]: crate::net
   |

error[E0753]: expected outer doc comment
  --> /home/ghuntley/.cargo/registry/src/index.crates.io-1949cf8c6b5b557f/tokio-1.45.1/src/lib.rs:46:1
   |
46 | //! [fs]: crate::fs
   | ^^^^^^^^^^^^^^^^^^^
   |
   = note: inner doc comments like this (starting with `//!` or `/*!`) can only appear before items
help: you might have meant to write a regular comment
   |
46 - //! [fs]: crate::fs
46 + // [fs]: crate::fs
   |

error[E0753]: expected outer doc comment
  --> /home/ghuntley/.cargo/registry/src/index.crates.io-1949cf8c6b5b557f/tokio-1.45.1/src/lib.rs:47:1
   |
47 | //! [process]: crate::process
   | ^^^^^^^^^^^^^^^^^^^^^^^^^^^^^
   |
   = note: inner doc comments like this (starting with `//!` or `/*!`) can only appear before items
help: you might have meant to write a regular comment
   |
47 - //! [process]: crate::process
47 + // [process]: crate::process
   |

error[E0753]: expected outer doc comment
  --> /home/ghuntley/.cargo/registry/src/index.crates.io-1949cf8c6b5b557f/tokio-1.45.1/src/lib.rs:48:1
   |
48 | //! [signal]: crate::signal
   | ^^^^^^^^^^^^^^^^^^^^^^^^^^^
   |
   = note: inner doc comments like this (starting with `//!` or `/*!`) can only appear before items
help: you might have meant to write a regular comment
   |
48 - //! [signal]: crate::signal
48 + // [signal]: crate::signal
   |

error[E0753]: expected outer doc comment
  --> /home/ghuntley/.cargo/registry/src/index.crates.io-1949cf8c6b5b557f/tokio-1.45.1/src/lib.rs:49:1
   |
49 | //! [fs]: crate::fs
   | ^^^^^^^^^^^^^^^^^^^
   |
   = note: inner doc comments like this (starting with `//!` or `/*!`) can only appear before items
help: you might have meant to write a regular comment
   |
49 - //! [fs]: crate::fs
49 + // [fs]: crate::fs
   |

error[E0753]: expected outer doc comment
  --> /home/ghuntley/.cargo/registry/src/index.crates.io-1949cf8c6b5b557f/tokio-1.45.1/src/lib.rs:50:1
   |
50 | //! [runtime]: crate::runtime
   | ^^^^^^^^^^^^^^^^^^^^^^^^^^^^^
   |
   = note: inner doc comments like this (starting with `//!` or `/*!`) can only appear before items
help: you might have meant to write a regular comment
   |
50 - //! [runtime]: crate::runtime
50 + // [runtime]: crate::runtime
   |

error[E0753]: expected outer doc comment
  --> /home/ghuntley/.cargo/registry/src/index.crates.io-1949cf8c6b5b557f/tokio-1.45.1/src/lib.rs:51:1
   |
51 | //! [website]: https://tokio.rs/tokio/tutorial
   | ^^^^^^^^^^^^^^^^^^^^^^^^^^^^^^^^^^^^^^^^^^^^^^
   |
   = note: inner doc comments like this (starting with `//!` or `/*!`) can only appear before items
help: you might have meant to write a regular comment
   |
51 - //! [website]: https://tokio.rs/tokio/tutorial
51 + // [website]: https://tokio.rs/tokio/tutorial
   |

error[E0753]: expected outer doc comment
  --> /home/ghuntley/.cargo/registry/src/index.crates.io-1949cf8c6b5b557f/tokio-1.45.1/src/lib.rs:52:1
   |
52 | //!
   | ^^^
   |
   = note: inner doc comments like this (starting with `//!` or `/*!`) can only appear before items
help: you might have meant to write a regular comment
   |
52 - //!
52 + //
   |

error[E0753]: expected outer doc comment
  --> /home/ghuntley/.cargo/registry/src/index.crates.io-1949cf8c6b5b557f/tokio-1.45.1/src/lib.rs:53:1
   |
53 | //! # A Tour of Tokio
   | ^^^^^^^^^^^^^^^^^^^^^
   |
   = note: inner doc comments like this (starting with `//!` or `/*!`) can only appear before items
help: you might have meant to write a regular comment
   |
53 - //! # A Tour of Tokio
53 + // # A Tour of Tokio
   |

error[E0753]: expected outer doc comment
  --> /home/ghuntley/.cargo/registry/src/index.crates.io-1949cf8c6b5b557f/tokio-1.45.1/src/lib.rs:54:1
   |
54 | //!
   | ^^^
   |
   = note: inner doc comments like this (starting with `//!` or `/*!`) can only appear before items
help: you might have meant to write a regular comment
   |
54 - //!
54 + //
   |

error[E0753]: expected outer doc comment
  --> /home/ghuntley/.cargo/registry/src/index.crates.io-1949cf8c6b5b557f/tokio-1.45.1/src/lib.rs:55:1
   |
55 | //! Tokio consists of a number of modules that provide a range of functionality
   | ^^^^^^^^^^^^^^^^^^^^^^^^^^^^^^^^^^^^^^^^^^^^^^^^^^^^^^^^^^^^^^^^^^^^^^^^^^^^^^^
   |
   = note: inner doc comments like this (starting with `//!` or `/*!`) can only appear before items
help: you might have meant to write a regular comment
   |
55 - //! Tokio consists of a number of modules that provide a range of functionality
55 + // Tokio consists of a number of modules that provide a range of functionality
   |

error[E0753]: expected outer doc comment
  --> /home/ghuntley/.cargo/registry/src/index.crates.io-1949cf8c6b5b557f/tokio-1.45.1/src/lib.rs:56:1
   |
56 | //! essential for implementing asynchronous applications in Rust. In this
   | ^^^^^^^^^^^^^^^^^^^^^^^^^^^^^^^^^^^^^^^^^^^^^^^^^^^^^^^^^^^^^^^^^^^^^^^^^
   |
   = note: inner doc comments like this (starting with `//!` or `/*!`) can only appear before items
help: you might have meant to write a regular comment
   |
56 - //! essential for implementing asynchronous applications in Rust. In this
56 + // essential for implementing asynchronous applications in Rust. In this
   |

error[E0753]: expected outer doc comment
  --> /home/ghuntley/.cargo/registry/src/index.crates.io-1949cf8c6b5b557f/tokio-1.45.1/src/lib.rs:57:1
   |
57 | //! section, we will take a brief tour of Tokio, summarizing the major APIs and
   | ^^^^^^^^^^^^^^^^^^^^^^^^^^^^^^^^^^^^^^^^^^^^^^^^^^^^^^^^^^^^^^^^^^^^^^^^^^^^^^^
   |
   = note: inner doc comments like this (starting with `//!` or `/*!`) can only appear before items
help: you might have meant to write a regular comment
   |
57 - //! section, we will take a brief tour of Tokio, summarizing the major APIs and
57 + // section, we will take a brief tour of Tokio, summarizing the major APIs and
   |

error[E0753]: expected outer doc comment
  --> /home/ghuntley/.cargo/registry/src/index.crates.io-1949cf8c6b5b557f/tokio-1.45.1/src/lib.rs:58:1
   |
58 | //! their uses.
   | ^^^^^^^^^^^^^^^
   |
   = note: inner doc comments like this (starting with `//!` or `/*!`) can only appear before items
help: you might have meant to write a regular comment
   |
58 - //! their uses.
58 + // their uses.
   |

error[E0753]: expected outer doc comment
  --> /home/ghuntley/.cargo/registry/src/index.crates.io-1949cf8c6b5b557f/tokio-1.45.1/src/lib.rs:59:1
   |
59 | //!
   | ^^^
   |
   = note: inner doc comments like this (starting with `//!` or `/*!`) can only appear before items
help: you might have meant to write a regular comment
   |
59 - //!
59 + //
   |

error[E0753]: expected outer doc comment
  --> /home/ghuntley/.cargo/registry/src/index.crates.io-1949cf8c6b5b557f/tokio-1.45.1/src/lib.rs:60:1
   |
60 | //! The easiest way to get started is to enable all features. Do this by
   | ^^^^^^^^^^^^^^^^^^^^^^^^^^^^^^^^^^^^^^^^^^^^^^^^^^^^^^^^^^^^^^^^^^^^^^^^
   |
   = note: inner doc comments like this (starting with `//!` or `/*!`) can only appear before items
help: you might have meant to write a regular comment
   |
60 - //! The easiest way to get started is to enable all features. Do this by
60 + // The easiest way to get started is to enable all features. Do this by
   |

error[E0753]: expected outer doc comment
  --> /home/ghuntley/.cargo/registry/src/index.crates.io-1949cf8c6b5b557f/tokio-1.45.1/src/lib.rs:61:1
   |
61 | //! enabling the `full` feature flag:
   | ^^^^^^^^^^^^^^^^^^^^^^^^^^^^^^^^^^^^^
   |
   = note: inner doc comments like this (starting with `//!` or `/*!`) can only appear before items
help: you might have meant to write a regular comment
   |
61 - //! enabling the `full` feature flag:
61 + // enabling the `full` feature flag:
   |

error[E0753]: expected outer doc comment
  --> /home/ghuntley/.cargo/registry/src/index.crates.io-1949cf8c6b5b557f/tokio-1.45.1/src/lib.rs:62:1
   |
62 | //!
   | ^^^
   |
   = note: inner doc comments like this (starting with `//!` or `/*!`) can only appear before items
help: you might have meant to write a regular comment
   |
62 - //!
62 + //
   |

error[E0753]: expected outer doc comment
  --> /home/ghuntley/.cargo/registry/src/index.crates.io-1949cf8c6b5b557f/tokio-1.45.1/src/lib.rs:63:1
   |
63 | //! ```toml
   | ^^^^^^^^^^^
   |
   = note: inner doc comments like this (starting with `//!` or `/*!`) can only appear before items
help: you might have meant to write a regular comment
   |
63 - //! ```toml
63 + // ```toml
   |

error[E0753]: expected outer doc comment
  --> /home/ghuntley/.cargo/registry/src/index.crates.io-1949cf8c6b5b557f/tokio-1.45.1/src/lib.rs:64:1
   |
64 | //! tokio = { version = "1", features = ["full"] }
   | ^^^^^^^^^^^^^^^^^^^^^^^^^^^^^^^^^^^^^^^^^^^^^^^^^^
   |
   = note: inner doc comments like this (starting with `//!` or `/*!`) can only appear before items
help: you might have meant to write a regular comment
   |
64 - //! tokio = { version = "1", features = ["full"] }
64 + // tokio = { version = "1", features = ["full"] }
   |

error[E0753]: expected outer doc comment
  --> /home/ghuntley/.cargo/registry/src/index.crates.io-1949cf8c6b5b557f/tokio-1.45.1/src/lib.rs:65:1
   |
65 | //! ```
   | ^^^^^^^
   |
   = note: inner doc comments like this (starting with `//!` or `/*!`) can only appear before items
help: you might have meant to write a regular comment
   |
65 - //! ```
65 + // ```
   |

error[E0753]: expected outer doc comment
  --> /home/ghuntley/.cargo/registry/src/index.crates.io-1949cf8c6b5b557f/tokio-1.45.1/src/lib.rs:66:1
   |
66 | //!
   | ^^^
   |
   = note: inner doc comments like this (starting with `//!` or `/*!`) can only appear before items
help: you might have meant to write a regular comment
   |
66 - //!
66 + //
   |

error[E0753]: expected outer doc comment
  --> /home/ghuntley/.cargo/registry/src/index.crates.io-1949cf8c6b5b557f/tokio-1.45.1/src/lib.rs:67:1
   |
67 | //! ### Authoring applications
   | ^^^^^^^^^^^^^^^^^^^^^^^^^^^^^^
   |
   = note: inner doc comments like this (starting with `//!` or `/*!`) can only appear before items
help: you might have meant to write a regular comment
   |
67 - //! ### Authoring applications
67 + // ### Authoring applications
   |

error[E0753]: expected outer doc comment
  --> /home/ghuntley/.cargo/registry/src/index.crates.io-1949cf8c6b5b557f/tokio-1.45.1/src/lib.rs:68:1
   |
68 | //!
   | ^^^
   |
   = note: inner doc comments like this (starting with `//!` or `/*!`) can only appear before items
help: you might have meant to write a regular comment
   |
68 - //!
68 + //
   |

error[E0753]: expected outer doc comment
  --> /home/ghuntley/.cargo/registry/src/index.crates.io-1949cf8c6b5b557f/tokio-1.45.1/src/lib.rs:69:1
   |
69 | //! Tokio is great for writing applications and most users in this case shouldn't
   | ^^^^^^^^^^^^^^^^^^^^^^^^^^^^^^^^^^^^^^^^^^^^^^^^^^^^^^^^^^^^^^^^^^^^^^^^^^^^^^^^^
   |
   = note: inner doc comments like this (starting with `//!` or `/*!`) can only appear before items
help: you might have meant to write a regular comment
   |
69 - //! Tokio is great for writing applications and most users in this case shouldn't
69 + // Tokio is great for writing applications and most users in this case shouldn't
   |

error[E0753]: expected outer doc comment
  --> /home/ghuntley/.cargo/registry/src/index.crates.io-1949cf8c6b5b557f/tokio-1.45.1/src/lib.rs:70:1
   |
70 | //! worry too much about what features they should pick. If you're unsure, we suggest
   | ^^^^^^^^^^^^^^^^^^^^^^^^^^^^^^^^^^^^^^^^^^^^^^^^^^^^^^^^^^^^^^^^^^^^^^^^^^^^^^^^^^^^^
   |
   = note: inner doc comments like this (starting with `//!` or `/*!`) can only appear before items
help: you might have meant to write a regular comment
   |
70 - //! worry too much about what features they should pick. If you're unsure, we suggest
70 + // worry too much about what features they should pick. If you're unsure, we suggest
   |

error[E0753]: expected outer doc comment
  --> /home/ghuntley/.cargo/registry/src/index.crates.io-1949cf8c6b5b557f/tokio-1.45.1/src/lib.rs:71:1
   |
71 | //! going with `full` to ensure that you don't run into any road blocks while you're
   | ^^^^^^^^^^^^^^^^^^^^^^^^^^^^^^^^^^^^^^^^^^^^^^^^^^^^^^^^^^^^^^^^^^^^^^^^^^^^^^^^^^^^
   |
   = note: inner doc comments like this (starting with `//!` or `/*!`) can only appear before items
help: you might have meant to write a regular comment
   |
71 - //! going with `full` to ensure that you don't run into any road blocks while you're
71 + // going with `full` to ensure that you don't run into any road blocks while you're
   |

error[E0753]: expected outer doc comment
  --> /home/ghuntley/.cargo/registry/src/index.crates.io-1949cf8c6b5b557f/tokio-1.45.1/src/lib.rs:72:1
   |
72 | //! building your application.
   | ^^^^^^^^^^^^^^^^^^^^^^^^^^^^^^
   |
   = note: inner doc comments like this (starting with `//!` or `/*!`) can only appear before items
help: you might have meant to write a regular comment
   |
72 - //! building your application.
72 + // building your application.
   |

error[E0753]: expected outer doc comment
  --> /home/ghuntley/.cargo/registry/src/index.crates.io-1949cf8c6b5b557f/tokio-1.45.1/src/lib.rs:73:1
   |
73 | //!
   | ^^^
   |
   = note: inner doc comments like this (starting with `//!` or `/*!`) can only appear before items
help: you might have meant to write a regular comment
   |
73 - //!
73 + //
   |

error[E0753]: expected outer doc comment
  --> /home/ghuntley/.cargo/registry/src/index.crates.io-1949cf8c6b5b557f/tokio-1.45.1/src/lib.rs:74:1
   |
74 | //! #### Example
   | ^^^^^^^^^^^^^^^^
   |
   = note: inner doc comments like this (starting with `//!` or `/*!`) can only appear before items
help: you might have meant to write a regular comment
   |
74 - //! #### Example
74 + // #### Example
   |

error[E0753]: expected outer doc comment
  --> /home/ghuntley/.cargo/registry/src/index.crates.io-1949cf8c6b5b557f/tokio-1.45.1/src/lib.rs:75:1
   |
75 | //!
   | ^^^
   |
   = note: inner doc comments like this (starting with `//!` or `/*!`) can only appear before items
help: you might have meant to write a regular comment
   |
75 - //!
75 + //
   |

error[E0753]: expected outer doc comment
  --> /home/ghuntley/.cargo/registry/src/index.crates.io-1949cf8c6b5b557f/tokio-1.45.1/src/lib.rs:76:1
   |
76 | //! This example shows the quickest way to get started with Tokio.
   | ^^^^^^^^^^^^^^^^^^^^^^^^^^^^^^^^^^^^^^^^^^^^^^^^^^^^^^^^^^^^^^^^^^
   |
   = note: inner doc comments like this (starting with `//!` or `/*!`) can only appear before items
help: you might have meant to write a regular comment
   |
76 - //! This example shows the quickest way to get started with Tokio.
76 + // This example shows the quickest way to get started with Tokio.
   |

error[E0753]: expected outer doc comment
  --> /home/ghuntley/.cargo/registry/src/index.crates.io-1949cf8c6b5b557f/tokio-1.45.1/src/lib.rs:77:1
   |
77 | //!
   | ^^^
   |
   = note: inner doc comments like this (starting with `//!` or `/*!`) can only appear before items
help: you might have meant to write a regular comment
   |
77 - //!
77 + //
   |

error[E0753]: expected outer doc comment
  --> /home/ghuntley/.cargo/registry/src/index.crates.io-1949cf8c6b5b557f/tokio-1.45.1/src/lib.rs:78:1
   |
78 | //! ```toml
   | ^^^^^^^^^^^
   |
   = note: inner doc comments like this (starting with `//!` or `/*!`) can only appear before items
help: you might have meant to write a regular comment
   |
78 - //! ```toml
78 + // ```toml
   |

error[E0753]: expected outer doc comment
  --> /home/ghuntley/.cargo/registry/src/index.crates.io-1949cf8c6b5b557f/tokio-1.45.1/src/lib.rs:79:1
   |
79 | //! tokio = { version = "1", features = ["full"] }
   | ^^^^^^^^^^^^^^^^^^^^^^^^^^^^^^^^^^^^^^^^^^^^^^^^^^
   |
   = note: inner doc comments like this (starting with `//!` or `/*!`) can only appear before items
help: you might have meant to write a regular comment
   |
79 - //! tokio = { version = "1", features = ["full"] }
79 + // tokio = { version = "1", features = ["full"] }
   |

error[E0753]: expected outer doc comment
  --> /home/ghuntley/.cargo/registry/src/index.crates.io-1949cf8c6b5b557f/tokio-1.45.1/src/lib.rs:80:1
   |
80 | //! ```
   | ^^^^^^^
   |
   = note: inner doc comments like this (starting with `//!` or `/*!`) can only appear before items
help: you might have meant to write a regular comment
   |
80 - //! ```
80 + // ```
   |

error[E0753]: expected outer doc comment
  --> /home/ghuntley/.cargo/registry/src/index.crates.io-1949cf8c6b5b557f/tokio-1.45.1/src/lib.rs:81:1
   |
81 | //!
   | ^^^
   |
   = note: inner doc comments like this (starting with `//!` or `/*!`) can only appear before items
help: you might have meant to write a regular comment
   |
81 - //!
81 + //
   |

error[E0753]: expected outer doc comment
  --> /home/ghuntley/.cargo/registry/src/index.crates.io-1949cf8c6b5b557f/tokio-1.45.1/src/lib.rs:82:1
   |
82 | //! ### Authoring libraries
   | ^^^^^^^^^^^^^^^^^^^^^^^^^^^
   |
   = note: inner doc comments like this (starting with `//!` or `/*!`) can only appear before items
help: you might have meant to write a regular comment
   |
82 - //! ### Authoring libraries
82 + // ### Authoring libraries
   |

error[E0753]: expected outer doc comment
  --> /home/ghuntley/.cargo/registry/src/index.crates.io-1949cf8c6b5b557f/tokio-1.45.1/src/lib.rs:83:1
   |
83 | //!
   | ^^^
   |
   = note: inner doc comments like this (starting with `//!` or `/*!`) can only appear before items
help: you might have meant to write a regular comment
   |
83 - //!
83 + //
   |

error[E0753]: expected outer doc comment
  --> /home/ghuntley/.cargo/registry/src/index.crates.io-1949cf8c6b5b557f/tokio-1.45.1/src/lib.rs:84:1
   |
84 | //! As a library author your goal should be to provide the lightest weight crate
   | ^^^^^^^^^^^^^^^^^^^^^^^^^^^^^^^^^^^^^^^^^^^^^^^^^^^^^^^^^^^^^^^^^^^^^^^^^^^^^^^^
   |
   = note: inner doc comments like this (starting with `//!` or `/*!`) can only appear before items
help: you might have meant to write a regular comment
   |
84 - //! As a library author your goal should be to provide the lightest weight crate
84 + // As a library author your goal should be to provide the lightest weight crate
   |

error[E0753]: expected outer doc comment
  --> /home/ghuntley/.cargo/registry/src/index.crates.io-1949cf8c6b5b557f/tokio-1.45.1/src/lib.rs:85:1
   |
85 | //! that is based on Tokio. To achieve this you should ensure that you only enable
   | ^^^^^^^^^^^^^^^^^^^^^^^^^^^^^^^^^^^^^^^^^^^^^^^^^^^^^^^^^^^^^^^^^^^^^^^^^^^^^^^^^^
   |
   = note: inner doc comments like this (starting with `//!` or `/*!`) can only appear before items
help: you might have meant to write a regular comment
   |
85 - //! that is based on Tokio. To achieve this you should ensure that you only enable
85 + // that is based on Tokio. To achieve this you should ensure that you only enable
   |

error[E0753]: expected outer doc comment
  --> /home/ghuntley/.cargo/registry/src/index.crates.io-1949cf8c6b5b557f/tokio-1.45.1/src/lib.rs:86:1
   |
86 | //! the features you need. This allows users to pick up your crate without having
   | ^^^^^^^^^^^^^^^^^^^^^^^^^^^^^^^^^^^^^^^^^^^^^^^^^^^^^^^^^^^^^^^^^^^^^^^^^^^^^^^^^
   |
   = note: inner doc comments like this (starting with `//!` or `/*!`) can only appear before items
help: you might have meant to write a regular comment
   |
86 - //! the features you need. This allows users to pick up your crate without having
86 + // the features you need. This allows users to pick up your crate without having
   |

error[E0753]: expected outer doc comment
  --> /home/ghuntley/.cargo/registry/src/index.crates.io-1949cf8c6b5b557f/tokio-1.45.1/src/lib.rs:87:1
   |
87 | //! to enable unnecessary features.
   | ^^^^^^^^^^^^^^^^^^^^^^^^^^^^^^^^^^^
   |
   = note: inner doc comments like this (starting with `//!` or `/*!`) can only appear before items
help: you might have meant to write a regular comment
   |
87 - //! to enable unnecessary features.
87 + // to enable unnecessary features.
   |

error[E0753]: expected outer doc comment
  --> /home/ghuntley/.cargo/registry/src/index.crates.io-1949cf8c6b5b557f/tokio-1.45.1/src/lib.rs:88:1
   |
88 | //!
   | ^^^
   |
   = note: inner doc comments like this (starting with `//!` or `/*!`) can only appear before items
help: you might have meant to write a regular comment
   |
88 - //!
88 + //
   |

error[E0753]: expected outer doc comment
  --> /home/ghuntley/.cargo/registry/src/index.crates.io-1949cf8c6b5b557f/tokio-1.45.1/src/lib.rs:89:1
   |
89 | //! #### Example
   | ^^^^^^^^^^^^^^^^
   |
   = note: inner doc comments like this (starting with `//!` or `/*!`) can only appear before items
help: you might have meant to write a regular comment
   |
89 - //! #### Example
89 + // #### Example
   |

error[E0753]: expected outer doc comment
  --> /home/ghuntley/.cargo/registry/src/index.crates.io-1949cf8c6b5b557f/tokio-1.45.1/src/lib.rs:90:1
   |
90 | //!
   | ^^^
   |
   = note: inner doc comments like this (starting with `//!` or `/*!`) can only appear before items
help: you might have meant to write a regular comment
   |
90 - //!
90 + //
   |

error[E0753]: expected outer doc comment
  --> /home/ghuntley/.cargo/registry/src/index.crates.io-1949cf8c6b5b557f/tokio-1.45.1/src/lib.rs:91:1
   |
91 | //! This example shows how you may want to import features for a library that just
   | ^^^^^^^^^^^^^^^^^^^^^^^^^^^^^^^^^^^^^^^^^^^^^^^^^^^^^^^^^^^^^^^^^^^^^^^^^^^^^^^^^^
   |
   = note: inner doc comments like this (starting with `//!` or `/*!`) can only appear before items
help: you might have meant to write a regular comment
   |
91 - //! This example shows how you may want to import features for a library that just
91 + // This example shows how you may want to import features for a library that just
   |

error[E0753]: expected outer doc comment
  --> /home/ghuntley/.cargo/registry/src/index.crates.io-1949cf8c6b5b557f/tokio-1.45.1/src/lib.rs:92:1
   |
92 | //! needs to `tokio::spawn` and use a `TcpStream`.
   | ^^^^^^^^^^^^^^^^^^^^^^^^^^^^^^^^^^^^^^^^^^^^^^^^^^
   |
   = note: inner doc comments like this (starting with `//!` or `/*!`) can only appear before items
help: you might have meant to write a regular comment
   |
92 - //! needs to `tokio::spawn` and use a `TcpStream`.
92 + // needs to `tokio::spawn` and use a `TcpStream`.
   |

error[E0753]: expected outer doc comment
  --> /home/ghuntley/.cargo/registry/src/index.crates.io-1949cf8c6b5b557f/tokio-1.45.1/src/lib.rs:93:1
   |
93 | //!
   | ^^^
   |
   = note: inner doc comments like this (starting with `//!` or `/*!`) can only appear before items
help: you might have meant to write a regular comment
   |
93 - //!
93 + //
   |

error[E0753]: expected outer doc comment
  --> /home/ghuntley/.cargo/registry/src/index.crates.io-1949cf8c6b5b557f/tokio-1.45.1/src/lib.rs:94:1
   |
94 | //! ```toml
   | ^^^^^^^^^^^
   |
   = note: inner doc comments like this (starting with `//!` or `/*!`) can only appear before items
help: you might have meant to write a regular comment
   |
94 - //! ```toml
94 + // ```toml
   |

error[E0753]: expected outer doc comment
  --> /home/ghuntley/.cargo/registry/src/index.crates.io-1949cf8c6b5b557f/tokio-1.45.1/src/lib.rs:95:1
   |
95 | //! tokio = { version = "1", features = ["rt", "net"] }
   | ^^^^^^^^^^^^^^^^^^^^^^^^^^^^^^^^^^^^^^^^^^^^^^^^^^^^^^^
   |
   = note: inner doc comments like this (starting with `//!` or `/*!`) can only appear before items
help: you might have meant to write a regular comment
   |
95 - //! tokio = { version = "1", features = ["rt", "net"] }
95 + // tokio = { version = "1", features = ["rt", "net"] }
   |

error[E0753]: expected outer doc comment
  --> /home/ghuntley/.cargo/registry/src/index.crates.io-1949cf8c6b5b557f/tokio-1.45.1/src/lib.rs:96:1
   |
96 | //! ```
   | ^^^^^^^
   |
   = note: inner doc comments like this (starting with `//!` or `/*!`) can only appear before items
help: you might have meant to write a regular comment
   |
96 - //! ```
96 + // ```
   |

error[E0753]: expected outer doc comment
  --> /home/ghuntley/.cargo/registry/src/index.crates.io-1949cf8c6b5b557f/tokio-1.45.1/src/lib.rs:97:1
   |
97 | //!
   | ^^^
   |
   = note: inner doc comments like this (starting with `//!` or `/*!`) can only appear before items
help: you might have meant to write a regular comment
   |
97 - //!
97 + //
   |

error[E0753]: expected outer doc comment
  --> /home/ghuntley/.cargo/registry/src/index.crates.io-1949cf8c6b5b557f/tokio-1.45.1/src/lib.rs:98:1
   |
98 | //! ## Working With Tasks
   | ^^^^^^^^^^^^^^^^^^^^^^^^^
   |
   = note: inner doc comments like this (starting with `//!` or `/*!`) can only appear before items
help: you might have meant to write a regular comment
   |
98 - //! ## Working With Tasks
98 + // ## Working With Tasks
   |

error[E0753]: expected outer doc comment
  --> /home/ghuntley/.cargo/registry/src/index.crates.io-1949cf8c6b5b557f/tokio-1.45.1/src/lib.rs:99:1
   |
99 | //!
   | ^^^
   |
   = note: inner doc comments like this (starting with `//!` or `/*!`) can only appear before items
help: you might have meant to write a regular comment
   |
99 - //!
99 + //
   |

error[E0753]: expected outer doc comment
   --> /home/ghuntley/.cargo/registry/src/index.crates.io-1949cf8c6b5b557f/tokio-1.45.1/src/lib.rs:100:1
    |
100 | //! Asynchronous programs in Rust are based around lightweight, non-blocking
    | ^^^^^^^^^^^^^^^^^^^^^^^^^^^^^^^^^^^^^^^^^^^^^^^^^^^^^^^^^^^^^^^^^^^^^^^^^^^^
    |
    = note: inner doc comments like this (starting with `//!` or `/*!`) can only appear before items
help: you might have meant to write a regular comment
    |
100 - //! Asynchronous programs in Rust are based around lightweight, non-blocking
100 + // Asynchronous programs in Rust are based around lightweight, non-blocking
    |

error[E0753]: expected outer doc comment
   --> /home/ghuntley/.cargo/registry/src/index.crates.io-1949cf8c6b5b557f/tokio-1.45.1/src/lib.rs:101:1
    |
101 | //! units of execution called [_tasks_][tasks]. The [`tokio::task`] module provides
    | ^^^^^^^^^^^^^^^^^^^^^^^^^^^^^^^^^^^^^^^^^^^^^^^^^^^^^^^^^^^^^^^^^^^^^^^^^^^^^^^^^^^
    |
    = note: inner doc comments like this (starting with `//!` or `/*!`) can only appear before items
help: you might have meant to write a regular comment
    |
101 - //! units of execution called [_tasks_][tasks]. The [`tokio::task`] module provides
101 + // units of execution called [_tasks_][tasks]. The [`tokio::task`] module provides
    |

error[E0753]: expected outer doc comment
   --> /home/ghuntley/.cargo/registry/src/index.crates.io-1949cf8c6b5b557f/tokio-1.45.1/src/lib.rs:102:1
    |
102 | //! important tools for working with tasks:
    | ^^^^^^^^^^^^^^^^^^^^^^^^^^^^^^^^^^^^^^^^^^^
    |
    = note: inner doc comments like this (starting with `//!` or `/*!`) can only appear before items
help: you might have meant to write a regular comment
    |
102 - //! important tools for working with tasks:
102 + // important tools for working with tasks:
    |

error[E0753]: expected outer doc comment
   --> /home/ghuntley/.cargo/registry/src/index.crates.io-1949cf8c6b5b557f/tokio-1.45.1/src/lib.rs:103:1
    |
103 | //!
    | ^^^
    |
    = note: inner doc comments like this (starting with `//!` or `/*!`) can only appear before items
help: you might have meant to write a regular comment
    |
103 - //!
103 + //
    |

error[E0753]: expected outer doc comment
   --> /home/ghuntley/.cargo/registry/src/index.crates.io-1949cf8c6b5b557f/tokio-1.45.1/src/lib.rs:104:1
    |
104 | //! * The [`spawn`] function and [`JoinHandle`] type, for scheduling a new task
    | ^^^^^^^^^^^^^^^^^^^^^^^^^^^^^^^^^^^^^^^^^^^^^^^^^^^^^^^^^^^^^^^^^^^^^^^^^^^^^^^
    |
    = note: inner doc comments like this (starting with `//!` or `/*!`) can only appear before items
help: you might have meant to write a regular comment
    |
104 - //! * The [`spawn`] function and [`JoinHandle`] type, for scheduling a new task
104 + // * The [`spawn`] function and [`JoinHandle`] type, for scheduling a new task
    |

error[E0753]: expected outer doc comment
   --> /home/ghuntley/.cargo/registry/src/index.crates.io-1949cf8c6b5b557f/tokio-1.45.1/src/lib.rs:105:1
    |
105 | //!   on the Tokio runtime and awaiting the output of a spawned task, respectively,
    | ^^^^^^^^^^^^^^^^^^^^^^^^^^^^^^^^^^^^^^^^^^^^^^^^^^^^^^^^^^^^^^^^^^^^^^^^^^^^^^^^^^^
    |
    = note: inner doc comments like this (starting with `//!` or `/*!`) can only appear before items
help: you might have meant to write a regular comment
    |
105 - //!   on the Tokio runtime and awaiting the output of a spawned task, respectively,
105 + //   on the Tokio runtime and awaiting the output of a spawned task, respectively,
    |

error[E0753]: expected outer doc comment
   --> /home/ghuntley/.cargo/registry/src/index.crates.io-1949cf8c6b5b557f/tokio-1.45.1/src/lib.rs:106:1
    |
106 | //! * Functions for [running blocking operations][blocking] in an asynchronous
    | ^^^^^^^^^^^^^^^^^^^^^^^^^^^^^^^^^^^^^^^^^^^^^^^^^^^^^^^^^^^^^^^^^^^^^^^^^^^^^^
    |
    = note: inner doc comments like this (starting with `//!` or `/*!`) can only appear before items
help: you might have meant to write a regular comment
    |
106 - //! * Functions for [running blocking operations][blocking] in an asynchronous
106 + // * Functions for [running blocking operations][blocking] in an asynchronous
    |

error[E0753]: expected outer doc comment
   --> /home/ghuntley/.cargo/registry/src/index.crates.io-1949cf8c6b5b557f/tokio-1.45.1/src/lib.rs:107:1
    |
107 | //!   task context.
    | ^^^^^^^^^^^^^^^^^^^
    |
    = note: inner doc comments like this (starting with `//!` or `/*!`) can only appear before items
help: you might have meant to write a regular comment
    |
107 - //!   task context.
107 + //   task context.
    |

error[E0753]: expected outer doc comment
   --> /home/ghuntley/.cargo/registry/src/index.crates.io-1949cf8c6b5b557f/tokio-1.45.1/src/lib.rs:108:1
    |
108 | //!
    | ^^^
    |
    = note: inner doc comments like this (starting with `//!` or `/*!`) can only appear before items
help: you might have meant to write a regular comment
    |
108 - //!
108 + //
    |

error[E0753]: expected outer doc comment
   --> /home/ghuntley/.cargo/registry/src/index.crates.io-1949cf8c6b5b557f/tokio-1.45.1/src/lib.rs:109:1
    |
109 | //! The [`tokio::task`] module is present only when the "rt" feature flag
    | ^^^^^^^^^^^^^^^^^^^^^^^^^^^^^^^^^^^^^^^^^^^^^^^^^^^^^^^^^^^^^^^^^^^^^^^^^
    |
    = note: inner doc comments like this (starting with `//!` or `/*!`) can only appear before items
help: you might have meant to write a regular comment
    |
109 - //! The [`tokio::task`] module is present only when the "rt" feature flag
109 + // The [`tokio::task`] module is present only when the "rt" feature flag
    |

error[E0753]: expected outer doc comment
   --> /home/ghuntley/.cargo/registry/src/index.crates.io-1949cf8c6b5b557f/tokio-1.45.1/src/lib.rs:110:1
    |
110 | //! is enabled.
    | ^^^^^^^^^^^^^^^
    |
    = note: inner doc comments like this (starting with `//!` or `/*!`) can only appear before items
help: you might have meant to write a regular comment
    |
110 - //! is enabled.
110 + // is enabled.
    |

error[E0753]: expected outer doc comment
   --> /home/ghuntley/.cargo/registry/src/index.crates.io-1949cf8c6b5b557f/tokio-1.45.1/src/lib.rs:111:1
    |
111 | //!
    | ^^^
    |
    = note: inner doc comments like this (starting with `//!` or `/*!`) can only appear before items
help: you might have meant to write a regular comment
    |
111 - //!
111 + //
    |

error[E0753]: expected outer doc comment
   --> /home/ghuntley/.cargo/registry/src/index.crates.io-1949cf8c6b5b557f/tokio-1.45.1/src/lib.rs:112:1
    |
112 | //! [tasks]: task/index.html#what-are-tasks
    | ^^^^^^^^^^^^^^^^^^^^^^^^^^^^^^^^^^^^^^^^^^^
    |
    = note: inner doc comments like this (starting with `//!` or `/*!`) can only appear before items
help: you might have meant to write a regular comment
    |
112 - //! [tasks]: task/index.html#what-are-tasks
112 + // [tasks]: task/index.html#what-are-tasks
    |

error[E0753]: expected outer doc comment
   --> /home/ghuntley/.cargo/registry/src/index.crates.io-1949cf8c6b5b557f/tokio-1.45.1/src/lib.rs:113:1
    |
113 | //! [`tokio::task`]: crate::task
    | ^^^^^^^^^^^^^^^^^^^^^^^^^^^^^^^^
    |
    = note: inner doc comments like this (starting with `//!` or `/*!`) can only appear before items
help: you might have meant to write a regular comment
    |
113 - //! [`tokio::task`]: crate::task
113 + // [`tokio::task`]: crate::task
    |

error[E0753]: expected outer doc comment
   --> /home/ghuntley/.cargo/registry/src/index.crates.io-1949cf8c6b5b557f/tokio-1.45.1/src/lib.rs:114:1
    |
114 | //! [`spawn`]: crate::task::spawn()
    | ^^^^^^^^^^^^^^^^^^^^^^^^^^^^^^^^^^^
    |
    = note: inner doc comments like this (starting with `//!` or `/*!`) can only appear before items
help: you might have meant to write a regular comment
    |
114 - //! [`spawn`]: crate::task::spawn()
114 + // [`spawn`]: crate::task::spawn()
    |

error[E0753]: expected outer doc comment
   --> /home/ghuntley/.cargo/registry/src/index.crates.io-1949cf8c6b5b557f/tokio-1.45.1/src/lib.rs:115:1
    |
115 | //! [`JoinHandle`]: crate::task::JoinHandle
    | ^^^^^^^^^^^^^^^^^^^^^^^^^^^^^^^^^^^^^^^^^^^
    |
    = note: inner doc comments like this (starting with `//!` or `/*!`) can only appear before items
help: you might have meant to write a regular comment
    |
115 - //! [`JoinHandle`]: crate::task::JoinHandle
115 + // [`JoinHandle`]: crate::task::JoinHandle
    |

error[E0753]: expected outer doc comment
   --> /home/ghuntley/.cargo/registry/src/index.crates.io-1949cf8c6b5b557f/tokio-1.45.1/src/lib.rs:116:1
    |
116 | //! [blocking]: task/index.html#blocking-and-yielding
    | ^^^^^^^^^^^^^^^^^^^^^^^^^^^^^^^^^^^^^^^^^^^^^^^^^^^^^
    |
    = note: inner doc comments like this (starting with `//!` or `/*!`) can only appear before items
help: you might have meant to write a regular comment
    |
116 - //! [blocking]: task/index.html#blocking-and-yielding
116 + // [blocking]: task/index.html#blocking-and-yielding
    |

error[E0753]: expected outer doc comment
   --> /home/ghuntley/.cargo/registry/src/index.crates.io-1949cf8c6b5b557f/tokio-1.45.1/src/lib.rs:117:1
    |
117 | //!
    | ^^^
    |
    = note: inner doc comments like this (starting with `//!` or `/*!`) can only appear before items
help: you might have meant to write a regular comment
    |
117 - //!
117 + //
    |

error[E0753]: expected outer doc comment
   --> /home/ghuntley/.cargo/registry/src/index.crates.io-1949cf8c6b5b557f/tokio-1.45.1/src/lib.rs:118:1
    |
118 | //! The [`tokio::sync`] module contains synchronization primitives to use when
    | ^^^^^^^^^^^^^^^^^^^^^^^^^^^^^^^^^^^^^^^^^^^^^^^^^^^^^^^^^^^^^^^^^^^^^^^^^^^^^^
    |
    = note: inner doc comments like this (starting with `//!` or `/*!`) can only appear before items
help: you might have meant to write a regular comment
    |
118 - //! The [`tokio::sync`] module contains synchronization primitives to use when
118 + // The [`tokio::sync`] module contains synchronization primitives to use when
    |

error[E0753]: expected outer doc comment
   --> /home/ghuntley/.cargo/registry/src/index.crates.io-1949cf8c6b5b557f/tokio-1.45.1/src/lib.rs:119:1
    |
119 | //! needing to communicate or share data. These include:
    | ^^^^^^^^^^^^^^^^^^^^^^^^^^^^^^^^^^^^^^^^^^^^^^^^^^^^^^^^
    |
    = note: inner doc comments like this (starting with `//!` or `/*!`) can only appear before items
help: you might have meant to write a regular comment
    |
119 - //! needing to communicate or share data. These include:
119 + // needing to communicate or share data. These include:
    |

error[E0753]: expected outer doc comment
   --> /home/ghuntley/.cargo/registry/src/index.crates.io-1949cf8c6b5b557f/tokio-1.45.1/src/lib.rs:120:1
    |
120 | //!
    | ^^^
    |
    = note: inner doc comments like this (starting with `//!` or `/*!`) can only appear before items
help: you might have meant to write a regular comment
    |
120 - //!
120 + //
    |

error[E0753]: expected outer doc comment
   --> /home/ghuntley/.cargo/registry/src/index.crates.io-1949cf8c6b5b557f/tokio-1.45.1/src/lib.rs:121:1
    |
121 | //! * channels ([`oneshot`], [`mpsc`], [`watch`], and [`broadcast`]), for sending values
    | ^^^^^^^^^^^^^^^^^^^^^^^^^^^^^^^^^^^^^^^^^^^^^^^^^^^^^^^^^^^^^^^^^^^^^^^^^^^^^^^^^^^^^^^^
    |
    = note: inner doc comments like this (starting with `//!` or `/*!`) can only appear before items
help: you might have meant to write a regular comment
    |
121 - //! * channels ([`oneshot`], [`mpsc`], [`watch`], and [`broadcast`]), for sending values
121 + // * channels ([`oneshot`], [`mpsc`], [`watch`], and [`broadcast`]), for sending values
    |

error[E0753]: expected outer doc comment
   --> /home/ghuntley/.cargo/registry/src/index.crates.io-1949cf8c6b5b557f/tokio-1.45.1/src/lib.rs:122:1
    |
122 | //!   between tasks,
    | ^^^^^^^^^^^^^^^^^^^^
    |
    = note: inner doc comments like this (starting with `//!` or `/*!`) can only appear before items
help: you might have meant to write a regular comment
    |
122 - //!   between tasks,
122 + //   between tasks,
    |

error[E0753]: expected outer doc comment
   --> /home/ghuntley/.cargo/registry/src/index.crates.io-1949cf8c6b5b557f/tokio-1.45.1/src/lib.rs:123:1
    |
123 | //! * a non-blocking [`Mutex`], for controlling access to a shared, mutable
    | ^^^^^^^^^^^^^^^^^^^^^^^^^^^^^^^^^^^^^^^^^^^^^^^^^^^^^^^^^^^^^^^^^^^^^^^^^^^
    |
    = note: inner doc comments like this (starting with `//!` or `/*!`) can only appear before items
help: you might have meant to write a regular comment
    |
123 - //! * a non-blocking [`Mutex`], for controlling access to a shared, mutable
123 + // * a non-blocking [`Mutex`], for controlling access to a shared, mutable
    |

error[E0753]: expected outer doc comment
   --> /home/ghuntley/.cargo/registry/src/index.crates.io-1949cf8c6b5b557f/tokio-1.45.1/src/lib.rs:124:1
    |
124 | //!   value,
    | ^^^^^^^^^^^^
    |
    = note: inner doc comments like this (starting with `//!` or `/*!`) can only appear before items
help: you might have meant to write a regular comment
    |
124 - //!   value,
124 + //   value,
    |

error[E0753]: expected outer doc comment
   --> /home/ghuntley/.cargo/registry/src/index.crates.io-1949cf8c6b5b557f/tokio-1.45.1/src/lib.rs:125:1
    |
125 | //! * an asynchronous [`Barrier`] type, for multiple tasks to synchronize before
    | ^^^^^^^^^^^^^^^^^^^^^^^^^^^^^^^^^^^^^^^^^^^^^^^^^^^^^^^^^^^^^^^^^^^^^^^^^^^^^^^^
    |
    = note: inner doc comments like this (starting with `//!` or `/*!`) can only appear before items
help: you might have meant to write a regular comment
    |
125 - //! * an asynchronous [`Barrier`] type, for multiple tasks to synchronize before
125 + // * an asynchronous [`Barrier`] type, for multiple tasks to synchronize before
    |

error[E0753]: expected outer doc comment
   --> /home/ghuntley/.cargo/registry/src/index.crates.io-1949cf8c6b5b557f/tokio-1.45.1/src/lib.rs:126:1
    |
126 | //!   beginning a computation.
    | ^^^^^^^^^^^^^^^^^^^^^^^^^^^^^^
    |
    = note: inner doc comments like this (starting with `//!` or `/*!`) can only appear before items
help: you might have meant to write a regular comment
    |
126 - //!   beginning a computation.
126 + //   beginning a computation.
    |

error[E0753]: expected outer doc comment
   --> /home/ghuntley/.cargo/registry/src/index.crates.io-1949cf8c6b5b557f/tokio-1.45.1/src/lib.rs:127:1
    |
127 | //!
    | ^^^
    |
    = note: inner doc comments like this (starting with `//!` or `/*!`) can only appear before items
help: you might have meant to write a regular comment
    |
127 - //!
127 + //
    |

error[E0753]: expected outer doc comment
   --> /home/ghuntley/.cargo/registry/src/index.crates.io-1949cf8c6b5b557f/tokio-1.45.1/src/lib.rs:128:1
    |
128 | //! The `tokio::sync` module is present only when the "sync" feature flag is
    | ^^^^^^^^^^^^^^^^^^^^^^^^^^^^^^^^^^^^^^^^^^^^^^^^^^^^^^^^^^^^^^^^^^^^^^^^^^^^
    |
    = note: inner doc comments like this (starting with `//!` or `/*!`) can only appear before items
help: you might have meant to write a regular comment
    |
128 - //! The `tokio::sync` module is present only when the "sync" feature flag is
128 + // The `tokio::sync` module is present only when the "sync" feature flag is
    |

error[E0753]: expected outer doc comment
   --> /home/ghuntley/.cargo/registry/src/index.crates.io-1949cf8c6b5b557f/tokio-1.45.1/src/lib.rs:129:1
    |
129 | //! enabled.
    | ^^^^^^^^^^^^
    |
    = note: inner doc comments like this (starting with `//!` or `/*!`) can only appear before items
help: you might have meant to write a regular comment
    |
129 - //! enabled.
129 + // enabled.
    |

error[E0753]: expected outer doc comment
   --> /home/ghuntley/.cargo/registry/src/index.crates.io-1949cf8c6b5b557f/tokio-1.45.1/src/lib.rs:130:1
    |
130 | //!
    | ^^^
    |
    = note: inner doc comments like this (starting with `//!` or `/*!`) can only appear before items
help: you might have meant to write a regular comment
    |
130 - //!
130 + //
    |

error[E0753]: expected outer doc comment
   --> /home/ghuntley/.cargo/registry/src/index.crates.io-1949cf8c6b5b557f/tokio-1.45.1/src/lib.rs:131:1
    |
131 | //! [`tokio::sync`]: crate::sync
    | ^^^^^^^^^^^^^^^^^^^^^^^^^^^^^^^^
    |
    = note: inner doc comments like this (starting with `//!` or `/*!`) can only appear before items
help: you might have meant to write a regular comment
    |
131 - //! [`tokio::sync`]: crate::sync
131 + // [`tokio::sync`]: crate::sync
    |

error[E0753]: expected outer doc comment
   --> /home/ghuntley/.cargo/registry/src/index.crates.io-1949cf8c6b5b557f/tokio-1.45.1/src/lib.rs:132:1
    |
132 | //! [`Mutex`]: crate::sync::Mutex
    | ^^^^^^^^^^^^^^^^^^^^^^^^^^^^^^^^^
    |
    = note: inner doc comments like this (starting with `//!` or `/*!`) can only appear before items
help: you might have meant to write a regular comment
    |
132 - //! [`Mutex`]: crate::sync::Mutex
132 + // [`Mutex`]: crate::sync::Mutex
    |

error[E0753]: expected outer doc comment
   --> /home/ghuntley/.cargo/registry/src/index.crates.io-1949cf8c6b5b557f/tokio-1.45.1/src/lib.rs:133:1
    |
133 | //! [`Barrier`]: crate::sync::Barrier
    | ^^^^^^^^^^^^^^^^^^^^^^^^^^^^^^^^^^^^^
    |
    = note: inner doc comments like this (starting with `//!` or `/*!`) can only appear before items
help: you might have meant to write a regular comment
    |
133 - //! [`Barrier`]: crate::sync::Barrier
133 + // [`Barrier`]: crate::sync::Barrier
    |

error[E0753]: expected outer doc comment
   --> /home/ghuntley/.cargo/registry/src/index.crates.io-1949cf8c6b5b557f/tokio-1.45.1/src/lib.rs:134:1
    |
134 | //! [`oneshot`]: crate::sync::oneshot
    | ^^^^^^^^^^^^^^^^^^^^^^^^^^^^^^^^^^^^^
    |
    = note: inner doc comments like this (starting with `//!` or `/*!`) can only appear before items
help: you might have meant to write a regular comment
    |
134 - //! [`oneshot`]: crate::sync::oneshot
134 + // [`oneshot`]: crate::sync::oneshot
    |

error[E0753]: expected outer doc comment
   --> /home/ghuntley/.cargo/registry/src/index.crates.io-1949cf8c6b5b557f/tokio-1.45.1/src/lib.rs:135:1
    |
135 | //! [`mpsc`]: crate::sync::mpsc
    | ^^^^^^^^^^^^^^^^^^^^^^^^^^^^^^^
    |
    = note: inner doc comments like this (starting with `//!` or `/*!`) can only appear before items
help: you might have meant to write a regular comment
    |
135 - //! [`mpsc`]: crate::sync::mpsc
135 + // [`mpsc`]: crate::sync::mpsc
    |

error[E0753]: expected outer doc comment
   --> /home/ghuntley/.cargo/registry/src/index.crates.io-1949cf8c6b5b557f/tokio-1.45.1/src/lib.rs:136:1
    |
136 | //! [`watch`]: crate::sync::watch
    | ^^^^^^^^^^^^^^^^^^^^^^^^^^^^^^^^^
    |
    = note: inner doc comments like this (starting with `//!` or `/*!`) can only appear before items
help: you might have meant to write a regular comment
    |
136 - //! [`watch`]: crate::sync::watch
136 + // [`watch`]: crate::sync::watch
    |

error[E0753]: expected outer doc comment
   --> /home/ghuntley/.cargo/registry/src/index.crates.io-1949cf8c6b5b557f/tokio-1.45.1/src/lib.rs:137:1
    |
137 | //! [`broadcast`]: crate::sync::broadcast
    | ^^^^^^^^^^^^^^^^^^^^^^^^^^^^^^^^^^^^^^^^^
    |
    = note: inner doc comments like this (starting with `//!` or `/*!`) can only appear before items
help: you might have meant to write a regular comment
    |
137 - //! [`broadcast`]: crate::sync::broadcast
137 + // [`broadcast`]: crate::sync::broadcast
    |

error[E0753]: expected outer doc comment
   --> /home/ghuntley/.cargo/registry/src/index.crates.io-1949cf8c6b5b557f/tokio-1.45.1/src/lib.rs:138:1
    |
138 | //!
    | ^^^
    |
    = note: inner doc comments like this (starting with `//!` or `/*!`) can only appear before items
help: you might have meant to write a regular comment
    |
138 - //!
138 + //
    |

error[E0753]: expected outer doc comment
   --> /home/ghuntley/.cargo/registry/src/index.crates.io-1949cf8c6b5b557f/tokio-1.45.1/src/lib.rs:139:1
    |
139 | //! The [`tokio::time`] module provides utilities for tracking time and
    | ^^^^^^^^^^^^^^^^^^^^^^^^^^^^^^^^^^^^^^^^^^^^^^^^^^^^^^^^^^^^^^^^^^^^^^^
    |
    = note: inner doc comments like this (starting with `//!` or `/*!`) can only appear before items
help: you might have meant to write a regular comment
    |
139 - //! The [`tokio::time`] module provides utilities for tracking time and
139 + // The [`tokio::time`] module provides utilities for tracking time and
    |

error[E0753]: expected outer doc comment
   --> /home/ghuntley/.cargo/registry/src/index.crates.io-1949cf8c6b5b557f/tokio-1.45.1/src/lib.rs:140:1
    |
140 | //! scheduling work. This includes functions for setting [timeouts][timeout] for
    | ^^^^^^^^^^^^^^^^^^^^^^^^^^^^^^^^^^^^^^^^^^^^^^^^^^^^^^^^^^^^^^^^^^^^^^^^^^^^^^^^
    |
    = note: inner doc comments like this (starting with `//!` or `/*!`) can only appear before items
help: you might have meant to write a regular comment
    |
140 - //! scheduling work. This includes functions for setting [timeouts][timeout] for
140 + // scheduling work. This includes functions for setting [timeouts][timeout] for
    |

error[E0753]: expected outer doc comment
   --> /home/ghuntley/.cargo/registry/src/index.crates.io-1949cf8c6b5b557f/tokio-1.45.1/src/lib.rs:141:1
    |
141 | //! tasks, [sleeping][sleep] work to run in the future, or [repeating an operation at an
    | ^^^^^^^^^^^^^^^^^^^^^^^^^^^^^^^^^^^^^^^^^^^^^^^^^^^^^^^^^^^^^^^^^^^^^^^^^^^^^^^^^^^^^^^^
    |
    = note: inner doc comments like this (starting with `//!` or `/*!`) can only appear before items
help: you might have meant to write a regular comment
    |
141 - //! tasks, [sleeping][sleep] work to run in the future, or [repeating an operation at an
141 + // tasks, [sleeping][sleep] work to run in the future, or [repeating an operation at an
    |

error[E0753]: expected outer doc comment
   --> /home/ghuntley/.cargo/registry/src/index.crates.io-1949cf8c6b5b557f/tokio-1.45.1/src/lib.rs:142:1
    |
142 | //! interval][interval].
    | ^^^^^^^^^^^^^^^^^^^^^^^^
    |
    = note: inner doc comments like this (starting with `//!` or `/*!`) can only appear before items
help: you might have meant to write a regular comment
    |
142 - //! interval][interval].
142 + // interval][interval].
    |

error[E0753]: expected outer doc comment
   --> /home/ghuntley/.cargo/registry/src/index.crates.io-1949cf8c6b5b557f/tokio-1.45.1/src/lib.rs:143:1
    |
143 | //!
    | ^^^
    |
    = note: inner doc comments like this (starting with `//!` or `/*!`) can only appear before items
help: you might have meant to write a regular comment
    |
143 - //!
143 + //
    |

error[E0753]: expected outer doc comment
   --> /home/ghuntley/.cargo/registry/src/index.crates.io-1949cf8c6b5b557f/tokio-1.45.1/src/lib.rs:144:1
    |
144 | //! In order to use `tokio::time`, the "time" feature flag must be enabled.
    | ^^^^^^^^^^^^^^^^^^^^^^^^^^^^^^^^^^^^^^^^^^^^^^^^^^^^^^^^^^^^^^^^^^^^^^^^^^^
    |
    = note: inner doc comments like this (starting with `//!` or `/*!`) can only appear before items
help: you might have meant to write a regular comment
    |
144 - //! In order to use `tokio::time`, the "time" feature flag must be enabled.
144 + // In order to use `tokio::time`, the "time" feature flag must be enabled.
    |

error[E0753]: expected outer doc comment
   --> /home/ghuntley/.cargo/registry/src/index.crates.io-1949cf8c6b5b557f/tokio-1.45.1/src/lib.rs:145:1
    |
145 | //!
    | ^^^
    |
    = note: inner doc comments like this (starting with `//!` or `/*!`) can only appear before items
help: you might have meant to write a regular comment
    |
145 - //!
145 + //
    |

error[E0753]: expected outer doc comment
   --> /home/ghuntley/.cargo/registry/src/index.crates.io-1949cf8c6b5b557f/tokio-1.45.1/src/lib.rs:146:1
    |
146 | //! [`tokio::time`]: crate::time
    | ^^^^^^^^^^^^^^^^^^^^^^^^^^^^^^^^
    |
    = note: inner doc comments like this (starting with `//!` or `/*!`) can only appear before items
help: you might have meant to write a regular comment
    |
146 - //! [`tokio::time`]: crate::time
146 + // [`tokio::time`]: crate::time
    |

error[E0753]: expected outer doc comment
   --> /home/ghuntley/.cargo/registry/src/index.crates.io-1949cf8c6b5b557f/tokio-1.45.1/src/lib.rs:147:1
    |
147 | //! [sleep]: crate::time::sleep()
    | ^^^^^^^^^^^^^^^^^^^^^^^^^^^^^^^^^
    |
    = note: inner doc comments like this (starting with `//!` or `/*!`) can only appear before items
help: you might have meant to write a regular comment
    |
147 - //! [sleep]: crate::time::sleep()
147 + // [sleep]: crate::time::sleep()
    |

error[E0753]: expected outer doc comment
   --> /home/ghuntley/.cargo/registry/src/index.crates.io-1949cf8c6b5b557f/tokio-1.45.1/src/lib.rs:148:1
    |
148 | //! [interval]: crate::time::interval()
    | ^^^^^^^^^^^^^^^^^^^^^^^^^^^^^^^^^^^^^^^
    |
    = note: inner doc comments like this (starting with `//!` or `/*!`) can only appear before items
help: you might have meant to write a regular comment
    |
148 - //! [interval]: crate::time::interval()
148 + // [interval]: crate::time::interval()
    |

error[E0753]: expected outer doc comment
   --> /home/ghuntley/.cargo/registry/src/index.crates.io-1949cf8c6b5b557f/tokio-1.45.1/src/lib.rs:149:1
    |
149 | //! [timeout]: crate::time::timeout()
    | ^^^^^^^^^^^^^^^^^^^^^^^^^^^^^^^^^^^^^
    |
    = note: inner doc comments like this (starting with `//!` or `/*!`) can only appear before items
help: you might have meant to write a regular comment
    |
149 - //! [timeout]: crate::time::timeout()
149 + // [timeout]: crate::time::timeout()
    |

error[E0753]: expected outer doc comment
   --> /home/ghuntley/.cargo/registry/src/index.crates.io-1949cf8c6b5b557f/tokio-1.45.1/src/lib.rs:150:1
    |
150 | //!
    | ^^^
    |
    = note: inner doc comments like this (starting with `//!` or `/*!`) can only appear before items
help: you might have meant to write a regular comment
    |
150 - //!
150 + //
    |

error[E0753]: expected outer doc comment
   --> /home/ghuntley/.cargo/registry/src/index.crates.io-1949cf8c6b5b557f/tokio-1.45.1/src/lib.rs:151:1
    |
151 | //! Finally, Tokio provides a _runtime_ for executing asynchronous tasks. Most
    | ^^^^^^^^^^^^^^^^^^^^^^^^^^^^^^^^^^^^^^^^^^^^^^^^^^^^^^^^^^^^^^^^^^^^^^^^^^^^^^
    |
    = note: inner doc comments like this (starting with `//!` or `/*!`) can only appear before items
help: you might have meant to write a regular comment
    |
151 - //! Finally, Tokio provides a _runtime_ for executing asynchronous tasks. Most
151 + // Finally, Tokio provides a _runtime_ for executing asynchronous tasks. Most
    |

error[E0753]: expected outer doc comment
   --> /home/ghuntley/.cargo/registry/src/index.crates.io-1949cf8c6b5b557f/tokio-1.45.1/src/lib.rs:152:1
    |
152 | //! applications can use the [`#[tokio::main]`][main] macro to run their code on the
    | ^^^^^^^^^^^^^^^^^^^^^^^^^^^^^^^^^^^^^^^^^^^^^^^^^^^^^^^^^^^^^^^^^^^^^^^^^^^^^^^^^^^^
    |
    = note: inner doc comments like this (starting with `//!` or `/*!`) can only appear before items
help: you might have meant to write a regular comment
    |
152 - //! applications can use the [`#[tokio::main]`][main] macro to run their code on the
152 + // applications can use the [`#[tokio::main]`][main] macro to run their code on the
    |

error[E0753]: expected outer doc comment
   --> /home/ghuntley/.cargo/registry/src/index.crates.io-1949cf8c6b5b557f/tokio-1.45.1/src/lib.rs:153:1
    |
153 | //! Tokio runtime. However, this macro provides only basic configuration options. As
    | ^^^^^^^^^^^^^^^^^^^^^^^^^^^^^^^^^^^^^^^^^^^^^^^^^^^^^^^^^^^^^^^^^^^^^^^^^^^^^^^^^^^^
    |
    = note: inner doc comments like this (starting with `//!` or `/*!`) can only appear before items
help: you might have meant to write a regular comment
    |
153 - //! Tokio runtime. However, this macro provides only basic configuration options. As
153 + // Tokio runtime. However, this macro provides only basic configuration options. As
    |

error[E0753]: expected outer doc comment
   --> /home/ghuntley/.cargo/registry/src/index.crates.io-1949cf8c6b5b557f/tokio-1.45.1/src/lib.rs:154:1
    |
154 | //! an alternative, the [`tokio::runtime`] module provides more powerful APIs for configuring
    | ^^^^^^^^^^^^^^^^^^^^^^^^^^^^^^^^^^^^^^^^^^^^^^^^^^^^^^^^^^^^^^^^^^^^^^^^^^^^^^^^^^^^^^^^^^^^^
    |
    = note: inner doc comments like this (starting with `//!` or `/*!`) can only appear before items
help: you might have meant to write a regular comment
    |
154 - //! an alternative, the [`tokio::runtime`] module provides more powerful APIs for configuring
154 + // an alternative, the [`tokio::runtime`] module provides more powerful APIs for configuring
    |

error[E0753]: expected outer doc comment
   --> /home/ghuntley/.cargo/registry/src/index.crates.io-1949cf8c6b5b557f/tokio-1.45.1/src/lib.rs:155:1
    |
155 | //! and managing runtimes. You should use that module if the `#[tokio::main]` macro doesn't
    | ^^^^^^^^^^^^^^^^^^^^^^^^^^^^^^^^^^^^^^^^^^^^^^^^^^^^^^^^^^^^^^^^^^^^^^^^^^^^^^^^^^^^^^^^^^^
    |
    = note: inner doc comments like this (starting with `//!` or `/*!`) can only appear before items
help: you might have meant to write a regular comment
    |
155 - //! and managing runtimes. You should use that module if the `#[tokio::main]` macro doesn't
155 + // and managing runtimes. You should use that module if the `#[tokio::main]` macro doesn't
    |

error[E0753]: expected outer doc comment
   --> /home/ghuntley/.cargo/registry/src/index.crates.io-1949cf8c6b5b557f/tokio-1.45.1/src/lib.rs:156:1
    |
156 | //! provide the functionality you need.
    | ^^^^^^^^^^^^^^^^^^^^^^^^^^^^^^^^^^^^^^^
    |
    = note: inner doc comments like this (starting with `//!` or `/*!`) can only appear before items
help: you might have meant to write a regular comment
    |
156 - //! provide the functionality you need.
156 + // provide the functionality you need.
    |

error[E0753]: expected outer doc comment
   --> /home/ghuntley/.cargo/registry/src/index.crates.io-1949cf8c6b5b557f/tokio-1.45.1/src/lib.rs:157:1
    |
157 | //!
    | ^^^
    |
    = note: inner doc comments like this (starting with `//!` or `/*!`) can only appear before items
help: you might have meant to write a regular comment
    |
157 - //!
157 + //
    |

error[E0753]: expected outer doc comment
   --> /home/ghuntley/.cargo/registry/src/index.crates.io-1949cf8c6b5b557f/tokio-1.45.1/src/lib.rs:158:1
    |
158 | //! Using the runtime requires the "rt" or "rt-multi-thread" feature flags, to
    | ^^^^^^^^^^^^^^^^^^^^^^^^^^^^^^^^^^^^^^^^^^^^^^^^^^^^^^^^^^^^^^^^^^^^^^^^^^^^^^
    |
    = note: inner doc comments like this (starting with `//!` or `/*!`) can only appear before items
help: you might have meant to write a regular comment
    |
158 - //! Using the runtime requires the "rt" or "rt-multi-thread" feature flags, to
158 + // Using the runtime requires the "rt" or "rt-multi-thread" feature flags, to
    |

error[E0753]: expected outer doc comment
   --> /home/ghuntley/.cargo/registry/src/index.crates.io-1949cf8c6b5b557f/tokio-1.45.1/src/lib.rs:159:1
    |
159 | //! enable the current-thread [single-threaded scheduler][rt] and the [multi-thread
    | ^^^^^^^^^^^^^^^^^^^^^^^^^^^^^^^^^^^^^^^^^^^^^^^^^^^^^^^^^^^^^^^^^^^^^^^^^^^^^^^^^^^
    |
    = note: inner doc comments like this (starting with `//!` or `/*!`) can only appear before items
help: you might have meant to write a regular comment
    |
159 - //! enable the current-thread [single-threaded scheduler][rt] and the [multi-thread
159 + // enable the current-thread [single-threaded scheduler][rt] and the [multi-thread
    |

error[E0753]: expected outer doc comment
   --> /home/ghuntley/.cargo/registry/src/index.crates.io-1949cf8c6b5b557f/tokio-1.45.1/src/lib.rs:160:1
    |
160 | //! scheduler][rt-multi-thread], respectively. See the [`runtime` module
    | ^^^^^^^^^^^^^^^^^^^^^^^^^^^^^^^^^^^^^^^^^^^^^^^^^^^^^^^^^^^^^^^^^^^^^^^^
    |
    = note: inner doc comments like this (starting with `//!` or `/*!`) can only appear before items
help: you might have meant to write a regular comment
    |
160 - //! scheduler][rt-multi-thread], respectively. See the [`runtime` module
160 + // scheduler][rt-multi-thread], respectively. See the [`runtime` module
    |

error[E0753]: expected outer doc comment
   --> /home/ghuntley/.cargo/registry/src/index.crates.io-1949cf8c6b5b557f/tokio-1.45.1/src/lib.rs:161:1
    |
161 | //! documentation][rt-features] for details. In addition, the "macros" feature
    | ^^^^^^^^^^^^^^^^^^^^^^^^^^^^^^^^^^^^^^^^^^^^^^^^^^^^^^^^^^^^^^^^^^^^^^^^^^^^^^
    |
    = note: inner doc comments like this (starting with `//!` or `/*!`) can only appear before items
help: you might have meant to write a regular comment
    |
161 - //! documentation][rt-features] for details. In addition, the "macros" feature
161 + // documentation][rt-features] for details. In addition, the "macros" feature
    |

error[E0753]: expected outer doc comment
   --> /home/ghuntley/.cargo/registry/src/index.crates.io-1949cf8c6b5b557f/tokio-1.45.1/src/lib.rs:162:1
    |
162 | //! flag enables the `#[tokio::main]` and `#[tokio::test]` attributes.
    | ^^^^^^^^^^^^^^^^^^^^^^^^^^^^^^^^^^^^^^^^^^^^^^^^^^^^^^^^^^^^^^^^^^^^^^
    |
    = note: inner doc comments like this (starting with `//!` or `/*!`) can only appear before items
help: you might have meant to write a regular comment
    |
162 - //! flag enables the `#[tokio::main]` and `#[tokio::test]` attributes.
162 + // flag enables the `#[tokio::main]` and `#[tokio::test]` attributes.
    |

error[E0753]: expected outer doc comment
   --> /home/ghuntley/.cargo/registry/src/index.crates.io-1949cf8c6b5b557f/tokio-1.45.1/src/lib.rs:163:1
    |
163 | //!
    | ^^^
    |
    = note: inner doc comments like this (starting with `//!` or `/*!`) can only appear before items
help: you might have meant to write a regular comment
    |
163 - //!
163 + //
    |

error[E0753]: expected outer doc comment
   --> /home/ghuntley/.cargo/registry/src/index.crates.io-1949cf8c6b5b557f/tokio-1.45.1/src/lib.rs:164:1
    |
164 | //! [main]: attr.main.html
    | ^^^^^^^^^^^^^^^^^^^^^^^^^^
    |
    = note: inner doc comments like this (starting with `//!` or `/*!`) can only appear before items
help: you might have meant to write a regular comment
    |
164 - //! [main]: attr.main.html
164 + // [main]: attr.main.html
    |

error[E0753]: expected outer doc comment
   --> /home/ghuntley/.cargo/registry/src/index.crates.io-1949cf8c6b5b557f/tokio-1.45.1/src/lib.rs:165:1
    |
165 | //! [`tokio::runtime`]: crate::runtime
    | ^^^^^^^^^^^^^^^^^^^^^^^^^^^^^^^^^^^^^^
    |
    = note: inner doc comments like this (starting with `//!` or `/*!`) can only appear before items
help: you might have meant to write a regular comment
    |
165 - //! [`tokio::runtime`]: crate::runtime
165 + // [`tokio::runtime`]: crate::runtime
    |

error[E0753]: expected outer doc comment
   --> /home/ghuntley/.cargo/registry/src/index.crates.io-1949cf8c6b5b557f/tokio-1.45.1/src/lib.rs:166:1
    |
166 | //! [`Builder`]: crate::runtime::Builder
    | ^^^^^^^^^^^^^^^^^^^^^^^^^^^^^^^^^^^^^^^^
    |
    = note: inner doc comments like this (starting with `//!` or `/*!`) can only appear before items
help: you might have meant to write a regular comment
    |
166 - //! [`Builder`]: crate::runtime::Builder
166 + // [`Builder`]: crate::runtime::Builder
    |

error[E0753]: expected outer doc comment
   --> /home/ghuntley/.cargo/registry/src/index.crates.io-1949cf8c6b5b557f/tokio-1.45.1/src/lib.rs:167:1
    |
167 | //! [`Runtime`]: crate::runtime::Runtime
    | ^^^^^^^^^^^^^^^^^^^^^^^^^^^^^^^^^^^^^^^^
    |
    = note: inner doc comments like this (starting with `//!` or `/*!`) can only appear before items
help: you might have meant to write a regular comment
    |
167 - //! [`Runtime`]: crate::runtime::Runtime
167 + // [`Runtime`]: crate::runtime::Runtime
    |

error[E0753]: expected outer doc comment
   --> /home/ghuntley/.cargo/registry/src/index.crates.io-1949cf8c6b5b557f/tokio-1.45.1/src/lib.rs:168:1
    |
168 | //! [rt]: runtime/index.html#current-thread-scheduler
    | ^^^^^^^^^^^^^^^^^^^^^^^^^^^^^^^^^^^^^^^^^^^^^^^^^^^^^
    |
    = note: inner doc comments like this (starting with `//!` or `/*!`) can only appear before items
help: you might have meant to write a regular comment
    |
168 - //! [rt]: runtime/index.html#current-thread-scheduler
168 + // [rt]: runtime/index.html#current-thread-scheduler
    |

error[E0753]: expected outer doc comment
   --> /home/ghuntley/.cargo/registry/src/index.crates.io-1949cf8c6b5b557f/tokio-1.45.1/src/lib.rs:169:1
    |
169 | //! [rt-multi-thread]: runtime/index.html#multi-thread-scheduler
    | ^^^^^^^^^^^^^^^^^^^^^^^^^^^^^^^^^^^^^^^^^^^^^^^^^^^^^^^^^^^^^^^^
    |
    = note: inner doc comments like this (starting with `//!` or `/*!`) can only appear before items
help: you might have meant to write a regular comment
    |
169 - //! [rt-multi-thread]: runtime/index.html#multi-thread-scheduler
169 + // [rt-multi-thread]: runtime/index.html#multi-thread-scheduler
    |

error[E0753]: expected outer doc comment
   --> /home/ghuntley/.cargo/registry/src/index.crates.io-1949cf8c6b5b557f/tokio-1.45.1/src/lib.rs:170:1
    |
170 | //! [rt-features]: runtime/index.html#runtime-scheduler
    | ^^^^^^^^^^^^^^^^^^^^^^^^^^^^^^^^^^^^^^^^^^^^^^^^^^^^^^^
    |
    = note: inner doc comments like this (starting with `//!` or `/*!`) can only appear before items
help: you might have meant to write a regular comment
    |
170 - //! [rt-features]: runtime/index.html#runtime-scheduler
170 + // [rt-features]: runtime/index.html#runtime-scheduler
    |

error[E0753]: expected outer doc comment
   --> /home/ghuntley/.cargo/registry/src/index.crates.io-1949cf8c6b5b557f/tokio-1.45.1/src/lib.rs:171:1
    |
171 | //!
    | ^^^
    |
    = note: inner doc comments like this (starting with `//!` or `/*!`) can only appear before items
help: you might have meant to write a regular comment
    |
171 - //!
171 + //
    |

error[E0753]: expected outer doc comment
   --> /home/ghuntley/.cargo/registry/src/index.crates.io-1949cf8c6b5b557f/tokio-1.45.1/src/lib.rs:172:1
    |
172 | //! ## CPU-bound tasks and blocking code
    | ^^^^^^^^^^^^^^^^^^^^^^^^^^^^^^^^^^^^^^^^
    |
    = note: inner doc comments like this (starting with `//!` or `/*!`) can only appear before items
help: you might have meant to write a regular comment
    |
172 - //! ## CPU-bound tasks and blocking code
172 + // ## CPU-bound tasks and blocking code
    |

error[E0753]: expected outer doc comment
   --> /home/ghuntley/.cargo/registry/src/index.crates.io-1949cf8c6b5b557f/tokio-1.45.1/src/lib.rs:173:1
    |
173 | //!
    | ^^^
    |
    = note: inner doc comments like this (starting with `//!` or `/*!`) can only appear before items
help: you might have meant to write a regular comment
    |
173 - //!
173 + //
    |

error[E0753]: expected outer doc comment
   --> /home/ghuntley/.cargo/registry/src/index.crates.io-1949cf8c6b5b557f/tokio-1.45.1/src/lib.rs:174:1
    |
174 | //! Tokio is able to concurrently run many tasks on a few threads by repeatedly
    | ^^^^^^^^^^^^^^^^^^^^^^^^^^^^^^^^^^^^^^^^^^^^^^^^^^^^^^^^^^^^^^^^^^^^^^^^^^^^^^^
    |
    = note: inner doc comments like this (starting with `//!` or `/*!`) can only appear before items
help: you might have meant to write a regular comment
    |
174 - //! Tokio is able to concurrently run many tasks on a few threads by repeatedly
174 + // Tokio is able to concurrently run many tasks on a few threads by repeatedly
    |

error[E0753]: expected outer doc comment
   --> /home/ghuntley/.cargo/registry/src/index.crates.io-1949cf8c6b5b557f/tokio-1.45.1/src/lib.rs:175:1
    |
175 | //! swapping the currently running task on each thread. However, this kind of
    | ^^^^^^^^^^^^^^^^^^^^^^^^^^^^^^^^^^^^^^^^^^^^^^^^^^^^^^^^^^^^^^^^^^^^^^^^^^^^^
    |
    = note: inner doc comments like this (starting with `//!` or `/*!`) can only appear before items
help: you might have meant to write a regular comment
    |
175 - //! swapping the currently running task on each thread. However, this kind of
175 + // swapping the currently running task on each thread. However, this kind of
    |

error[E0753]: expected outer doc comment
   --> /home/ghuntley/.cargo/registry/src/index.crates.io-1949cf8c6b5b557f/tokio-1.45.1/src/lib.rs:176:1
    |
176 | //! swapping can only happen at `.await` points, so code that spends a long time
    | ^^^^^^^^^^^^^^^^^^^^^^^^^^^^^^^^^^^^^^^^^^^^^^^^^^^^^^^^^^^^^^^^^^^^^^^^^^^^^^^^
    |
    = note: inner doc comments like this (starting with `//!` or `/*!`) can only appear before items
help: you might have meant to write a regular comment
    |
176 - //! swapping can only happen at `.await` points, so code that spends a long time
176 + // swapping can only happen at `.await` points, so code that spends a long time
    |

error[E0753]: expected outer doc comment
   --> /home/ghuntley/.cargo/registry/src/index.crates.io-1949cf8c6b5b557f/tokio-1.45.1/src/lib.rs:177:1
    |
177 | //! without reaching an `.await` will prevent other tasks from running. To
    | ^^^^^^^^^^^^^^^^^^^^^^^^^^^^^^^^^^^^^^^^^^^^^^^^^^^^^^^^^^^^^^^^^^^^^^^^^^
    |
    = note: inner doc comments like this (starting with `//!` or `/*!`) can only appear before items
help: you might have meant to write a regular comment
    |
177 - //! without reaching an `.await` will prevent other tasks from running. To
177 + // without reaching an `.await` will prevent other tasks from running. To
    |

error[E0753]: expected outer doc comment
   --> /home/ghuntley/.cargo/registry/src/index.crates.io-1949cf8c6b5b557f/tokio-1.45.1/src/lib.rs:178:1
    |
178 | //! combat this, Tokio provides two kinds of threads: Core threads and blocking threads.
    | ^^^^^^^^^^^^^^^^^^^^^^^^^^^^^^^^^^^^^^^^^^^^^^^^^^^^^^^^^^^^^^^^^^^^^^^^^^^^^^^^^^^^^^^^
    |
    = note: inner doc comments like this (starting with `//!` or `/*!`) can only appear before items
help: you might have meant to write a regular comment
    |
178 - //! combat this, Tokio provides two kinds of threads: Core threads and blocking threads.
178 + // combat this, Tokio provides two kinds of threads: Core threads and blocking threads.
    |

error[E0753]: expected outer doc comment
   --> /home/ghuntley/.cargo/registry/src/index.crates.io-1949cf8c6b5b557f/tokio-1.45.1/src/lib.rs:179:1
    |
179 | //!
    | ^^^
    |
    = note: inner doc comments like this (starting with `//!` or `/*!`) can only appear before items
help: you might have meant to write a regular comment
    |
179 - //!
179 + //
    |

error[E0753]: expected outer doc comment
   --> /home/ghuntley/.cargo/registry/src/index.crates.io-1949cf8c6b5b557f/tokio-1.45.1/src/lib.rs:180:1
    |
180 | //! The core threads are where all asynchronous code runs, and Tokio will by default
    | ^^^^^^^^^^^^^^^^^^^^^^^^^^^^^^^^^^^^^^^^^^^^^^^^^^^^^^^^^^^^^^^^^^^^^^^^^^^^^^^^^^^^
    |
    = note: inner doc comments like this (starting with `//!` or `/*!`) can only appear before items
help: you might have meant to write a regular comment
    |
180 - //! The core threads are where all asynchronous code runs, and Tokio will by default
180 + // The core threads are where all asynchronous code runs, and Tokio will by default
    |

error[E0753]: expected outer doc comment
   --> /home/ghuntley/.cargo/registry/src/index.crates.io-1949cf8c6b5b557f/tokio-1.45.1/src/lib.rs:181:1
    |
181 | //! spawn one for each CPU core. You can use the environment variable `TOKIO_WORKER_THREADS`
    | ^^^^^^^^^^^^^^^^^^^^^^^^^^^^^^^^^^^^^^^^^^^^^^^^^^^^^^^^^^^^^^^^^^^^^^^^^^^^^^^^^^^^^^^^^^^^
    |
    = note: inner doc comments like this (starting with `//!` or `/*!`) can only appear before items
help: you might have meant to write a regular comment
    |
181 - //! spawn one for each CPU core. You can use the environment variable `TOKIO_WORKER_THREADS`
181 + // spawn one for each CPU core. You can use the environment variable `TOKIO_WORKER_THREADS`
    |

error[E0753]: expected outer doc comment
   --> /home/ghuntley/.cargo/registry/src/index.crates.io-1949cf8c6b5b557f/tokio-1.45.1/src/lib.rs:182:1
    |
182 | //! to override the default value.
    | ^^^^^^^^^^^^^^^^^^^^^^^^^^^^^^^^^^
    |
    = note: inner doc comments like this (starting with `//!` or `/*!`) can only appear before items
help: you might have meant to write a regular comment
    |
182 - //! to override the default value.
182 + // to override the default value.
    |

error[E0753]: expected outer doc comment
   --> /home/ghuntley/.cargo/registry/src/index.crates.io-1949cf8c6b5b557f/tokio-1.45.1/src/lib.rs:183:1
    |
183 | //!
    | ^^^
    |
    = note: inner doc comments like this (starting with `//!` or `/*!`) can only appear before items
help: you might have meant to write a regular comment
    |
183 - //!
183 + //
    |

error[E0753]: expected outer doc comment
   --> /home/ghuntley/.cargo/registry/src/index.crates.io-1949cf8c6b5b557f/tokio-1.45.1/src/lib.rs:184:1
    |
184 | //! The blocking threads are spawned on demand, can be used to run blocking code
    | ^^^^^^^^^^^^^^^^^^^^^^^^^^^^^^^^^^^^^^^^^^^^^^^^^^^^^^^^^^^^^^^^^^^^^^^^^^^^^^^^
    |
    = note: inner doc comments like this (starting with `//!` or `/*!`) can only appear before items
help: you might have meant to write a regular comment
    |
184 - //! The blocking threads are spawned on demand, can be used to run blocking code
184 + // The blocking threads are spawned on demand, can be used to run blocking code
    |

error[E0753]: expected outer doc comment
   --> /home/ghuntley/.cargo/registry/src/index.crates.io-1949cf8c6b5b557f/tokio-1.45.1/src/lib.rs:185:1
    |
185 | //! that would otherwise block other tasks from running and are kept alive when
    | ^^^^^^^^^^^^^^^^^^^^^^^^^^^^^^^^^^^^^^^^^^^^^^^^^^^^^^^^^^^^^^^^^^^^^^^^^^^^^^^
    |
    = note: inner doc comments like this (starting with `//!` or `/*!`) can only appear before items
help: you might have meant to write a regular comment
    |
185 - //! that would otherwise block other tasks from running and are kept alive when
185 + // that would otherwise block other tasks from running and are kept alive when
    |

error[E0753]: expected outer doc comment
   --> /home/ghuntley/.cargo/registry/src/index.crates.io-1949cf8c6b5b557f/tokio-1.45.1/src/lib.rs:186:1
    |
186 | //! not used for a certain amount of time which can be configured with [`thread_keep_alive`].
    | ^^^^^^^^^^^^^^^^^^^^^^^^^^^^^^^^^^^^^^^^^^^^^^^^^^^^^^^^^^^^^^^^^^^^^^^^^^^^^^^^^^^^^^^^^^^^^
    |
    = note: inner doc comments like this (starting with `//!` or `/*!`) can only appear before items
help: you might have meant to write a regular comment
    |
186 - //! not used for a certain amount of time which can be configured with [`thread_keep_alive`].
186 + // not used for a certain amount of time which can be configured with [`thread_keep_alive`].
    |

error[E0753]: expected outer doc comment
   --> /home/ghuntley/.cargo/registry/src/index.crates.io-1949cf8c6b5b557f/tokio-1.45.1/src/lib.rs:187:1
    |
187 | //! Since it is not possible for Tokio to swap out blocking tasks, like it
    | ^^^^^^^^^^^^^^^^^^^^^^^^^^^^^^^^^^^^^^^^^^^^^^^^^^^^^^^^^^^^^^^^^^^^^^^^^^
    |
    = note: inner doc comments like this (starting with `//!` or `/*!`) can only appear before items
help: you might have meant to write a regular comment
    |
187 - //! Since it is not possible for Tokio to swap out blocking tasks, like it
187 + // Since it is not possible for Tokio to swap out blocking tasks, like it
    |

error[E0753]: expected outer doc comment
   --> /home/ghuntley/.cargo/registry/src/index.crates.io-1949cf8c6b5b557f/tokio-1.45.1/src/lib.rs:188:1
    |
188 | //! can do with asynchronous code, the upper limit on the number of blocking
    | ^^^^^^^^^^^^^^^^^^^^^^^^^^^^^^^^^^^^^^^^^^^^^^^^^^^^^^^^^^^^^^^^^^^^^^^^^^^^
    |
    = note: inner doc comments like this (starting with `//!` or `/*!`) can only appear before items
help: you might have meant to write a regular comment
    |
188 - //! can do with asynchronous code, the upper limit on the number of blocking
188 + // can do with asynchronous code, the upper limit on the number of blocking
    |

error[E0753]: expected outer doc comment
   --> /home/ghuntley/.cargo/registry/src/index.crates.io-1949cf8c6b5b557f/tokio-1.45.1/src/lib.rs:189:1
    |
189 | //! threads is very large. These limits can be configured on the [`Builder`].
    | ^^^^^^^^^^^^^^^^^^^^^^^^^^^^^^^^^^^^^^^^^^^^^^^^^^^^^^^^^^^^^^^^^^^^^^^^^^^^^
    |
    = note: inner doc comments like this (starting with `//!` or `/*!`) can only appear before items
help: you might have meant to write a regular comment
    |
189 - //! threads is very large. These limits can be configured on the [`Builder`].
189 + // threads is very large. These limits can be configured on the [`Builder`].
    |

error[E0753]: expected outer doc comment
   --> /home/ghuntley/.cargo/registry/src/index.crates.io-1949cf8c6b5b557f/tokio-1.45.1/src/lib.rs:190:1
    |
190 | //!
    | ^^^
    |
    = note: inner doc comments like this (starting with `//!` or `/*!`) can only appear before items
help: you might have meant to write a regular comment
    |
190 - //!
190 + //
    |

error[E0753]: expected outer doc comment
   --> /home/ghuntley/.cargo/registry/src/index.crates.io-1949cf8c6b5b557f/tokio-1.45.1/src/lib.rs:191:1
    |
191 | //! To spawn a blocking task, you should use the [`spawn_blocking`] function.
    | ^^^^^^^^^^^^^^^^^^^^^^^^^^^^^^^^^^^^^^^^^^^^^^^^^^^^^^^^^^^^^^^^^^^^^^^^^^^^^
    |
    = note: inner doc comments like this (starting with `//!` or `/*!`) can only appear before items
help: you might have meant to write a regular comment
    |
191 - //! To spawn a blocking task, you should use the [`spawn_blocking`] function.
191 + // To spawn a blocking task, you should use the [`spawn_blocking`] function.
    |

error[E0753]: expected outer doc comment
   --> /home/ghuntley/.cargo/registry/src/index.crates.io-1949cf8c6b5b557f/tokio-1.45.1/src/lib.rs:192:1
    |
192 | //!
    | ^^^
    |
    = note: inner doc comments like this (starting with `//!` or `/*!`) can only appear before items
help: you might have meant to write a regular comment
    |
192 - //!
192 + //
    |

error[E0753]: expected outer doc comment
   --> /home/ghuntley/.cargo/registry/src/index.crates.io-1949cf8c6b5b557f/tokio-1.45.1/src/lib.rs:193:1
    |
193 | //! [`Builder`]: crate::runtime::Builder
    | ^^^^^^^^^^^^^^^^^^^^^^^^^^^^^^^^^^^^^^^^
    |
    = note: inner doc comments like this (starting with `//!` or `/*!`) can only appear before items
help: you might have meant to write a regular comment
    |
193 - //! [`Builder`]: crate::runtime::Builder
193 + // [`Builder`]: crate::runtime::Builder
    |

error[E0753]: expected outer doc comment
   --> /home/ghuntley/.cargo/registry/src/index.crates.io-1949cf8c6b5b557f/tokio-1.45.1/src/lib.rs:194:1
    |
194 | //! [`spawn_blocking`]: crate::task::spawn_blocking()
    | ^^^^^^^^^^^^^^^^^^^^^^^^^^^^^^^^^^^^^^^^^^^^^^^^^^^^^
    |
    = note: inner doc comments like this (starting with `//!` or `/*!`) can only appear before items
help: you might have meant to write a regular comment
    |
194 - //! [`spawn_blocking`]: crate::task::spawn_blocking()
194 + // [`spawn_blocking`]: crate::task::spawn_blocking()
    |

error[E0753]: expected outer doc comment
   --> /home/ghuntley/.cargo/registry/src/index.crates.io-1949cf8c6b5b557f/tokio-1.45.1/src/lib.rs:195:1
    |
195 | //! [`thread_keep_alive`]: crate::runtime::Builder::thread_keep_alive()
    | ^^^^^^^^^^^^^^^^^^^^^^^^^^^^^^^^^^^^^^^^^^^^^^^^^^^^^^^^^^^^^^^^^^^^^^^
    |
    = note: inner doc comments like this (starting with `//!` or `/*!`) can only appear before items
help: you might have meant to write a regular comment
    |
195 - //! [`thread_keep_alive`]: crate::runtime::Builder::thread_keep_alive()
195 + // [`thread_keep_alive`]: crate::runtime::Builder::thread_keep_alive()
    |

error[E0753]: expected outer doc comment
   --> /home/ghuntley/.cargo/registry/src/index.crates.io-1949cf8c6b5b557f/tokio-1.45.1/src/lib.rs:196:1
    |
196 | //!
    | ^^^
    |
    = note: inner doc comments like this (starting with `//!` or `/*!`) can only appear before items
help: you might have meant to write a regular comment
    |
196 - //!
196 + //
    |

error[E0753]: expected outer doc comment
   --> /home/ghuntley/.cargo/registry/src/index.crates.io-1949cf8c6b5b557f/tokio-1.45.1/src/lib.rs:197:1
    |
197 | //! ```
    | ^^^^^^^
    |
    = note: inner doc comments like this (starting with `//!` or `/*!`) can only appear before items
help: you might have meant to write a regular comment
    |
197 - //! ```
197 + // ```
    |

error[E0753]: expected outer doc comment
   --> /home/ghuntley/.cargo/registry/src/index.crates.io-1949cf8c6b5b557f/tokio-1.45.1/src/lib.rs:198:1
    |
198 | //! #[tokio::main]
    | ^^^^^^^^^^^^^^^^^^
    |
    = note: inner doc comments like this (starting with `//!` or `/*!`) can only appear before items
help: you might have meant to write a regular comment
    |
198 - //! #[tokio::main]
198 + // #[tokio::main]
    |

error[E0753]: expected outer doc comment
   --> /home/ghuntley/.cargo/registry/src/index.crates.io-1949cf8c6b5b557f/tokio-1.45.1/src/lib.rs:199:1
    |
199 | //! async fn main() {
    | ^^^^^^^^^^^^^^^^^^^^^
    |
    = note: inner doc comments like this (starting with `//!` or `/*!`) can only appear before items
help: you might have meant to write a regular comment
    |
199 - //! async fn main() {
199 + // async fn main() {
    |

error[E0753]: expected outer doc comment
   --> /home/ghuntley/.cargo/registry/src/index.crates.io-1949cf8c6b5b557f/tokio-1.45.1/src/lib.rs:200:1
    |
200 | //!     // This is running on a core thread.
    | ^^^^^^^^^^^^^^^^^^^^^^^^^^^^^^^^^^^^^^^^^^^^
    |
    = note: inner doc comments like this (starting with `//!` or `/*!`) can only appear before items
help: you might have meant to write a regular comment
    |
200 - //!     // This is running on a core thread.
200 + //     // This is running on a core thread.
    |

error[E0753]: expected outer doc comment
   --> /home/ghuntley/.cargo/registry/src/index.crates.io-1949cf8c6b5b557f/tokio-1.45.1/src/lib.rs:201:1
    |
201 | //!
    | ^^^
    |
    = note: inner doc comments like this (starting with `//!` or `/*!`) can only appear before items
help: you might have meant to write a regular comment
    |
201 - //!
201 + //
    |

error[E0753]: expected outer doc comment
   --> /home/ghuntley/.cargo/registry/src/index.crates.io-1949cf8c6b5b557f/tokio-1.45.1/src/lib.rs:202:1
    |
202 | //!     let blocking_task = tokio::task::spawn_blocking(|| {
    | ^^^^^^^^^^^^^^^^^^^^^^^^^^^^^^^^^^^^^^^^^^^^^^^^^^^^^^^^^^^^
    |
    = note: inner doc comments like this (starting with `//!` or `/*!`) can only appear before items
help: you might have meant to write a regular comment
    |
202 - //!     let blocking_task = tokio::task::spawn_blocking(|| {
202 + //     let blocking_task = tokio::task::spawn_blocking(|| {
    |

error[E0753]: expected outer doc comment
   --> /home/ghuntley/.cargo/registry/src/index.crates.io-1949cf8c6b5b557f/tokio-1.45.1/src/lib.rs:203:1
    |
203 | //!         // This is running on a blocking thread.
    | ^^^^^^^^^^^^^^^^^^^^^^^^^^^^^^^^^^^^^^^^^^^^^^^^^^^^
    |
    = note: inner doc comments like this (starting with `//!` or `/*!`) can only appear before items
help: you might have meant to write a regular comment
    |
203 - //!         // This is running on a blocking thread.
203 + //         // This is running on a blocking thread.
    |

error[E0753]: expected outer doc comment
   --> /home/ghuntley/.cargo/registry/src/index.crates.io-1949cf8c6b5b557f/tokio-1.45.1/src/lib.rs:204:1
    |
204 | //!         // Blocking here is ok.
    | ^^^^^^^^^^^^^^^^^^^^^^^^^^^^^^^^^^^
    |
    = note: inner doc comments like this (starting with `//!` or `/*!`) can only appear before items
help: you might have meant to write a regular comment
    |
204 - //!         // Blocking here is ok.
204 + //         // Blocking here is ok.
    |

error[E0753]: expected outer doc comment
   --> /home/ghuntley/.cargo/registry/src/index.crates.io-1949cf8c6b5b557f/tokio-1.45.1/src/lib.rs:205:1
    |
205 | //!     });
    | ^^^^^^^^^^^
    |
    = note: inner doc comments like this (starting with `//!` or `/*!`) can only appear before items
help: you might have meant to write a regular comment
    |
205 - //!     });
205 + //     });
    |

error[E0753]: expected outer doc comment
   --> /home/ghuntley/.cargo/registry/src/index.crates.io-1949cf8c6b5b557f/tokio-1.45.1/src/lib.rs:206:1
    |
206 | //!
    | ^^^
    |
    = note: inner doc comments like this (starting with `//!` or `/*!`) can only appear before items
help: you might have meant to write a regular comment
    |
206 - //!
206 + //
    |

error[E0753]: expected outer doc comment
   --> /home/ghuntley/.cargo/registry/src/index.crates.io-1949cf8c6b5b557f/tokio-1.45.1/src/lib.rs:207:1
    |
207 | //!     // We can wait for the blocking task like this:
    | ^^^^^^^^^^^^^^^^^^^^^^^^^^^^^^^^^^^^^^^^^^^^^^^^^^^^^^^
    |
    = note: inner doc comments like this (starting with `//!` or `/*!`) can only appear before items
help: you might have meant to write a regular comment
    |
207 - //!     // We can wait for the blocking task like this:
207 + //     // We can wait for the blocking task like this:
    |

error[E0753]: expected outer doc comment
   --> /home/ghuntley/.cargo/registry/src/index.crates.io-1949cf8c6b5b557f/tokio-1.45.1/src/lib.rs:208:1
    |
208 | //!     // If the blocking task panics, the unwrap below will propagate the
    | ^^^^^^^^^^^^^^^^^^^^^^^^^^^^^^^^^^^^^^^^^^^^^^^^^^^^^^^^^^^^^^^^^^^^^^^^^^^
    |
    = note: inner doc comments like this (starting with `//!` or `/*!`) can only appear before items
help: you might have meant to write a regular comment
    |
208 - //!     // If the blocking task panics, the unwrap below will propagate the
208 + //     // If the blocking task panics, the unwrap below will propagate the
    |

error[E0753]: expected outer doc comment
   --> /home/ghuntley/.cargo/registry/src/index.crates.io-1949cf8c6b5b557f/tokio-1.45.1/src/lib.rs:209:1
    |
209 | //!     // panic.
    | ^^^^^^^^^^^^^^^^^
    |
    = note: inner doc comments like this (starting with `//!` or `/*!`) can only appear before items
help: you might have meant to write a regular comment
    |
209 - //!     // panic.
209 + //     // panic.
    |

error[E0753]: expected outer doc comment
   --> /home/ghuntley/.cargo/registry/src/index.crates.io-1949cf8c6b5b557f/tokio-1.45.1/src/lib.rs:210:1
    |
210 | //!     blocking_task.await.unwrap();
    | ^^^^^^^^^^^^^^^^^^^^^^^^^^^^^^^^^^^^^
    |
    = note: inner doc comments like this (starting with `//!` or `/*!`) can only appear before items
help: you might have meant to write a regular comment
    |
210 - //!     blocking_task.await.unwrap();
210 + //     blocking_task.await.unwrap();
    |

error[E0753]: expected outer doc comment
   --> /home/ghuntley/.cargo/registry/src/index.crates.io-1949cf8c6b5b557f/tokio-1.45.1/src/lib.rs:211:1
    |
211 | //! }
    | ^^^^^
    |
    = note: inner doc comments like this (starting with `//!` or `/*!`) can only appear before items
help: you might have meant to write a regular comment
    |
211 - //! }
211 + // }
    |

error[E0753]: expected outer doc comment
   --> /home/ghuntley/.cargo/registry/src/index.crates.io-1949cf8c6b5b557f/tokio-1.45.1/src/lib.rs:212:1
    |
212 | //! ```
    | ^^^^^^^
    |
    = note: inner doc comments like this (starting with `//!` or `/*!`) can only appear before items
help: you might have meant to write a regular comment
    |
212 - //! ```
212 + // ```
    |

error[E0753]: expected outer doc comment
   --> /home/ghuntley/.cargo/registry/src/index.crates.io-1949cf8c6b5b557f/tokio-1.45.1/src/lib.rs:213:1
    |
213 | //!
    | ^^^
    |
    = note: inner doc comments like this (starting with `//!` or `/*!`) can only appear before items
help: you might have meant to write a regular comment
    |
213 - //!
213 + //
    |

error[E0753]: expected outer doc comment
   --> /home/ghuntley/.cargo/registry/src/index.crates.io-1949cf8c6b5b557f/tokio-1.45.1/src/lib.rs:214:1
    |
214 | //! If your code is CPU-bound and you wish to limit the number of threads used
    | ^^^^^^^^^^^^^^^^^^^^^^^^^^^^^^^^^^^^^^^^^^^^^^^^^^^^^^^^^^^^^^^^^^^^^^^^^^^^^^
    |
    = note: inner doc comments like this (starting with `//!` or `/*!`) can only appear before items
help: you might have meant to write a regular comment
    |
214 - //! If your code is CPU-bound and you wish to limit the number of threads used
214 + // If your code is CPU-bound and you wish to limit the number of threads used
    |

error[E0753]: expected outer doc comment
   --> /home/ghuntley/.cargo/registry/src/index.crates.io-1949cf8c6b5b557f/tokio-1.45.1/src/lib.rs:215:1
    |
215 | //! to run it, you should use a separate thread pool dedicated to CPU bound tasks.
    | ^^^^^^^^^^^^^^^^^^^^^^^^^^^^^^^^^^^^^^^^^^^^^^^^^^^^^^^^^^^^^^^^^^^^^^^^^^^^^^^^^^
    |
    = note: inner doc comments like this (starting with `//!` or `/*!`) can only appear before items
help: you might have meant to write a regular comment
    |
215 - //! to run it, you should use a separate thread pool dedicated to CPU bound tasks.
215 + // to run it, you should use a separate thread pool dedicated to CPU bound tasks.
    |

error[E0753]: expected outer doc comment
   --> /home/ghuntley/.cargo/registry/src/index.crates.io-1949cf8c6b5b557f/tokio-1.45.1/src/lib.rs:216:1
    |
216 | //! For example, you could consider using the [rayon] library for CPU-bound
    | ^^^^^^^^^^^^^^^^^^^^^^^^^^^^^^^^^^^^^^^^^^^^^^^^^^^^^^^^^^^^^^^^^^^^^^^^^^^
    |
    = note: inner doc comments like this (starting with `//!` or `/*!`) can only appear before items
help: you might have meant to write a regular comment
    |
216 - //! For example, you could consider using the [rayon] library for CPU-bound
216 + // For example, you could consider using the [rayon] library for CPU-bound
    |

error[E0753]: expected outer doc comment
   --> /home/ghuntley/.cargo/registry/src/index.crates.io-1949cf8c6b5b557f/tokio-1.45.1/src/lib.rs:217:1
    |
217 | //! tasks. It is also possible to create an extra Tokio runtime dedicated to
    | ^^^^^^^^^^^^^^^^^^^^^^^^^^^^^^^^^^^^^^^^^^^^^^^^^^^^^^^^^^^^^^^^^^^^^^^^^^^^
    |
    = note: inner doc comments like this (starting with `//!` or `/*!`) can only appear before items
help: you might have meant to write a regular comment
    |
217 - //! tasks. It is also possible to create an extra Tokio runtime dedicated to
217 + // tasks. It is also possible to create an extra Tokio runtime dedicated to
    |

error[E0753]: expected outer doc comment
   --> /home/ghuntley/.cargo/registry/src/index.crates.io-1949cf8c6b5b557f/tokio-1.45.1/src/lib.rs:218:1
    |
218 | //! CPU-bound tasks, but if you do this, you should be careful that the extra
    | ^^^^^^^^^^^^^^^^^^^^^^^^^^^^^^^^^^^^^^^^^^^^^^^^^^^^^^^^^^^^^^^^^^^^^^^^^^^^^
    |
    = note: inner doc comments like this (starting with `//!` or `/*!`) can only appear before items
help: you might have meant to write a regular comment
    |
218 - //! CPU-bound tasks, but if you do this, you should be careful that the extra
218 + // CPU-bound tasks, but if you do this, you should be careful that the extra
    |

error[E0753]: expected outer doc comment
   --> /home/ghuntley/.cargo/registry/src/index.crates.io-1949cf8c6b5b557f/tokio-1.45.1/src/lib.rs:219:1
    |
219 | //! runtime runs _only_ CPU-bound tasks, as IO-bound tasks on that runtime
    | ^^^^^^^^^^^^^^^^^^^^^^^^^^^^^^^^^^^^^^^^^^^^^^^^^^^^^^^^^^^^^^^^^^^^^^^^^^
    |
    = note: inner doc comments like this (starting with `//!` or `/*!`) can only appear before items
help: you might have meant to write a regular comment
    |
219 - //! runtime runs _only_ CPU-bound tasks, as IO-bound tasks on that runtime
219 + // runtime runs _only_ CPU-bound tasks, as IO-bound tasks on that runtime
    |

error[E0753]: expected outer doc comment
   --> /home/ghuntley/.cargo/registry/src/index.crates.io-1949cf8c6b5b557f/tokio-1.45.1/src/lib.rs:220:1
    |
220 | //! will behave poorly.
    | ^^^^^^^^^^^^^^^^^^^^^^^
    |
    = note: inner doc comments like this (starting with `//!` or `/*!`) can only appear before items
help: you might have meant to write a regular comment
    |
220 - //! will behave poorly.
220 + // will behave poorly.
    |

error[E0753]: expected outer doc comment
   --> /home/ghuntley/.cargo/registry/src/index.crates.io-1949cf8c6b5b557f/tokio-1.45.1/src/lib.rs:221:1
    |
221 | //!
    | ^^^
    |
    = note: inner doc comments like this (starting with `//!` or `/*!`) can only appear before items
help: you might have meant to write a regular comment
    |
221 - //!
221 + //
    |

error[E0753]: expected outer doc comment
   --> /home/ghuntley/.cargo/registry/src/index.crates.io-1949cf8c6b5b557f/tokio-1.45.1/src/lib.rs:222:1
    |
222 | //! Hint: If using rayon, you can use a [`oneshot`] channel to send the result back
    | ^^^^^^^^^^^^^^^^^^^^^^^^^^^^^^^^^^^^^^^^^^^^^^^^^^^^^^^^^^^^^^^^^^^^^^^^^^^^^^^^^^^
    |
    = note: inner doc comments like this (starting with `//!` or `/*!`) can only appear before items
help: you might have meant to write a regular comment
    |
222 - //! Hint: If using rayon, you can use a [`oneshot`] channel to send the result back
222 + // Hint: If using rayon, you can use a [`oneshot`] channel to send the result back
    |

error[E0753]: expected outer doc comment
   --> /home/ghuntley/.cargo/registry/src/index.crates.io-1949cf8c6b5b557f/tokio-1.45.1/src/lib.rs:223:1
    |
223 | //! to Tokio when the rayon task finishes.
    | ^^^^^^^^^^^^^^^^^^^^^^^^^^^^^^^^^^^^^^^^^^
    |
    = note: inner doc comments like this (starting with `//!` or `/*!`) can only appear before items
help: you might have meant to write a regular comment
    |
223 - //! to Tokio when the rayon task finishes.
223 + // to Tokio when the rayon task finishes.
    |

error[E0753]: expected outer doc comment
   --> /home/ghuntley/.cargo/registry/src/index.crates.io-1949cf8c6b5b557f/tokio-1.45.1/src/lib.rs:224:1
    |
224 | //!
    | ^^^
    |
    = note: inner doc comments like this (starting with `//!` or `/*!`) can only appear before items
help: you might have meant to write a regular comment
    |
224 - //!
224 + //
    |

error[E0753]: expected outer doc comment
   --> /home/ghuntley/.cargo/registry/src/index.crates.io-1949cf8c6b5b557f/tokio-1.45.1/src/lib.rs:225:1
    |
225 | //! [rayon]: https://docs.rs/rayon
    | ^^^^^^^^^^^^^^^^^^^^^^^^^^^^^^^^^^
    |
    = note: inner doc comments like this (starting with `//!` or `/*!`) can only appear before items
help: you might have meant to write a regular comment
    |
225 - //! [rayon]: https://docs.rs/rayon
225 + // [rayon]: https://docs.rs/rayon
    |

error[E0753]: expected outer doc comment
   --> /home/ghuntley/.cargo/registry/src/index.crates.io-1949cf8c6b5b557f/tokio-1.45.1/src/lib.rs:226:1
    |
226 | //! [`oneshot`]: crate::sync::oneshot
    | ^^^^^^^^^^^^^^^^^^^^^^^^^^^^^^^^^^^^^
    |
    = note: inner doc comments like this (starting with `//!` or `/*!`) can only appear before items
help: you might have meant to write a regular comment
    |
226 - //! [`oneshot`]: crate::sync::oneshot
226 + // [`oneshot`]: crate::sync::oneshot
    |

error[E0753]: expected outer doc comment
   --> /home/ghuntley/.cargo/registry/src/index.crates.io-1949cf8c6b5b557f/tokio-1.45.1/src/lib.rs:227:1
    |
227 | //!
    | ^^^
    |
    = note: inner doc comments like this (starting with `//!` or `/*!`) can only appear before items
help: you might have meant to write a regular comment
    |
227 - //!
227 + //
    |

error[E0753]: expected outer doc comment
   --> /home/ghuntley/.cargo/registry/src/index.crates.io-1949cf8c6b5b557f/tokio-1.45.1/src/lib.rs:228:1
    |
228 | //! ## Asynchronous IO
    | ^^^^^^^^^^^^^^^^^^^^^^
    |
    = note: inner doc comments like this (starting with `//!` or `/*!`) can only appear before items
help: you might have meant to write a regular comment
    |
228 - //! ## Asynchronous IO
228 + // ## Asynchronous IO
    |

error[E0753]: expected outer doc comment
   --> /home/ghuntley/.cargo/registry/src/index.crates.io-1949cf8c6b5b557f/tokio-1.45.1/src/lib.rs:229:1
    |
229 | //!
    | ^^^
    |
    = note: inner doc comments like this (starting with `//!` or `/*!`) can only appear before items
help: you might have meant to write a regular comment
    |
229 - //!
229 + //
    |

error[E0753]: expected outer doc comment
   --> /home/ghuntley/.cargo/registry/src/index.crates.io-1949cf8c6b5b557f/tokio-1.45.1/src/lib.rs:230:1
    |
230 | //! As well as scheduling and running tasks, Tokio provides everything you need
    | ^^^^^^^^^^^^^^^^^^^^^^^^^^^^^^^^^^^^^^^^^^^^^^^^^^^^^^^^^^^^^^^^^^^^^^^^^^^^^^^
    |
    = note: inner doc comments like this (starting with `//!` or `/*!`) can only appear before items
help: you might have meant to write a regular comment
    |
230 - //! As well as scheduling and running tasks, Tokio provides everything you need
230 + // As well as scheduling and running tasks, Tokio provides everything you need
    |

error[E0753]: expected outer doc comment
   --> /home/ghuntley/.cargo/registry/src/index.crates.io-1949cf8c6b5b557f/tokio-1.45.1/src/lib.rs:231:1
    |
231 | //! to perform input and output asynchronously.
    | ^^^^^^^^^^^^^^^^^^^^^^^^^^^^^^^^^^^^^^^^^^^^^^^
    |
    = note: inner doc comments like this (starting with `//!` or `/*!`) can only appear before items
help: you might have meant to write a regular comment
    |
231 - //! to perform input and output asynchronously.
231 + // to perform input and output asynchronously.
    |

error[E0753]: expected outer doc comment
   --> /home/ghuntley/.cargo/registry/src/index.crates.io-1949cf8c6b5b557f/tokio-1.45.1/src/lib.rs:232:1
    |
232 | //!
    | ^^^
    |
    = note: inner doc comments like this (starting with `//!` or `/*!`) can only appear before items
help: you might have meant to write a regular comment
    |
232 - //!
232 + //
    |

error[E0753]: expected outer doc comment
   --> /home/ghuntley/.cargo/registry/src/index.crates.io-1949cf8c6b5b557f/tokio-1.45.1/src/lib.rs:233:1
    |
233 | //! The [`tokio::io`] module provides Tokio's asynchronous core I/O primitives,
    | ^^^^^^^^^^^^^^^^^^^^^^^^^^^^^^^^^^^^^^^^^^^^^^^^^^^^^^^^^^^^^^^^^^^^^^^^^^^^^^^
    |
    = note: inner doc comments like this (starting with `//!` or `/*!`) can only appear before items
help: you might have meant to write a regular comment
    |
233 - //! The [`tokio::io`] module provides Tokio's asynchronous core I/O primitives,
233 + // The [`tokio::io`] module provides Tokio's asynchronous core I/O primitives,
    |

error[E0753]: expected outer doc comment
   --> /home/ghuntley/.cargo/registry/src/index.crates.io-1949cf8c6b5b557f/tokio-1.45.1/src/lib.rs:234:1
    |
234 | //! the [`AsyncRead`], [`AsyncWrite`], and [`AsyncBufRead`] traits. In addition,
    | ^^^^^^^^^^^^^^^^^^^^^^^^^^^^^^^^^^^^^^^^^^^^^^^^^^^^^^^^^^^^^^^^^^^^^^^^^^^^^^^^
    |
    = note: inner doc comments like this (starting with `//!` or `/*!`) can only appear before items
help: you might have meant to write a regular comment
    |
234 - //! the [`AsyncRead`], [`AsyncWrite`], and [`AsyncBufRead`] traits. In addition,
234 + // the [`AsyncRead`], [`AsyncWrite`], and [`AsyncBufRead`] traits. In addition,
    |

error[E0753]: expected outer doc comment
   --> /home/ghuntley/.cargo/registry/src/index.crates.io-1949cf8c6b5b557f/tokio-1.45.1/src/lib.rs:235:1
    |
235 | //! when the "io-util" feature flag is enabled, it also provides combinators and
    | ^^^^^^^^^^^^^^^^^^^^^^^^^^^^^^^^^^^^^^^^^^^^^^^^^^^^^^^^^^^^^^^^^^^^^^^^^^^^^^^^
    |
    = note: inner doc comments like this (starting with `//!` or `/*!`) can only appear before items
help: you might have meant to write a regular comment
    |
235 - //! when the "io-util" feature flag is enabled, it also provides combinators and
235 + // when the "io-util" feature flag is enabled, it also provides combinators and
    |

error[E0753]: expected outer doc comment
   --> /home/ghuntley/.cargo/registry/src/index.crates.io-1949cf8c6b5b557f/tokio-1.45.1/src/lib.rs:236:1
    |
236 | //! functions for working with these traits, forming as an asynchronous
    | ^^^^^^^^^^^^^^^^^^^^^^^^^^^^^^^^^^^^^^^^^^^^^^^^^^^^^^^^^^^^^^^^^^^^^^^
    |
    = note: inner doc comments like this (starting with `//!` or `/*!`) can only appear before items
help: you might have meant to write a regular comment
    |
236 - //! functions for working with these traits, forming as an asynchronous
236 + // functions for working with these traits, forming as an asynchronous
    |

error[E0753]: expected outer doc comment
   --> /home/ghuntley/.cargo/registry/src/index.crates.io-1949cf8c6b5b557f/tokio-1.45.1/src/lib.rs:237:1
    |
237 | //! counterpart to [`std::io`].
    | ^^^^^^^^^^^^^^^^^^^^^^^^^^^^^^^
    |
    = note: inner doc comments like this (starting with `//!` or `/*!`) can only appear before items
help: you might have meant to write a regular comment
    |
237 - //! counterpart to [`std::io`].
237 + // counterpart to [`std::io`].
    |

error[E0753]: expected outer doc comment
   --> /home/ghuntley/.cargo/registry/src/index.crates.io-1949cf8c6b5b557f/tokio-1.45.1/src/lib.rs:238:1
    |
238 | //!
    | ^^^
    |
    = note: inner doc comments like this (starting with `//!` or `/*!`) can only appear before items
help: you might have meant to write a regular comment
    |
238 - //!
238 + //
    |

error[E0753]: expected outer doc comment
   --> /home/ghuntley/.cargo/registry/src/index.crates.io-1949cf8c6b5b557f/tokio-1.45.1/src/lib.rs:239:1
    |
239 | //! Tokio also includes APIs for performing various kinds of I/O and interacting
    | ^^^^^^^^^^^^^^^^^^^^^^^^^^^^^^^^^^^^^^^^^^^^^^^^^^^^^^^^^^^^^^^^^^^^^^^^^^^^^^^^
    |
    = note: inner doc comments like this (starting with `//!` or `/*!`) can only appear before items
help: you might have meant to write a regular comment
    |
239 - //! Tokio also includes APIs for performing various kinds of I/O and interacting
239 + // Tokio also includes APIs for performing various kinds of I/O and interacting
    |

error[E0753]: expected outer doc comment
   --> /home/ghuntley/.cargo/registry/src/index.crates.io-1949cf8c6b5b557f/tokio-1.45.1/src/lib.rs:240:1
    |
240 | //! with the operating system asynchronously. These include:
    | ^^^^^^^^^^^^^^^^^^^^^^^^^^^^^^^^^^^^^^^^^^^^^^^^^^^^^^^^^^^^
    |
    = note: inner doc comments like this (starting with `//!` or `/*!`) can only appear before items
help: you might have meant to write a regular comment
    |
240 - //! with the operating system asynchronously. These include:
240 + // with the operating system asynchronously. These include:
    |

error[E0753]: expected outer doc comment
   --> /home/ghuntley/.cargo/registry/src/index.crates.io-1949cf8c6b5b557f/tokio-1.45.1/src/lib.rs:241:1
    |
241 | //!
    | ^^^
    |
    = note: inner doc comments like this (starting with `//!` or `/*!`) can only appear before items
help: you might have meant to write a regular comment
    |
241 - //!
241 + //
    |

error[E0753]: expected outer doc comment
   --> /home/ghuntley/.cargo/registry/src/index.crates.io-1949cf8c6b5b557f/tokio-1.45.1/src/lib.rs:242:1
    |
242 | //! * [`tokio::net`], which contains non-blocking versions of [TCP], [UDP], and
    | ^^^^^^^^^^^^^^^^^^^^^^^^^^^^^^^^^^^^^^^^^^^^^^^^^^^^^^^^^^^^^^^^^^^^^^^^^^^^^^^
    |
    = note: inner doc comments like this (starting with `//!` or `/*!`) can only appear before items
help: you might have meant to write a regular comment
    |
242 - //! * [`tokio::net`], which contains non-blocking versions of [TCP], [UDP], and
242 + // * [`tokio::net`], which contains non-blocking versions of [TCP], [UDP], and
    |

error[E0753]: expected outer doc comment
   --> /home/ghuntley/.cargo/registry/src/index.crates.io-1949cf8c6b5b557f/tokio-1.45.1/src/lib.rs:243:1
    |
243 | //!   [Unix Domain Sockets][UDS] (enabled by the "net" feature flag),
    | ^^^^^^^^^^^^^^^^^^^^^^^^^^^^^^^^^^^^^^^^^^^^^^^^^^^^^^^^^^^^^^^^^^^^^
    |
    = note: inner doc comments like this (starting with `//!` or `/*!`) can only appear before items
help: you might have meant to write a regular comment
    |
243 - //!   [Unix Domain Sockets][UDS] (enabled by the "net" feature flag),
243 + //   [Unix Domain Sockets][UDS] (enabled by the "net" feature flag),
    |

error[E0753]: expected outer doc comment
   --> /home/ghuntley/.cargo/registry/src/index.crates.io-1949cf8c6b5b557f/tokio-1.45.1/src/lib.rs:244:1
    |
244 | //! * [`tokio::fs`], similar to [`std::fs`] but for performing filesystem I/O
    | ^^^^^^^^^^^^^^^^^^^^^^^^^^^^^^^^^^^^^^^^^^^^^^^^^^^^^^^^^^^^^^^^^^^^^^^^^^^^^
    |
    = note: inner doc comments like this (starting with `//!` or `/*!`) can only appear before items
help: you might have meant to write a regular comment
    |
244 - //! * [`tokio::fs`], similar to [`std::fs`] but for performing filesystem I/O
244 + // * [`tokio::fs`], similar to [`std::fs`] but for performing filesystem I/O
    |

error[E0753]: expected outer doc comment
   --> /home/ghuntley/.cargo/registry/src/index.crates.io-1949cf8c6b5b557f/tokio-1.45.1/src/lib.rs:245:1
    |
245 | //!   asynchronously (enabled by the "fs" feature flag),
    | ^^^^^^^^^^^^^^^^^^^^^^^^^^^^^^^^^^^^^^^^^^^^^^^^^^^^^^^^
    |
    = note: inner doc comments like this (starting with `//!` or `/*!`) can only appear before items
help: you might have meant to write a regular comment
    |
245 - //!   asynchronously (enabled by the "fs" feature flag),
245 + //   asynchronously (enabled by the "fs" feature flag),
    |

error[E0753]: expected outer doc comment
   --> /home/ghuntley/.cargo/registry/src/index.crates.io-1949cf8c6b5b557f/tokio-1.45.1/src/lib.rs:246:1
    |
246 | //! * [`tokio::signal`], for asynchronously handling Unix and Windows OS signals
    | ^^^^^^^^^^^^^^^^^^^^^^^^^^^^^^^^^^^^^^^^^^^^^^^^^^^^^^^^^^^^^^^^^^^^^^^^^^^^^^^^
    |
    = note: inner doc comments like this (starting with `//!` or `/*!`) can only appear before items
help: you might have meant to write a regular comment
    |
246 - //! * [`tokio::signal`], for asynchronously handling Unix and Windows OS signals
246 + // * [`tokio::signal`], for asynchronously handling Unix and Windows OS signals
    |

error[E0753]: expected outer doc comment
   --> /home/ghuntley/.cargo/registry/src/index.crates.io-1949cf8c6b5b557f/tokio-1.45.1/src/lib.rs:247:1
    |
247 | //!   (enabled by the "signal" feature flag),
    | ^^^^^^^^^^^^^^^^^^^^^^^^^^^^^^^^^^^^^^^^^^^^^
    |
    = note: inner doc comments like this (starting with `//!` or `/*!`) can only appear before items
help: you might have meant to write a regular comment
    |
247 - //!   (enabled by the "signal" feature flag),
247 + //   (enabled by the "signal" feature flag),
    |

error[E0753]: expected outer doc comment
   --> /home/ghuntley/.cargo/registry/src/index.crates.io-1949cf8c6b5b557f/tokio-1.45.1/src/lib.rs:248:1
    |
248 | //! * [`tokio::process`], for spawning and managing child processes (enabled by
    | ^^^^^^^^^^^^^^^^^^^^^^^^^^^^^^^^^^^^^^^^^^^^^^^^^^^^^^^^^^^^^^^^^^^^^^^^^^^^^^^
    |
    = note: inner doc comments like this (starting with `//!` or `/*!`) can only appear before items
help: you might have meant to write a regular comment
    |
248 - //! * [`tokio::process`], for spawning and managing child processes (enabled by
248 + // * [`tokio::process`], for spawning and managing child processes (enabled by
    |

error[E0753]: expected outer doc comment
   --> /home/ghuntley/.cargo/registry/src/index.crates.io-1949cf8c6b5b557f/tokio-1.45.1/src/lib.rs:249:1
    |
249 | //!   the "process" feature flag).
    | ^^^^^^^^^^^^^^^^^^^^^^^^^^^^^^^^^^
    |
    = note: inner doc comments like this (starting with `//!` or `/*!`) can only appear before items
help: you might have meant to write a regular comment
    |
249 - //!   the "process" feature flag).
249 + //   the "process" feature flag).
    |

error[E0753]: expected outer doc comment
   --> /home/ghuntley/.cargo/registry/src/index.crates.io-1949cf8c6b5b557f/tokio-1.45.1/src/lib.rs:250:1
    |
250 | //!
    | ^^^
    |
    = note: inner doc comments like this (starting with `//!` or `/*!`) can only appear before items
help: you might have meant to write a regular comment
    |
250 - //!
250 + //
    |

error[E0753]: expected outer doc comment
   --> /home/ghuntley/.cargo/registry/src/index.crates.io-1949cf8c6b5b557f/tokio-1.45.1/src/lib.rs:251:1
    |
251 | //! [`tokio::io`]: crate::io
    | ^^^^^^^^^^^^^^^^^^^^^^^^^^^^
    |
    = note: inner doc comments like this (starting with `//!` or `/*!`) can only appear before items
help: you might have meant to write a regular comment
    |
251 - //! [`tokio::io`]: crate::io
251 + // [`tokio::io`]: crate::io
    |

error[E0753]: expected outer doc comment
   --> /home/ghuntley/.cargo/registry/src/index.crates.io-1949cf8c6b5b557f/tokio-1.45.1/src/lib.rs:252:1
    |
252 | //! [`AsyncRead`]: crate::io::AsyncRead
    | ^^^^^^^^^^^^^^^^^^^^^^^^^^^^^^^^^^^^^^^
    |
    = note: inner doc comments like this (starting with `//!` or `/*!`) can only appear before items
help: you might have meant to write a regular comment
    |
252 - //! [`AsyncRead`]: crate::io::AsyncRead
252 + // [`AsyncRead`]: crate::io::AsyncRead
    |

error[E0753]: expected outer doc comment
   --> /home/ghuntley/.cargo/registry/src/index.crates.io-1949cf8c6b5b557f/tokio-1.45.1/src/lib.rs:253:1
    |
253 | //! [`AsyncWrite`]: crate::io::AsyncWrite
    | ^^^^^^^^^^^^^^^^^^^^^^^^^^^^^^^^^^^^^^^^^
    |
    = note: inner doc comments like this (starting with `//!` or `/*!`) can only appear before items
help: you might have meant to write a regular comment
    |
253 - //! [`AsyncWrite`]: crate::io::AsyncWrite
253 + // [`AsyncWrite`]: crate::io::AsyncWrite
    |

error[E0753]: expected outer doc comment
   --> /home/ghuntley/.cargo/registry/src/index.crates.io-1949cf8c6b5b557f/tokio-1.45.1/src/lib.rs:254:1
    |
254 | //! [`AsyncBufRead`]: crate::io::AsyncBufRead
    | ^^^^^^^^^^^^^^^^^^^^^^^^^^^^^^^^^^^^^^^^^^^^^
    |
    = note: inner doc comments like this (starting with `//!` or `/*!`) can only appear before items
help: you might have meant to write a regular comment
    |
254 - //! [`AsyncBufRead`]: crate::io::AsyncBufRead
254 + // [`AsyncBufRead`]: crate::io::AsyncBufRead
    |

error[E0753]: expected outer doc comment
   --> /home/ghuntley/.cargo/registry/src/index.crates.io-1949cf8c6b5b557f/tokio-1.45.1/src/lib.rs:255:1
    |
255 | //! [`std::io`]: std::io
    | ^^^^^^^^^^^^^^^^^^^^^^^^
    |
    = note: inner doc comments like this (starting with `//!` or `/*!`) can only appear before items
help: you might have meant to write a regular comment
    |
255 - //! [`std::io`]: std::io
255 + // [`std::io`]: std::io
    |

error[E0753]: expected outer doc comment
   --> /home/ghuntley/.cargo/registry/src/index.crates.io-1949cf8c6b5b557f/tokio-1.45.1/src/lib.rs:256:1
    |
256 | //! [`tokio::net`]: crate::net
    | ^^^^^^^^^^^^^^^^^^^^^^^^^^^^^^
    |
    = note: inner doc comments like this (starting with `//!` or `/*!`) can only appear before items
help: you might have meant to write a regular comment
    |
256 - //! [`tokio::net`]: crate::net
256 + // [`tokio::net`]: crate::net
    |

error[E0753]: expected outer doc comment
   --> /home/ghuntley/.cargo/registry/src/index.crates.io-1949cf8c6b5b557f/tokio-1.45.1/src/lib.rs:257:1
    |
257 | //! [TCP]: crate::net::tcp
    | ^^^^^^^^^^^^^^^^^^^^^^^^^^
    |
    = note: inner doc comments like this (starting with `//!` or `/*!`) can only appear before items
help: you might have meant to write a regular comment
    |
257 - //! [TCP]: crate::net::tcp
257 + // [TCP]: crate::net::tcp
    |

error[E0753]: expected outer doc comment
   --> /home/ghuntley/.cargo/registry/src/index.crates.io-1949cf8c6b5b557f/tokio-1.45.1/src/lib.rs:258:1
    |
258 | //! [UDP]: crate::net::UdpSocket
    | ^^^^^^^^^^^^^^^^^^^^^^^^^^^^^^^^
    |
    = note: inner doc comments like this (starting with `//!` or `/*!`) can only appear before items
help: you might have meant to write a regular comment
    |
258 - //! [UDP]: crate::net::UdpSocket
258 + // [UDP]: crate::net::UdpSocket
    |

error[E0753]: expected outer doc comment
   --> /home/ghuntley/.cargo/registry/src/index.crates.io-1949cf8c6b5b557f/tokio-1.45.1/src/lib.rs:259:1
    |
259 | //! [UDS]: crate::net::unix
    | ^^^^^^^^^^^^^^^^^^^^^^^^^^^
    |
    = note: inner doc comments like this (starting with `//!` or `/*!`) can only appear before items
help: you might have meant to write a regular comment
    |
259 - //! [UDS]: crate::net::unix
259 + // [UDS]: crate::net::unix
    |

error[E0753]: expected outer doc comment
   --> /home/ghuntley/.cargo/registry/src/index.crates.io-1949cf8c6b5b557f/tokio-1.45.1/src/lib.rs:260:1
    |
260 | //! [`tokio::fs`]: crate::fs
    | ^^^^^^^^^^^^^^^^^^^^^^^^^^^^
    |
    = note: inner doc comments like this (starting with `//!` or `/*!`) can only appear before items
help: you might have meant to write a regular comment
    |
260 - //! [`tokio::fs`]: crate::fs
260 + // [`tokio::fs`]: crate::fs
    |

error[E0753]: expected outer doc comment
   --> /home/ghuntley/.cargo/registry/src/index.crates.io-1949cf8c6b5b557f/tokio-1.45.1/src/lib.rs:261:1
    |
261 | //! [`std::fs`]: std::fs
    | ^^^^^^^^^^^^^^^^^^^^^^^^
    |
    = note: inner doc comments like this (starting with `//!` or `/*!`) can only appear before items
help: you might have meant to write a regular comment
    |
261 - //! [`std::fs`]: std::fs
261 + // [`std::fs`]: std::fs
    |

error[E0753]: expected outer doc comment
   --> /home/ghuntley/.cargo/registry/src/index.crates.io-1949cf8c6b5b557f/tokio-1.45.1/src/lib.rs:262:1
    |
262 | //! [`tokio::signal`]: crate::signal
    | ^^^^^^^^^^^^^^^^^^^^^^^^^^^^^^^^^^^^
    |
    = note: inner doc comments like this (starting with `//!` or `/*!`) can only appear before items
help: you might have meant to write a regular comment
    |
262 - //! [`tokio::signal`]: crate::signal
262 + // [`tokio::signal`]: crate::signal
    |

error[E0753]: expected outer doc comment
   --> /home/ghuntley/.cargo/registry/src/index.crates.io-1949cf8c6b5b557f/tokio-1.45.1/src/lib.rs:263:1
    |
263 | //! [`tokio::process`]: crate::process
    | ^^^^^^^^^^^^^^^^^^^^^^^^^^^^^^^^^^^^^^
    |
    = note: inner doc comments like this (starting with `//!` or `/*!`) can only appear before items
help: you might have meant to write a regular comment
    |
263 - //! [`tokio::process`]: crate::process
263 + // [`tokio::process`]: crate::process
    |

error[E0753]: expected outer doc comment
   --> /home/ghuntley/.cargo/registry/src/index.crates.io-1949cf8c6b5b557f/tokio-1.45.1/src/lib.rs:264:1
    |
264 | //!
    | ^^^
    |
    = note: inner doc comments like this (starting with `//!` or `/*!`) can only appear before items
help: you might have meant to write a regular comment
    |
264 - //!
264 + //
    |

error[E0753]: expected outer doc comment
   --> /home/ghuntley/.cargo/registry/src/index.crates.io-1949cf8c6b5b557f/tokio-1.45.1/src/lib.rs:265:1
    |
265 | //! # Examples
    | ^^^^^^^^^^^^^^
    |
    = note: inner doc comments like this (starting with `//!` or `/*!`) can only appear before items
help: you might have meant to write a regular comment
    |
265 - //! # Examples
265 + // # Examples
    |

error[E0753]: expected outer doc comment
   --> /home/ghuntley/.cargo/registry/src/index.crates.io-1949cf8c6b5b557f/tokio-1.45.1/src/lib.rs:266:1
    |
266 | //!
    | ^^^
    |
    = note: inner doc comments like this (starting with `//!` or `/*!`) can only appear before items
help: you might have meant to write a regular comment
    |
266 - //!
266 + //
    |

error[E0753]: expected outer doc comment
   --> /home/ghuntley/.cargo/registry/src/index.crates.io-1949cf8c6b5b557f/tokio-1.45.1/src/lib.rs:267:1
    |
267 | //! A simple TCP echo server:
    | ^^^^^^^^^^^^^^^^^^^^^^^^^^^^^
    |
    = note: inner doc comments like this (starting with `//!` or `/*!`) can only appear before items
help: you might have meant to write a regular comment
    |
267 - //! A simple TCP echo server:
267 + // A simple TCP echo server:
    |

error[E0753]: expected outer doc comment
   --> /home/ghuntley/.cargo/registry/src/index.crates.io-1949cf8c6b5b557f/tokio-1.45.1/src/lib.rs:268:1
    |
268 | //!
    | ^^^
    |
    = note: inner doc comments like this (starting with `//!` or `/*!`) can only appear before items
help: you might have meant to write a regular comment
    |
268 - //!
268 + //
    |

error[E0753]: expected outer doc comment
   --> /home/ghuntley/.cargo/registry/src/index.crates.io-1949cf8c6b5b557f/tokio-1.45.1/src/lib.rs:269:1
    |
269 | //! ```no_run
    | ^^^^^^^^^^^^^
    |
    = note: inner doc comments like this (starting with `//!` or `/*!`) can only appear before items
help: you might have meant to write a regular comment
    |
269 - //! ```no_run
269 + // ```no_run
    |

error[E0753]: expected outer doc comment
   --> /home/ghuntley/.cargo/registry/src/index.crates.io-1949cf8c6b5b557f/tokio-1.45.1/src/lib.rs:270:1
    |
270 | //! use tokio::net::TcpListener;
    | ^^^^^^^^^^^^^^^^^^^^^^^^^^^^^^^^
    |
    = note: inner doc comments like this (starting with `//!` or `/*!`) can only appear before items
help: you might have meant to write a regular comment
    |
270 - //! use tokio::net::TcpListener;
270 + // use tokio::net::TcpListener;
    |

error[E0753]: expected outer doc comment
   --> /home/ghuntley/.cargo/registry/src/index.crates.io-1949cf8c6b5b557f/tokio-1.45.1/src/lib.rs:271:1
    |
271 | //! use tokio::io::{AsyncReadExt, AsyncWriteExt};
    | ^^^^^^^^^^^^^^^^^^^^^^^^^^^^^^^^^^^^^^^^^^^^^^^^^
    |
    = note: inner doc comments like this (starting with `//!` or `/*!`) can only appear before items
help: you might have meant to write a regular comment
    |
271 - //! use tokio::io::{AsyncReadExt, AsyncWriteExt};
271 + // use tokio::io::{AsyncReadExt, AsyncWriteExt};
    |

error[E0753]: expected outer doc comment
   --> /home/ghuntley/.cargo/registry/src/index.crates.io-1949cf8c6b5b557f/tokio-1.45.1/src/lib.rs:272:1
    |
272 | //!
    | ^^^
    |
    = note: inner doc comments like this (starting with `//!` or `/*!`) can only appear before items
help: you might have meant to write a regular comment
    |
272 - //!
272 + //
    |

error[E0753]: expected outer doc comment
   --> /home/ghuntley/.cargo/registry/src/index.crates.io-1949cf8c6b5b557f/tokio-1.45.1/src/lib.rs:273:1
    |
273 | //! #[tokio::main]
    | ^^^^^^^^^^^^^^^^^^
    |
    = note: inner doc comments like this (starting with `//!` or `/*!`) can only appear before items
help: you might have meant to write a regular comment
    |
273 - //! #[tokio::main]
273 + // #[tokio::main]
    |

error[E0753]: expected outer doc comment
   --> /home/ghuntley/.cargo/registry/src/index.crates.io-1949cf8c6b5b557f/tokio-1.45.1/src/lib.rs:274:1
    |
274 | //! async fn main() -> Result<(), Box<dyn std::error::Error>> {
    | ^^^^^^^^^^^^^^^^^^^^^^^^^^^^^^^^^^^^^^^^^^^^^^^^^^^^^^^^^^^^^^^
    |
    = note: inner doc comments like this (starting with `//!` or `/*!`) can only appear before items
help: you might have meant to write a regular comment
    |
274 - //! async fn main() -> Result<(), Box<dyn std::error::Error>> {
274 + // async fn main() -> Result<(), Box<dyn std::error::Error>> {
    |

error[E0753]: expected outer doc comment
   --> /home/ghuntley/.cargo/registry/src/index.crates.io-1949cf8c6b5b557f/tokio-1.45.1/src/lib.rs:275:1
    |
275 | //!     let listener = TcpListener::bind("127.0.0.1:8080").await?;
    | ^^^^^^^^^^^^^^^^^^^^^^^^^^^^^^^^^^^^^^^^^^^^^^^^^^^^^^^^^^^^^^^^^^
    |
    = note: inner doc comments like this (starting with `//!` or `/*!`) can only appear before items
help: you might have meant to write a regular comment
    |
275 - //!     let listener = TcpListener::bind("127.0.0.1:8080").await?;
275 + //     let listener = TcpListener::bind("127.0.0.1:8080").await?;
    |

error[E0753]: expected outer doc comment
   --> /home/ghuntley/.cargo/registry/src/index.crates.io-1949cf8c6b5b557f/tokio-1.45.1/src/lib.rs:276:1
    |
276 | //!
    | ^^^
    |
    = note: inner doc comments like this (starting with `//!` or `/*!`) can only appear before items
help: you might have meant to write a regular comment
    |
276 - //!
276 + //
    |

error[E0753]: expected outer doc comment
   --> /home/ghuntley/.cargo/registry/src/index.crates.io-1949cf8c6b5b557f/tokio-1.45.1/src/lib.rs:277:1
    |
277 | //!     loop {
    | ^^^^^^^^^^^^^^
    |
    = note: inner doc comments like this (starting with `//!` or `/*!`) can only appear before items
help: you might have meant to write a regular comment
    |
277 - //!     loop {
277 + //     loop {
    |

error[E0753]: expected outer doc comment
   --> /home/ghuntley/.cargo/registry/src/index.crates.io-1949cf8c6b5b557f/tokio-1.45.1/src/lib.rs:278:1
    |
278 | //!         let (mut socket, _) = listener.accept().await?;
    | ^^^^^^^^^^^^^^^^^^^^^^^^^^^^^^^^^^^^^^^^^^^^^^^^^^^^^^^^^^^
    |
    = note: inner doc comments like this (starting with `//!` or `/*!`) can only appear before items
help: you might have meant to write a regular comment
    |
278 - //!         let (mut socket, _) = listener.accept().await?;
278 + //         let (mut socket, _) = listener.accept().await?;
    |

error[E0753]: expected outer doc comment
   --> /home/ghuntley/.cargo/registry/src/index.crates.io-1949cf8c6b5b557f/tokio-1.45.1/src/lib.rs:279:1
    |
279 | //!
    | ^^^
    |
    = note: inner doc comments like this (starting with `//!` or `/*!`) can only appear before items
help: you might have meant to write a regular comment
    |
279 - //!
279 + //
    |

error[E0753]: expected outer doc comment
   --> /home/ghuntley/.cargo/registry/src/index.crates.io-1949cf8c6b5b557f/tokio-1.45.1/src/lib.rs:280:1
    |
280 | //!         tokio::spawn(async move {
    | ^^^^^^^^^^^^^^^^^^^^^^^^^^^^^^^^^^^^^
    |
    = note: inner doc comments like this (starting with `//!` or `/*!`) can only appear before items
help: you might have meant to write a regular comment
    |
280 - //!         tokio::spawn(async move {
280 + //         tokio::spawn(async move {
    |

error[E0753]: expected outer doc comment
   --> /home/ghuntley/.cargo/registry/src/index.crates.io-1949cf8c6b5b557f/tokio-1.45.1/src/lib.rs:281:1
    |
281 | //!             let mut buf = [0; 1024];
    | ^^^^^^^^^^^^^^^^^^^^^^^^^^^^^^^^^^^^^^^^
    |
    = note: inner doc comments like this (starting with `//!` or `/*!`) can only appear before items
help: you might have meant to write a regular comment
    |
281 - //!             let mut buf = [0; 1024];
281 + //             let mut buf = [0; 1024];
    |

error[E0753]: expected outer doc comment
   --> /home/ghuntley/.cargo/registry/src/index.crates.io-1949cf8c6b5b557f/tokio-1.45.1/src/lib.rs:282:1
    |
282 | //!
    | ^^^
    |
    = note: inner doc comments like this (starting with `//!` or `/*!`) can only appear before items
help: you might have meant to write a regular comment
    |
282 - //!
282 + //
    |

error[E0753]: expected outer doc comment
   --> /home/ghuntley/.cargo/registry/src/index.crates.io-1949cf8c6b5b557f/tokio-1.45.1/src/lib.rs:283:1
    |
283 | //!             // In a loop, read data from the socket and write the data back.
    | ^^^^^^^^^^^^^^^^^^^^^^^^^^^^^^^^^^^^^^^^^^^^^^^^^^^^^^^^^^^^^^^^^^^^^^^^^^^^^^^^
    |
    = note: inner doc comments like this (starting with `//!` or `/*!`) can only appear before items
help: you might have meant to write a regular comment
    |
283 - //!             // In a loop, read data from the socket and write the data back.
283 + //             // In a loop, read data from the socket and write the data back.
    |

error[E0753]: expected outer doc comment
   --> /home/ghuntley/.cargo/registry/src/index.crates.io-1949cf8c6b5b557f/tokio-1.45.1/src/lib.rs:284:1
    |
284 | //!             loop {
    | ^^^^^^^^^^^^^^^^^^^^^^
    |
    = note: inner doc comments like this (starting with `//!` or `/*!`) can only appear before items
help: you might have meant to write a regular comment
    |
284 - //!             loop {
284 + //             loop {
    |

error[E0753]: expected outer doc comment
   --> /home/ghuntley/.cargo/registry/src/index.crates.io-1949cf8c6b5b557f/tokio-1.45.1/src/lib.rs:285:1
    |
285 | //!                 let n = match socket.read(&mut buf).await {
    | ^^^^^^^^^^^^^^^^^^^^^^^^^^^^^^^^^^^^^^^^^^^^^^^^^^^^^^^^^^^^^^^
    |
    = note: inner doc comments like this (starting with `//!` or `/*!`) can only appear before items
help: you might have meant to write a regular comment
    |
285 - //!                 let n = match socket.read(&mut buf).await {
285 + //                 let n = match socket.read(&mut buf).await {
    |

error[E0753]: expected outer doc comment
   --> /home/ghuntley/.cargo/registry/src/index.crates.io-1949cf8c6b5b557f/tokio-1.45.1/src/lib.rs:286:1
    |
286 | //!                     // socket closed
    | ^^^^^^^^^^^^^^^^^^^^^^^^^^^^^^^^^^^^^^^^
    |
    = note: inner doc comments like this (starting with `//!` or `/*!`) can only appear before items
help: you might have meant to write a regular comment
    |
286 - //!                     // socket closed
286 + //                     // socket closed
    |

error[E0753]: expected outer doc comment
   --> /home/ghuntley/.cargo/registry/src/index.crates.io-1949cf8c6b5b557f/tokio-1.45.1/src/lib.rs:287:1
    |
287 | //!                     Ok(0) => return,
    | ^^^^^^^^^^^^^^^^^^^^^^^^^^^^^^^^^^^^^^^^
    |
    = note: inner doc comments like this (starting with `//!` or `/*!`) can only appear before items
help: you might have meant to write a regular comment
    |
287 - //!                     Ok(0) => return,
287 + //                     Ok(0) => return,
    |

error[E0753]: expected outer doc comment
   --> /home/ghuntley/.cargo/registry/src/index.crates.io-1949cf8c6b5b557f/tokio-1.45.1/src/lib.rs:288:1
    |
288 | //!                     Ok(n) => n,
    | ^^^^^^^^^^^^^^^^^^^^^^^^^^^^^^^^^^^
    |
    = note: inner doc comments like this (starting with `//!` or `/*!`) can only appear before items
help: you might have meant to write a regular comment
    |
288 - //!                     Ok(n) => n,
288 + //                     Ok(n) => n,
    |

error[E0753]: expected outer doc comment
   --> /home/ghuntley/.cargo/registry/src/index.crates.io-1949cf8c6b5b557f/tokio-1.45.1/src/lib.rs:289:1
    |
289 | //!                     Err(e) => {
    | ^^^^^^^^^^^^^^^^^^^^^^^^^^^^^^^^^^^
    |
    = note: inner doc comments like this (starting with `//!` or `/*!`) can only appear before items
help: you might have meant to write a regular comment
    |
289 - //!                     Err(e) => {
289 + //                     Err(e) => {
    |

error[E0753]: expected outer doc comment
   --> /home/ghuntley/.cargo/registry/src/index.crates.io-1949cf8c6b5b557f/tokio-1.45.1/src/lib.rs:290:1
    |
290 | //!                         eprintln!("failed to read from socket; err = {:?}", e);
    | ^^^^^^^^^^^^^^^^^^^^^^^^^^^^^^^^^^^^^^^^^^^^^^^^^^^^^^^^^^^^^^^^^^^^^^^^^^^^^^^^^^^
    |
    = note: inner doc comments like this (starting with `//!` or `/*!`) can only appear before items
help: you might have meant to write a regular comment
    |
290 - //!                         eprintln!("failed to read from socket; err = {:?}", e);
290 + //                         eprintln!("failed to read from socket; err = {:?}", e);
    |

error[E0753]: expected outer doc comment
   --> /home/ghuntley/.cargo/registry/src/index.crates.io-1949cf8c6b5b557f/tokio-1.45.1/src/lib.rs:291:1
    |
291 | //!                         return;
    | ^^^^^^^^^^^^^^^^^^^^^^^^^^^^^^^^^^^
    |
    = note: inner doc comments like this (starting with `//!` or `/*!`) can only appear before items
help: you might have meant to write a regular comment
    |
291 - //!                         return;
291 + //                         return;
    |

error[E0753]: expected outer doc comment
   --> /home/ghuntley/.cargo/registry/src/index.crates.io-1949cf8c6b5b557f/tokio-1.45.1/src/lib.rs:292:1
    |
292 | //!                     }
    | ^^^^^^^^^^^^^^^^^^^^^^^^^
    |
    = note: inner doc comments like this (starting with `//!` or `/*!`) can only appear before items
help: you might have meant to write a regular comment
    |
292 - //!                     }
292 + //                     }
    |

error[E0753]: expected outer doc comment
   --> /home/ghuntley/.cargo/registry/src/index.crates.io-1949cf8c6b5b557f/tokio-1.45.1/src/lib.rs:293:1
    |
293 | //!                 };
    | ^^^^^^^^^^^^^^^^^^^^^^
    |
    = note: inner doc comments like this (starting with `//!` or `/*!`) can only appear before items
help: you might have meant to write a regular comment
    |
293 - //!                 };
293 + //                 };
    |

error[E0753]: expected outer doc comment
   --> /home/ghuntley/.cargo/registry/src/index.crates.io-1949cf8c6b5b557f/tokio-1.45.1/src/lib.rs:294:1
    |
294 | //!
    | ^^^
    |
    = note: inner doc comments like this (starting with `//!` or `/*!`) can only appear before items
help: you might have meant to write a regular comment
    |
294 - //!
294 + //
    |

error[E0753]: expected outer doc comment
   --> /home/ghuntley/.cargo/registry/src/index.crates.io-1949cf8c6b5b557f/tokio-1.45.1/src/lib.rs:295:1
    |
295 | //!                 // Write the data back
    | ^^^^^^^^^^^^^^^^^^^^^^^^^^^^^^^^^^^^^^^^^^
    |
    = note: inner doc comments like this (starting with `//!` or `/*!`) can only appear before items
help: you might have meant to write a regular comment
    |
295 - //!                 // Write the data back
295 + //                 // Write the data back
    |

error[E0753]: expected outer doc comment
   --> /home/ghuntley/.cargo/registry/src/index.crates.io-1949cf8c6b5b557f/tokio-1.45.1/src/lib.rs:296:1
    |
296 | //!                 if let Err(e) = socket.write_all(&buf[0..n]).await {
    | ^^^^^^^^^^^^^^^^^^^^^^^^^^^^^^^^^^^^^^^^^^^^^^^^^^^^^^^^^^^^^^^^^^^^^^^^
    |
    = note: inner doc comments like this (starting with `//!` or `/*!`) can only appear before items
help: you might have meant to write a regular comment
    |
296 - //!                 if let Err(e) = socket.write_all(&buf[0..n]).await {
296 + //                 if let Err(e) = socket.write_all(&buf[0..n]).await {
    |

error[E0753]: expected outer doc comment
   --> /home/ghuntley/.cargo/registry/src/index.crates.io-1949cf8c6b5b557f/tokio-1.45.1/src/lib.rs:297:1
    |
297 | //!                     eprintln!("failed to write to socket; err = {:?}", e);
    | ^^^^^^^^^^^^^^^^^^^^^^^^^^^^^^^^^^^^^^^^^^^^^^^^^^^^^^^^^^^^^^^^^^^^^^^^^^^^^^
    |
    = note: inner doc comments like this (starting with `//!` or `/*!`) can only appear before items
help: you might have meant to write a regular comment
    |
297 - //!                     eprintln!("failed to write to socket; err = {:?}", e);
297 + //                     eprintln!("failed to write to socket; err = {:?}", e);
    |

error[E0753]: expected outer doc comment
   --> /home/ghuntley/.cargo/registry/src/index.crates.io-1949cf8c6b5b557f/tokio-1.45.1/src/lib.rs:298:1
    |
298 | //!                     return;
    | ^^^^^^^^^^^^^^^^^^^^^^^^^^^^^^^
    |
    = note: inner doc comments like this (starting with `//!` or `/*!`) can only appear before items
help: you might have meant to write a regular comment
    |
298 - //!                     return;
298 + //                     return;
    |

error[E0753]: expected outer doc comment
   --> /home/ghuntley/.cargo/registry/src/index.crates.io-1949cf8c6b5b557f/tokio-1.45.1/src/lib.rs:299:1
    |
299 | //!                 }
    | ^^^^^^^^^^^^^^^^^^^^^
    |
    = note: inner doc comments like this (starting with `//!` or `/*!`) can only appear before items
help: you might have meant to write a regular comment
    |
299 - //!                 }
299 + //                 }
    |

error[E0753]: expected outer doc comment
   --> /home/ghuntley/.cargo/registry/src/index.crates.io-1949cf8c6b5b557f/tokio-1.45.1/src/lib.rs:300:1
    |
300 | //!             }
    | ^^^^^^^^^^^^^^^^^
    |
    = note: inner doc comments like this (starting with `//!` or `/*!`) can only appear before items
help: you might have meant to write a regular comment
    |
300 - //!             }
300 + //             }
    |

error[E0753]: expected outer doc comment
   --> /home/ghuntley/.cargo/registry/src/index.crates.io-1949cf8c6b5b557f/tokio-1.45.1/src/lib.rs:301:1
    |
301 | //!         });
    | ^^^^^^^^^^^^^^^
    |
    = note: inner doc comments like this (starting with `//!` or `/*!`) can only appear before items
help: you might have meant to write a regular comment
    |
301 - //!         });
301 + //         });
    |

error[E0753]: expected outer doc comment
   --> /home/ghuntley/.cargo/registry/src/index.crates.io-1949cf8c6b5b557f/tokio-1.45.1/src/lib.rs:302:1
    |
302 | //!     }
    | ^^^^^^^^^
    |
    = note: inner doc comments like this (starting with `//!` or `/*!`) can only appear before items
help: you might have meant to write a regular comment
    |
302 - //!     }
302 + //     }
    |

error[E0753]: expected outer doc comment
   --> /home/ghuntley/.cargo/registry/src/index.crates.io-1949cf8c6b5b557f/tokio-1.45.1/src/lib.rs:303:1
    |
303 | //! }
    | ^^^^^
    |
    = note: inner doc comments like this (starting with `//!` or `/*!`) can only appear before items
help: you might have meant to write a regular comment
    |
303 - //! }
303 + // }
    |

error[E0753]: expected outer doc comment
   --> /home/ghuntley/.cargo/registry/src/index.crates.io-1949cf8c6b5b557f/tokio-1.45.1/src/lib.rs:304:1
    |
304 | //! ```
    | ^^^^^^^
    |
    = note: inner doc comments like this (starting with `//!` or `/*!`) can only appear before items
help: you might have meant to write a regular comment
    |
304 - //! ```
304 + // ```
    |

error[E0753]: expected outer doc comment
   --> /home/ghuntley/.cargo/registry/src/index.crates.io-1949cf8c6b5b557f/tokio-1.45.1/src/lib.rs:305:1
    |
305 | //!
    | ^^^
    |
    = note: inner doc comments like this (starting with `//!` or `/*!`) can only appear before items
help: you might have meant to write a regular comment
    |
305 - //!
305 + //
    |

error[E0753]: expected outer doc comment
   --> /home/ghuntley/.cargo/registry/src/index.crates.io-1949cf8c6b5b557f/tokio-1.45.1/src/lib.rs:306:1
    |
306 | //! # Feature flags
    | ^^^^^^^^^^^^^^^^^^^
    |
    = note: inner doc comments like this (starting with `//!` or `/*!`) can only appear before items
help: you might have meant to write a regular comment
    |
306 - //! # Feature flags
306 + // # Feature flags
    |

error[E0753]: expected outer doc comment
   --> /home/ghuntley/.cargo/registry/src/index.crates.io-1949cf8c6b5b557f/tokio-1.45.1/src/lib.rs:307:1
    |
307 | //!
    | ^^^
    |
    = note: inner doc comments like this (starting with `//!` or `/*!`) can only appear before items
help: you might have meant to write a regular comment
    |
307 - //!
307 + //
    |

error[E0753]: expected outer doc comment
   --> /home/ghuntley/.cargo/registry/src/index.crates.io-1949cf8c6b5b557f/tokio-1.45.1/src/lib.rs:308:1
    |
308 | //! Tokio uses a set of [feature flags] to reduce the amount of compiled code. It
    | ^^^^^^^^^^^^^^^^^^^^^^^^^^^^^^^^^^^^^^^^^^^^^^^^^^^^^^^^^^^^^^^^^^^^^^^^^^^^^^^^^
    |
    = note: inner doc comments like this (starting with `//!` or `/*!`) can only appear before items
help: you might have meant to write a regular comment
    |
308 - //! Tokio uses a set of [feature flags] to reduce the amount of compiled code. It
308 + // Tokio uses a set of [feature flags] to reduce the amount of compiled code. It
    |

error[E0753]: expected outer doc comment
   --> /home/ghuntley/.cargo/registry/src/index.crates.io-1949cf8c6b5b557f/tokio-1.45.1/src/lib.rs:309:1
    |
309 | //! is possible to just enable certain features over others. By default, Tokio
    | ^^^^^^^^^^^^^^^^^^^^^^^^^^^^^^^^^^^^^^^^^^^^^^^^^^^^^^^^^^^^^^^^^^^^^^^^^^^^^^
    |
    = note: inner doc comments like this (starting with `//!` or `/*!`) can only appear before items
help: you might have meant to write a regular comment
    |
309 - //! is possible to just enable certain features over others. By default, Tokio
309 + // is possible to just enable certain features over others. By default, Tokio
    |

error[E0753]: expected outer doc comment
   --> /home/ghuntley/.cargo/registry/src/index.crates.io-1949cf8c6b5b557f/tokio-1.45.1/src/lib.rs:310:1
    |
310 | //! does not enable any features but allows one to enable a subset for their use
    | ^^^^^^^^^^^^^^^^^^^^^^^^^^^^^^^^^^^^^^^^^^^^^^^^^^^^^^^^^^^^^^^^^^^^^^^^^^^^^^^^
    |
    = note: inner doc comments like this (starting with `//!` or `/*!`) can only appear before items
help: you might have meant to write a regular comment
    |
310 - //! does not enable any features but allows one to enable a subset for their use
310 + // does not enable any features but allows one to enable a subset for their use
    |

error[E0753]: expected outer doc comment
   --> /home/ghuntley/.cargo/registry/src/index.crates.io-1949cf8c6b5b557f/tokio-1.45.1/src/lib.rs:311:1
    |
311 | //! case. Below is a list of the available feature flags. You may also notice
    | ^^^^^^^^^^^^^^^^^^^^^^^^^^^^^^^^^^^^^^^^^^^^^^^^^^^^^^^^^^^^^^^^^^^^^^^^^^^^^
    |
    = note: inner doc comments like this (starting with `//!` or `/*!`) can only appear before items
help: you might have meant to write a regular comment
    |
311 - //! case. Below is a list of the available feature flags. You may also notice
311 + // case. Below is a list of the available feature flags. You may also notice
    |

error[E0753]: expected outer doc comment
   --> /home/ghuntley/.cargo/registry/src/index.crates.io-1949cf8c6b5b557f/tokio-1.45.1/src/lib.rs:312:1
    |
312 | //! above each function, struct and trait there is listed one or more feature flags
    | ^^^^^^^^^^^^^^^^^^^^^^^^^^^^^^^^^^^^^^^^^^^^^^^^^^^^^^^^^^^^^^^^^^^^^^^^^^^^^^^^^^^
    |
    = note: inner doc comments like this (starting with `//!` or `/*!`) can only appear before items
help: you might have meant to write a regular comment
    |
312 - //! above each function, struct and trait there is listed one or more feature flags
312 + // above each function, struct and trait there is listed one or more feature flags
    |

error[E0753]: expected outer doc comment
   --> /home/ghuntley/.cargo/registry/src/index.crates.io-1949cf8c6b5b557f/tokio-1.45.1/src/lib.rs:313:1
    |
313 | //! that are required for that item to be used. If you are new to Tokio it is
    | ^^^^^^^^^^^^^^^^^^^^^^^^^^^^^^^^^^^^^^^^^^^^^^^^^^^^^^^^^^^^^^^^^^^^^^^^^^^^^
    |
    = note: inner doc comments like this (starting with `//!` or `/*!`) can only appear before items
help: you might have meant to write a regular comment
    |
313 - //! that are required for that item to be used. If you are new to Tokio it is
313 + // that are required for that item to be used. If you are new to Tokio it is
    |

error[E0753]: expected outer doc comment
   --> /home/ghuntley/.cargo/registry/src/index.crates.io-1949cf8c6b5b557f/tokio-1.45.1/src/lib.rs:314:1
    |
314 | //! recommended that you use the `full` feature flag which will enable all public APIs.
    | ^^^^^^^^^^^^^^^^^^^^^^^^^^^^^^^^^^^^^^^^^^^^^^^^^^^^^^^^^^^^^^^^^^^^^^^^^^^^^^^^^^^^^^^
    |
    = note: inner doc comments like this (starting with `//!` or `/*!`) can only appear before items
help: you might have meant to write a regular comment
    |
314 - //! recommended that you use the `full` feature flag which will enable all public APIs.
314 + // recommended that you use the `full` feature flag which will enable all public APIs.
    |

error[E0753]: expected outer doc comment
   --> /home/ghuntley/.cargo/registry/src/index.crates.io-1949cf8c6b5b557f/tokio-1.45.1/src/lib.rs:315:1
    |
315 | //! Beware though that this will pull in many extra dependencies that you may not
    | ^^^^^^^^^^^^^^^^^^^^^^^^^^^^^^^^^^^^^^^^^^^^^^^^^^^^^^^^^^^^^^^^^^^^^^^^^^^^^^^^^
    |
    = note: inner doc comments like this (starting with `//!` or `/*!`) can only appear before items
help: you might have meant to write a regular comment
    |
315 - //! Beware though that this will pull in many extra dependencies that you may not
315 + // Beware though that this will pull in many extra dependencies that you may not
    |

error[E0753]: expected outer doc comment
   --> /home/ghuntley/.cargo/registry/src/index.crates.io-1949cf8c6b5b557f/tokio-1.45.1/src/lib.rs:316:1
    |
316 | //! need.
    | ^^^^^^^^^
    |
    = note: inner doc comments like this (starting with `//!` or `/*!`) can only appear before items
help: you might have meant to write a regular comment
    |
316 - //! need.
316 + // need.
    |

error[E0753]: expected outer doc comment
   --> /home/ghuntley/.cargo/registry/src/index.crates.io-1949cf8c6b5b557f/tokio-1.45.1/src/lib.rs:317:1
    |
317 | //!
    | ^^^
    |
    = note: inner doc comments like this (starting with `//!` or `/*!`) can only appear before items
help: you might have meant to write a regular comment
    |
317 - //!
317 + //
    |

error[E0753]: expected outer doc comment
   --> /home/ghuntley/.cargo/registry/src/index.crates.io-1949cf8c6b5b557f/tokio-1.45.1/src/lib.rs:318:1
    |
318 | //! - `full`: Enables all features listed below except `test-util` and `tracing`.
    | ^^^^^^^^^^^^^^^^^^^^^^^^^^^^^^^^^^^^^^^^^^^^^^^^^^^^^^^^^^^^^^^^^^^^^^^^^^^^^^^^^
    |
    = note: inner doc comments like this (starting with `//!` or `/*!`) can only appear before items
help: you might have meant to write a regular comment
    |
318 - //! - `full`: Enables all features listed below except `test-util` and `tracing`.
318 + // - `full`: Enables all features listed below except `test-util` and `tracing`.
    |

error[E0753]: expected outer doc comment
   --> /home/ghuntley/.cargo/registry/src/index.crates.io-1949cf8c6b5b557f/tokio-1.45.1/src/lib.rs:319:1
    |
319 | //! - `rt`: Enables `tokio::spawn`, the current-thread scheduler,
    | ^^^^^^^^^^^^^^^^^^^^^^^^^^^^^^^^^^^^^^^^^^^^^^^^^^^^^^^^^^^^^^^^^
    |
    = note: inner doc comments like this (starting with `//!` or `/*!`) can only appear before items
help: you might have meant to write a regular comment
    |
319 - //! - `rt`: Enables `tokio::spawn`, the current-thread scheduler,
319 + // - `rt`: Enables `tokio::spawn`, the current-thread scheduler,
    |

error[E0753]: expected outer doc comment
   --> /home/ghuntley/.cargo/registry/src/index.crates.io-1949cf8c6b5b557f/tokio-1.45.1/src/lib.rs:320:1
    |
320 | //!         and non-scheduler utilities.
    | ^^^^^^^^^^^^^^^^^^^^^^^^^^^^^^^^^^^^^^^^
    |
    = note: inner doc comments like this (starting with `//!` or `/*!`) can only appear before items
help: you might have meant to write a regular comment
    |
320 - //!         and non-scheduler utilities.
320 + //         and non-scheduler utilities.
    |

   Compiling regex v1.11.1
   Compiling inkwell v0.4.0
   Compiling cbc v0.1.2
   Compiling toml v0.8.23
error: linking with `gcc` failed: exit status: 1
  |
  = note:  "gcc" "-m64" "/tmp/rustchWE1uw/symbols.o" "<40 object files omitted>" "-Wl,--as-needed" "-Wl,-Bstatic" "<sysroot>/lib/rustlib/x86_64-unknown-linux-gnu/lib/{libstd-*,libpanic_unwind-*,libobject-*,libmemchr-*,libaddr2line-*,libgimli-*,librustc_demangle-*,libstd_detect-*,libhashbrown-*,librustc_std_workspace_alloc-*,libminiz_oxide-*,libadler2-*,libunwind-*,libcfg_if-*,liblibc-*,liballoc-*,librustc_std_workspace_core-*,libcore-*,libcompiler_builtins-*}.rlib" "-Wl,-Bdynamic" "-lgcc_s" "-lutil" "-lrt" "-lpthread" "-lm" "-ldl" "-lc" "-Wl,--eh-frame-hdr" "-Wl,-z,noexecstack" "-L" "<sysroot>/lib/rustlib/x86_64-unknown-linux-gnu/lib" "-o" "/home/ghuntley/code/cursed/target/debug/build/cursed-0dcc97131d65d6a1/build_script_build-0dcc97131d65d6a1" "-Wl,--gc-sections" "-pie" "-Wl,-z,relro,-z,now" "-nodefaultlibs" "-fuse-ld=bfd" "-Wl,--disable-new-dtags"
  = note: some arguments are omitted. use `--verbose` to show all linker arguments
  = note: gcc: fatal error: cannot read spec file './specs': Is a directory
          compilation terminated.
          

error[E0753]: expected outer doc comment
   --> /home/ghuntley/.cargo/registry/src/index.crates.io-1949cf8c6b5b557f/tokio-1.45.1/src/lib.rs:321:1
    |
321 | //! - `rt-multi-thread`: Enables the heavier, multi-threaded, work-stealing scheduler.
    | ^^^^^^^^^^^^^^^^^^^^^^^^^^^^^^^^^^^^^^^^^^^^^^^^^^^^^^^^^^^^^^^^^^^^^^^^^^^^^^^^^^^^^^
    |
    = note: inner doc comments like this (starting with `//!` or `/*!`) can only appear before items
help: you might have meant to write a regular comment
    |
321 - //! - `rt-multi-thread`: Enables the heavier, multi-threaded, work-stealing scheduler.
321 + // - `rt-multi-thread`: Enables the heavier, multi-threaded, work-stealing scheduler.
    |

error[E0753]: expected outer doc comment
   --> /home/ghuntley/.cargo/registry/src/index.crates.io-1949cf8c6b5b557f/tokio-1.45.1/src/lib.rs:322:1
    |
322 | //! - `io-util`: Enables the IO based `Ext` traits.
    | ^^^^^^^^^^^^^^^^^^^^^^^^^^^^^^^^^^^^^^^^^^^^^^^^^^^
    |
    = note: inner doc comments like this (starting with `//!` or `/*!`) can only appear before items
help: you might have meant to write a regular comment
    |
322 - //! - `io-util`: Enables the IO based `Ext` traits.
322 + // - `io-util`: Enables the IO based `Ext` traits.
    |

error[E0753]: expected outer doc comment
   --> /home/ghuntley/.cargo/registry/src/index.crates.io-1949cf8c6b5b557f/tokio-1.45.1/src/lib.rs:323:1
    |
323 | //! - `io-std`: Enable `Stdout`, `Stdin` and `Stderr` types.
    | ^^^^^^^^^^^^^^^^^^^^^^^^^^^^^^^^^^^^^^^^^^^^^^^^^^^^^^^^^^^^
    |
    = note: inner doc comments like this (starting with `//!` or `/*!`) can only appear before items
help: you might have meant to write a regular comment
    |
323 - //! - `io-std`: Enable `Stdout`, `Stdin` and `Stderr` types.
323 + // - `io-std`: Enable `Stdout`, `Stdin` and `Stderr` types.
    |

error[E0753]: expected outer doc comment
   --> /home/ghuntley/.cargo/registry/src/index.crates.io-1949cf8c6b5b557f/tokio-1.45.1/src/lib.rs:324:1
    |
324 | //! - `net`: Enables `tokio::net` types such as `TcpStream`, `UnixStream` and
    | ^^^^^^^^^^^^^^^^^^^^^^^^^^^^^^^^^^^^^^^^^^^^^^^^^^^^^^^^^^^^^^^^^^^^^^^^^^^^^
    |
    = note: inner doc comments like this (starting with `//!` or `/*!`) can only appear before items
help: you might have meant to write a regular comment
    |
324 - //! - `net`: Enables `tokio::net` types such as `TcpStream`, `UnixStream` and
324 + // - `net`: Enables `tokio::net` types such as `TcpStream`, `UnixStream` and
    |

error[E0753]: expected outer doc comment
   --> /home/ghuntley/.cargo/registry/src/index.crates.io-1949cf8c6b5b557f/tokio-1.45.1/src/lib.rs:325:1
    |
325 | //!          `UdpSocket`, as well as (on Unix-like systems) `AsyncFd` and (on
    | ^^^^^^^^^^^^^^^^^^^^^^^^^^^^^^^^^^^^^^^^^^^^^^^^^^^^^^^^^^^^^^^^^^^^^^^^^^^^^
    |
    = note: inner doc comments like this (starting with `//!` or `/*!`) can only appear before items
help: you might have meant to write a regular comment
    |
325 - //!          `UdpSocket`, as well as (on Unix-like systems) `AsyncFd` and (on
325 + //          `UdpSocket`, as well as (on Unix-like systems) `AsyncFd` and (on
    |

error[E0753]: expected outer doc comment
   --> /home/ghuntley/.cargo/registry/src/index.crates.io-1949cf8c6b5b557f/tokio-1.45.1/src/lib.rs:326:1
    |
326 | //!          FreeBSD) `PollAio`.
    | ^^^^^^^^^^^^^^^^^^^^^^^^^^^^^^^^
    |
    = note: inner doc comments like this (starting with `//!` or `/*!`) can only appear before items
help: you might have meant to write a regular comment
    |
326 - //!          FreeBSD) `PollAio`.
326 + //          FreeBSD) `PollAio`.
    |

error[E0753]: expected outer doc comment
   --> /home/ghuntley/.cargo/registry/src/index.crates.io-1949cf8c6b5b557f/tokio-1.45.1/src/lib.rs:327:1
    |
327 | //! - `time`: Enables `tokio::time` types and allows the schedulers to enable
    | ^^^^^^^^^^^^^^^^^^^^^^^^^^^^^^^^^^^^^^^^^^^^^^^^^^^^^^^^^^^^^^^^^^^^^^^^^^^^^
    |
    = note: inner doc comments like this (starting with `//!` or `/*!`) can only appear before items
help: you might have meant to write a regular comment
    |
327 - //! - `time`: Enables `tokio::time` types and allows the schedulers to enable
327 + // - `time`: Enables `tokio::time` types and allows the schedulers to enable
    |

error: could not compile `cursed` (build script) due to 1 previous error
warning: build failed, waiting for other jobs to finish...
error[E0753]: expected outer doc comment
   --> /home/ghuntley/.cargo/registry/src/index.crates.io-1949cf8c6b5b557f/tokio-1.45.1/src/lib.rs:328:1
    |
328 | //!           the built in timer.
    | ^^^^^^^^^^^^^^^^^^^^^^^^^^^^^^^^^
    |
    = note: inner doc comments like this (starting with `//!` or `/*!`) can only appear before items
help: you might have meant to write a regular comment
    |
328 - //!           the built in timer.
328 + //           the built in timer.
    |

error[E0753]: expected outer doc comment
   --> /home/ghuntley/.cargo/registry/src/index.crates.io-1949cf8c6b5b557f/tokio-1.45.1/src/lib.rs:329:1
    |
329 | //! - `process`: Enables `tokio::process` types.
    | ^^^^^^^^^^^^^^^^^^^^^^^^^^^^^^^^^^^^^^^^^^^^^^^^
    |
    = note: inner doc comments like this (starting with `//!` or `/*!`) can only appear before items
help: you might have meant to write a regular comment
    |
329 - //! - `process`: Enables `tokio::process` types.
329 + // - `process`: Enables `tokio::process` types.
    |

error[E0753]: expected outer doc comment
   --> /home/ghuntley/.cargo/registry/src/index.crates.io-1949cf8c6b5b557f/tokio-1.45.1/src/lib.rs:330:1
    |
330 | //! - `macros`: Enables `#[tokio::main]` and `#[tokio::test]` macros.
    | ^^^^^^^^^^^^^^^^^^^^^^^^^^^^^^^^^^^^^^^^^^^^^^^^^^^^^^^^^^^^^^^^^^^^^
    |
    = note: inner doc comments like this (starting with `//!` or `/*!`) can only appear before items
help: you might have meant to write a regular comment
    |
330 - //! - `macros`: Enables `#[tokio::main]` and `#[tokio::test]` macros.
330 + // - `macros`: Enables `#[tokio::main]` and `#[tokio::test]` macros.
    |

error[E0753]: expected outer doc comment
   --> /home/ghuntley/.cargo/registry/src/index.crates.io-1949cf8c6b5b557f/tokio-1.45.1/src/lib.rs:331:1
    |
331 | //! - `sync`: Enables all `tokio::sync` types.
    | ^^^^^^^^^^^^^^^^^^^^^^^^^^^^^^^^^^^^^^^^^^^^^^
    |
    = note: inner doc comments like this (starting with `//!` or `/*!`) can only appear before items
help: you might have meant to write a regular comment
    |
331 - //! - `sync`: Enables all `tokio::sync` types.
331 + // - `sync`: Enables all `tokio::sync` types.
    |

error[E0753]: expected outer doc comment
   --> /home/ghuntley/.cargo/registry/src/index.crates.io-1949cf8c6b5b557f/tokio-1.45.1/src/lib.rs:332:1
    |
332 | //! - `signal`: Enables all `tokio::signal` types.
    | ^^^^^^^^^^^^^^^^^^^^^^^^^^^^^^^^^^^^^^^^^^^^^^^^^^
    |
    = note: inner doc comments like this (starting with `//!` or `/*!`) can only appear before items
help: you might have meant to write a regular comment
    |
332 - //! - `signal`: Enables all `tokio::signal` types.
332 + // - `signal`: Enables all `tokio::signal` types.
    |

error[E0753]: expected outer doc comment
   --> /home/ghuntley/.cargo/registry/src/index.crates.io-1949cf8c6b5b557f/tokio-1.45.1/src/lib.rs:333:1
    |
333 | //! - `fs`: Enables `tokio::fs` types.
    | ^^^^^^^^^^^^^^^^^^^^^^^^^^^^^^^^^^^^^^
    |
    = note: inner doc comments like this (starting with `//!` or `/*!`) can only appear before items
help: you might have meant to write a regular comment
    |
333 - //! - `fs`: Enables `tokio::fs` types.
333 + // - `fs`: Enables `tokio::fs` types.
    |

error[E0753]: expected outer doc comment
   --> /home/ghuntley/.cargo/registry/src/index.crates.io-1949cf8c6b5b557f/tokio-1.45.1/src/lib.rs:334:1
    |
334 | //! - `test-util`: Enables testing based infrastructure for the Tokio runtime.
    | ^^^^^^^^^^^^^^^^^^^^^^^^^^^^^^^^^^^^^^^^^^^^^^^^^^^^^^^^^^^^^^^^^^^^^^^^^^^^^^
    |
    = note: inner doc comments like this (starting with `//!` or `/*!`) can only appear before items
help: you might have meant to write a regular comment
    |
334 - //! - `test-util`: Enables testing based infrastructure for the Tokio runtime.
334 + // - `test-util`: Enables testing based infrastructure for the Tokio runtime.
    |

error[E0753]: expected outer doc comment
   --> /home/ghuntley/.cargo/registry/src/index.crates.io-1949cf8c6b5b557f/tokio-1.45.1/src/lib.rs:335:1
    |
335 | //! - `parking_lot`: As a potential optimization, use the `_parking_lot_` crate's
    | ^^^^^^^^^^^^^^^^^^^^^^^^^^^^^^^^^^^^^^^^^^^^^^^^^^^^^^^^^^^^^^^^^^^^^^^^^^^^^^^^^
    |
    = note: inner doc comments like this (starting with `//!` or `/*!`) can only appear before items
help: you might have meant to write a regular comment
    |
335 - //! - `parking_lot`: As a potential optimization, use the `_parking_lot_` crate's
335 + // - `parking_lot`: As a potential optimization, use the `_parking_lot_` crate's
    |

error[E0753]: expected outer doc comment
   --> /home/ghuntley/.cargo/registry/src/index.crates.io-1949cf8c6b5b557f/tokio-1.45.1/src/lib.rs:336:1
    |
336 | //!                  synchronization primitives internally. Also, this
    | ^^^^^^^^^^^^^^^^^^^^^^^^^^^^^^^^^^^^^^^^^^^^^^^^^^^^^^^^^^^^^^^^^^^^^^
    |
    = note: inner doc comments like this (starting with `//!` or `/*!`) can only appear before items
help: you might have meant to write a regular comment
    |
336 - //!                  synchronization primitives internally. Also, this
336 + //                  synchronization primitives internally. Also, this
    |

error[E0753]: expected outer doc comment
   --> /home/ghuntley/.cargo/registry/src/index.crates.io-1949cf8c6b5b557f/tokio-1.45.1/src/lib.rs:337:1
    |
337 | //!                  dependency is necessary to construct some of our primitives
    | ^^^^^^^^^^^^^^^^^^^^^^^^^^^^^^^^^^^^^^^^^^^^^^^^^^^^^^^^^^^^^^^^^^^^^^^^^^^^^^^^
    |
    = note: inner doc comments like this (starting with `//!` or `/*!`) can only appear before items
help: you might have meant to write a regular comment
    |
337 - //!                  dependency is necessary to construct some of our primitives
337 + //                  dependency is necessary to construct some of our primitives
    |

error[E0753]: expected outer doc comment
   --> /home/ghuntley/.cargo/registry/src/index.crates.io-1949cf8c6b5b557f/tokio-1.45.1/src/lib.rs:338:1
    |
338 | //!                  in a `const` context. `MSRV` may increase according to the
    | ^^^^^^^^^^^^^^^^^^^^^^^^^^^^^^^^^^^^^^^^^^^^^^^^^^^^^^^^^^^^^^^^^^^^^^^^^^^^^^^
    |
    = note: inner doc comments like this (starting with `//!` or `/*!`) can only appear before items
help: you might have meant to write a regular comment
    |
338 - //!                  in a `const` context. `MSRV` may increase according to the
338 + //                  in a `const` context. `MSRV` may increase according to the
    |

error[E0753]: expected outer doc comment
   --> /home/ghuntley/.cargo/registry/src/index.crates.io-1949cf8c6b5b557f/tokio-1.45.1/src/lib.rs:339:1
    |
339 | //!                  `_parking_lot_` release in use.
    | ^^^^^^^^^^^^^^^^^^^^^^^^^^^^^^^^^^^^^^^^^^^^^^^^^^^^
    |
    = note: inner doc comments like this (starting with `//!` or `/*!`) can only appear before items
help: you might have meant to write a regular comment
    |
339 - //!                  `_parking_lot_` release in use.
339 + //                  `_parking_lot_` release in use.
    |

error[E0753]: expected outer doc comment
   --> /home/ghuntley/.cargo/registry/src/index.crates.io-1949cf8c6b5b557f/tokio-1.45.1/src/lib.rs:340:1
    |
340 | //!
    | ^^^
    |
    = note: inner doc comments like this (starting with `//!` or `/*!`) can only appear before items
help: you might have meant to write a regular comment
    |
340 - //!
340 + //
    |

error[E0753]: expected outer doc comment
   --> /home/ghuntley/.cargo/registry/src/index.crates.io-1949cf8c6b5b557f/tokio-1.45.1/src/lib.rs:341:1
    |
341 | //! _Note: `AsyncRead` and `AsyncWrite` traits do not require any features and are
    | ^^^^^^^^^^^^^^^^^^^^^^^^^^^^^^^^^^^^^^^^^^^^^^^^^^^^^^^^^^^^^^^^^^^^^^^^^^^^^^^^^^
    |
    = note: inner doc comments like this (starting with `//!` or `/*!`) can only appear before items
help: you might have meant to write a regular comment
    |
341 - //! _Note: `AsyncRead` and `AsyncWrite` traits do not require any features and are
341 + // _Note: `AsyncRead` and `AsyncWrite` traits do not require any features and are
    |

error[E0753]: expected outer doc comment
   --> /home/ghuntley/.cargo/registry/src/index.crates.io-1949cf8c6b5b557f/tokio-1.45.1/src/lib.rs:342:1
    |
342 | //! always available._
    | ^^^^^^^^^^^^^^^^^^^^^^
    |
    = note: inner doc comments like this (starting with `//!` or `/*!`) can only appear before items
help: you might have meant to write a regular comment
    |
342 - //! always available._
342 + // always available._
    |

error[E0753]: expected outer doc comment
   --> /home/ghuntley/.cargo/registry/src/index.crates.io-1949cf8c6b5b557f/tokio-1.45.1/src/lib.rs:343:1
    |
343 | //!
    | ^^^
    |
    = note: inner doc comments like this (starting with `//!` or `/*!`) can only appear before items
help: you might have meant to write a regular comment
    |
343 - //!
343 + //
    |

error[E0753]: expected outer doc comment
   --> /home/ghuntley/.cargo/registry/src/index.crates.io-1949cf8c6b5b557f/tokio-1.45.1/src/lib.rs:344:1
    |
344 | //! ## Unstable features
    | ^^^^^^^^^^^^^^^^^^^^^^^^
    |
    = note: inner doc comments like this (starting with `//!` or `/*!`) can only appear before items
help: you might have meant to write a regular comment
    |
344 - //! ## Unstable features
344 + // ## Unstable features
    |

error[E0753]: expected outer doc comment
   --> /home/ghuntley/.cargo/registry/src/index.crates.io-1949cf8c6b5b557f/tokio-1.45.1/src/lib.rs:345:1
    |
345 | //!
    | ^^^
    |
    = note: inner doc comments like this (starting with `//!` or `/*!`) can only appear before items
help: you might have meant to write a regular comment
    |
345 - //!
345 + //
    |

error[E0753]: expected outer doc comment
   --> /home/ghuntley/.cargo/registry/src/index.crates.io-1949cf8c6b5b557f/tokio-1.45.1/src/lib.rs:346:1
    |
346 | //! Some feature flags are only available when specifying the `tokio_unstable` flag:
    | ^^^^^^^^^^^^^^^^^^^^^^^^^^^^^^^^^^^^^^^^^^^^^^^^^^^^^^^^^^^^^^^^^^^^^^^^^^^^^^^^^^^^
    |
    = note: inner doc comments like this (starting with `//!` or `/*!`) can only appear before items
help: you might have meant to write a regular comment
    |
346 - //! Some feature flags are only available when specifying the `tokio_unstable` flag:
346 + // Some feature flags are only available when specifying the `tokio_unstable` flag:
    |

error[E0753]: expected outer doc comment
   --> /home/ghuntley/.cargo/registry/src/index.crates.io-1949cf8c6b5b557f/tokio-1.45.1/src/lib.rs:347:1
    |
347 | //!
    | ^^^
    |
    = note: inner doc comments like this (starting with `//!` or `/*!`) can only appear before items
help: you might have meant to write a regular comment
    |
347 - //!
347 + //
    |

error[E0753]: expected outer doc comment
   --> /home/ghuntley/.cargo/registry/src/index.crates.io-1949cf8c6b5b557f/tokio-1.45.1/src/lib.rs:348:1
    |
348 | //! - `tracing`: Enables tracing events.
    | ^^^^^^^^^^^^^^^^^^^^^^^^^^^^^^^^^^^^^^^^
    |
    = note: inner doc comments like this (starting with `//!` or `/*!`) can only appear before items
help: you might have meant to write a regular comment
    |
348 - //! - `tracing`: Enables tracing events.
348 + // - `tracing`: Enables tracing events.
    |

error[E0753]: expected outer doc comment
   --> /home/ghuntley/.cargo/registry/src/index.crates.io-1949cf8c6b5b557f/tokio-1.45.1/src/lib.rs:349:1
    |
349 | //!
    | ^^^
    |
    = note: inner doc comments like this (starting with `//!` or `/*!`) can only appear before items
help: you might have meant to write a regular comment
    |
349 - //!
349 + //
    |

error[E0753]: expected outer doc comment
   --> /home/ghuntley/.cargo/registry/src/index.crates.io-1949cf8c6b5b557f/tokio-1.45.1/src/lib.rs:350:1
    |
350 | //! Likewise, some parts of the API are only available with the same flag:
    | ^^^^^^^^^^^^^^^^^^^^^^^^^^^^^^^^^^^^^^^^^^^^^^^^^^^^^^^^^^^^^^^^^^^^^^^^^^
    |
    = note: inner doc comments like this (starting with `//!` or `/*!`) can only appear before items
help: you might have meant to write a regular comment
    |
350 - //! Likewise, some parts of the API are only available with the same flag:
350 + // Likewise, some parts of the API are only available with the same flag:
    |

error[E0753]: expected outer doc comment
   --> /home/ghuntley/.cargo/registry/src/index.crates.io-1949cf8c6b5b557f/tokio-1.45.1/src/lib.rs:351:1
    |
351 | //!
    | ^^^
    |
    = note: inner doc comments like this (starting with `//!` or `/*!`) can only appear before items
help: you might have meant to write a regular comment
    |
351 - //!
351 + //
    |

error[E0753]: expected outer doc comment
   --> /home/ghuntley/.cargo/registry/src/index.crates.io-1949cf8c6b5b557f/tokio-1.45.1/src/lib.rs:352:1
    |
352 | //! - [`task::Builder`]
    | ^^^^^^^^^^^^^^^^^^^^^^^
    |
    = note: inner doc comments like this (starting with `//!` or `/*!`) can only appear before items
help: you might have meant to write a regular comment
    |
352 - //! - [`task::Builder`]
352 + // - [`task::Builder`]
    |

error[E0753]: expected outer doc comment
   --> /home/ghuntley/.cargo/registry/src/index.crates.io-1949cf8c6b5b557f/tokio-1.45.1/src/lib.rs:353:1
    |
353 | //! - Some methods on [`task::JoinSet`]
    | ^^^^^^^^^^^^^^^^^^^^^^^^^^^^^^^^^^^^^^^
    |
    = note: inner doc comments like this (starting with `//!` or `/*!`) can only appear before items
help: you might have meant to write a regular comment
    |
353 - //! - Some methods on [`task::JoinSet`]
353 + // - Some methods on [`task::JoinSet`]
    |

error[E0753]: expected outer doc comment
   --> /home/ghuntley/.cargo/registry/src/index.crates.io-1949cf8c6b5b557f/tokio-1.45.1/src/lib.rs:354:1
    |
354 | //! - [`runtime::RuntimeMetrics`]
    | ^^^^^^^^^^^^^^^^^^^^^^^^^^^^^^^^^
    |
    = note: inner doc comments like this (starting with `//!` or `/*!`) can only appear before items
help: you might have meant to write a regular comment
    |
354 - //! - [`runtime::RuntimeMetrics`]
354 + // - [`runtime::RuntimeMetrics`]
    |

error[E0753]: expected outer doc comment
   --> /home/ghuntley/.cargo/registry/src/index.crates.io-1949cf8c6b5b557f/tokio-1.45.1/src/lib.rs:355:1
    |
355 | //! - [`runtime::Builder::on_task_spawn`]
    | ^^^^^^^^^^^^^^^^^^^^^^^^^^^^^^^^^^^^^^^^^
    |
    = note: inner doc comments like this (starting with `//!` or `/*!`) can only appear before items
help: you might have meant to write a regular comment
    |
355 - //! - [`runtime::Builder::on_task_spawn`]
355 + // - [`runtime::Builder::on_task_spawn`]
    |

error[E0753]: expected outer doc comment
   --> /home/ghuntley/.cargo/registry/src/index.crates.io-1949cf8c6b5b557f/tokio-1.45.1/src/lib.rs:356:1
    |
356 | //! - [`runtime::Builder::on_task_terminate`]
    | ^^^^^^^^^^^^^^^^^^^^^^^^^^^^^^^^^^^^^^^^^^^^^
    |
    = note: inner doc comments like this (starting with `//!` or `/*!`) can only appear before items
help: you might have meant to write a regular comment
    |
356 - //! - [`runtime::Builder::on_task_terminate`]
356 + // - [`runtime::Builder::on_task_terminate`]
    |

error[E0753]: expected outer doc comment
   --> /home/ghuntley/.cargo/registry/src/index.crates.io-1949cf8c6b5b557f/tokio-1.45.1/src/lib.rs:357:1
    |
357 | //! - [`runtime::Builder::unhandled_panic`]
    | ^^^^^^^^^^^^^^^^^^^^^^^^^^^^^^^^^^^^^^^^^^^
    |
    = note: inner doc comments like this (starting with `//!` or `/*!`) can only appear before items
help: you might have meant to write a regular comment
    |
357 - //! - [`runtime::Builder::unhandled_panic`]
357 + // - [`runtime::Builder::unhandled_panic`]
    |

error[E0753]: expected outer doc comment
   --> /home/ghuntley/.cargo/registry/src/index.crates.io-1949cf8c6b5b557f/tokio-1.45.1/src/lib.rs:358:1
    |
358 | //! - [`runtime::TaskMeta`]
    | ^^^^^^^^^^^^^^^^^^^^^^^^^^^
    |
    = note: inner doc comments like this (starting with `//!` or `/*!`) can only appear before items
help: you might have meant to write a regular comment
    |
358 - //! - [`runtime::TaskMeta`]
358 + // - [`runtime::TaskMeta`]
    |

error[E0753]: expected outer doc comment
   --> /home/ghuntley/.cargo/registry/src/index.crates.io-1949cf8c6b5b557f/tokio-1.45.1/src/lib.rs:359:1
    |
359 | //!
    | ^^^
    |
    = note: inner doc comments like this (starting with `//!` or `/*!`) can only appear before items
help: you might have meant to write a regular comment
    |
359 - //!
359 + //
    |

error[E0753]: expected outer doc comment
   --> /home/ghuntley/.cargo/registry/src/index.crates.io-1949cf8c6b5b557f/tokio-1.45.1/src/lib.rs:360:1
    |
360 | //! This flag enables **unstable** features. The public API of these features
    | ^^^^^^^^^^^^^^^^^^^^^^^^^^^^^^^^^^^^^^^^^^^^^^^^^^^^^^^^^^^^^^^^^^^^^^^^^^^^^
    |
    = note: inner doc comments like this (starting with `//!` or `/*!`) can only appear before items
help: you might have meant to write a regular comment
    |
360 - //! This flag enables **unstable** features. The public API of these features
360 + // This flag enables **unstable** features. The public API of these features
    |

error[E0753]: expected outer doc comment
   --> /home/ghuntley/.cargo/registry/src/index.crates.io-1949cf8c6b5b557f/tokio-1.45.1/src/lib.rs:361:1
    |
361 | //! may break in 1.x releases. To enable these features, the `--cfg
    | ^^^^^^^^^^^^^^^^^^^^^^^^^^^^^^^^^^^^^^^^^^^^^^^^^^^^^^^^^^^^^^^^^^^
    |
    = note: inner doc comments like this (starting with `//!` or `/*!`) can only appear before items
help: you might have meant to write a regular comment
    |
361 - //! may break in 1.x releases. To enable these features, the `--cfg
361 + // may break in 1.x releases. To enable these features, the `--cfg
    |

error[E0753]: expected outer doc comment
   --> /home/ghuntley/.cargo/registry/src/index.crates.io-1949cf8c6b5b557f/tokio-1.45.1/src/lib.rs:362:1
    |
362 | //! tokio_unstable` argument must be passed to `rustc` when compiling. This
    | ^^^^^^^^^^^^^^^^^^^^^^^^^^^^^^^^^^^^^^^^^^^^^^^^^^^^^^^^^^^^^^^^^^^^^^^^^^^
    |
    = note: inner doc comments like this (starting with `//!` or `/*!`) can only appear before items
help: you might have meant to write a regular comment
    |
362 - //! tokio_unstable` argument must be passed to `rustc` when compiling. This
362 + // tokio_unstable` argument must be passed to `rustc` when compiling. This
    |

error[E0753]: expected outer doc comment
   --> /home/ghuntley/.cargo/registry/src/index.crates.io-1949cf8c6b5b557f/tokio-1.45.1/src/lib.rs:363:1
    |
363 | //! serves to explicitly opt-in to features which may break semver conventions,
    | ^^^^^^^^^^^^^^^^^^^^^^^^^^^^^^^^^^^^^^^^^^^^^^^^^^^^^^^^^^^^^^^^^^^^^^^^^^^^^^^
    |
    = note: inner doc comments like this (starting with `//!` or `/*!`) can only appear before items
help: you might have meant to write a regular comment
    |
363 - //! serves to explicitly opt-in to features which may break semver conventions,
363 + // serves to explicitly opt-in to features which may break semver conventions,
    |

error[E0753]: expected outer doc comment
   --> /home/ghuntley/.cargo/registry/src/index.crates.io-1949cf8c6b5b557f/tokio-1.45.1/src/lib.rs:364:1
    |
364 | //! since Cargo [does not yet directly support such opt-ins][unstable features].
    | ^^^^^^^^^^^^^^^^^^^^^^^^^^^^^^^^^^^^^^^^^^^^^^^^^^^^^^^^^^^^^^^^^^^^^^^^^^^^^^^^
    |
    = note: inner doc comments like this (starting with `//!` or `/*!`) can only appear before items
help: you might have meant to write a regular comment
    |
364 - //! since Cargo [does not yet directly support such opt-ins][unstable features].
364 + // since Cargo [does not yet directly support such opt-ins][unstable features].
    |

error[E0753]: expected outer doc comment
   --> /home/ghuntley/.cargo/registry/src/index.crates.io-1949cf8c6b5b557f/tokio-1.45.1/src/lib.rs:365:1
    |
365 | //!
    | ^^^
    |
    = note: inner doc comments like this (starting with `//!` or `/*!`) can only appear before items
help: you might have meant to write a regular comment
    |
365 - //!
365 + //
    |

error[E0753]: expected outer doc comment
   --> /home/ghuntley/.cargo/registry/src/index.crates.io-1949cf8c6b5b557f/tokio-1.45.1/src/lib.rs:366:1
    |
366 | //! You can specify it in your project's `.cargo/config.toml` file:
    | ^^^^^^^^^^^^^^^^^^^^^^^^^^^^^^^^^^^^^^^^^^^^^^^^^^^^^^^^^^^^^^^^^^^
    |
    = note: inner doc comments like this (starting with `//!` or `/*!`) can only appear before items
help: you might have meant to write a regular comment
    |
366 - //! You can specify it in your project's `.cargo/config.toml` file:
366 + // You can specify it in your project's `.cargo/config.toml` file:
    |

error[E0753]: expected outer doc comment
   --> /home/ghuntley/.cargo/registry/src/index.crates.io-1949cf8c6b5b557f/tokio-1.45.1/src/lib.rs:367:1
    |
367 | //!
    | ^^^
    |
    = note: inner doc comments like this (starting with `//!` or `/*!`) can only appear before items
help: you might have meant to write a regular comment
    |
367 - //!
367 + //
    |

error[E0753]: expected outer doc comment
   --> /home/ghuntley/.cargo/registry/src/index.crates.io-1949cf8c6b5b557f/tokio-1.45.1/src/lib.rs:368:1
    |
368 | //! ```toml
    | ^^^^^^^^^^^
    |
    = note: inner doc comments like this (starting with `//!` or `/*!`) can only appear before items
help: you might have meant to write a regular comment
    |
368 - //! ```toml
368 + // ```toml
    |

error[E0753]: expected outer doc comment
   --> /home/ghuntley/.cargo/registry/src/index.crates.io-1949cf8c6b5b557f/tokio-1.45.1/src/lib.rs:369:1
    |
369 | //! [build]
    | ^^^^^^^^^^^
    |
    = note: inner doc comments like this (starting with `//!` or `/*!`) can only appear before items
help: you might have meant to write a regular comment
    |
369 - //! [build]
369 + // [build]
    |

error[E0753]: expected outer doc comment
   --> /home/ghuntley/.cargo/registry/src/index.crates.io-1949cf8c6b5b557f/tokio-1.45.1/src/lib.rs:370:1
    |
370 | //! rustflags = ["--cfg", "tokio_unstable"]
    | ^^^^^^^^^^^^^^^^^^^^^^^^^^^^^^^^^^^^^^^^^^^
    |
    = note: inner doc comments like this (starting with `//!` or `/*!`) can only appear before items
help: you might have meant to write a regular comment
    |
370 - //! rustflags = ["--cfg", "tokio_unstable"]
370 + // rustflags = ["--cfg", "tokio_unstable"]
    |

error[E0753]: expected outer doc comment
   --> /home/ghuntley/.cargo/registry/src/index.crates.io-1949cf8c6b5b557f/tokio-1.45.1/src/lib.rs:371:1
    |
371 | //! ```
    | ^^^^^^^
    |
    = note: inner doc comments like this (starting with `//!` or `/*!`) can only appear before items
help: you might have meant to write a regular comment
    |
371 - //! ```
371 + // ```
    |

error[E0753]: expected outer doc comment
   --> /home/ghuntley/.cargo/registry/src/index.crates.io-1949cf8c6b5b557f/tokio-1.45.1/src/lib.rs:372:1
    |
372 | //!
    | ^^^
    |
    = note: inner doc comments like this (starting with `//!` or `/*!`) can only appear before items
help: you might have meant to write a regular comment
    |
372 - //!
372 + //
    |

error[E0753]: expected outer doc comment
   --> /home/ghuntley/.cargo/registry/src/index.crates.io-1949cf8c6b5b557f/tokio-1.45.1/src/lib.rs:373:1
    |
373 | //! <div class="warning">
    | ^^^^^^^^^^^^^^^^^^^^^^^^^
    |
    = note: inner doc comments like this (starting with `//!` or `/*!`) can only appear before items
help: you might have meant to write a regular comment
    |
373 - //! <div class="warning">
373 + // <div class="warning">
    |

error[E0753]: expected outer doc comment
   --> /home/ghuntley/.cargo/registry/src/index.crates.io-1949cf8c6b5b557f/tokio-1.45.1/src/lib.rs:374:1
    |
374 | //! The <code>[build]</code> section does <strong>not</strong> go in a
    | ^^^^^^^^^^^^^^^^^^^^^^^^^^^^^^^^^^^^^^^^^^^^^^^^^^^^^^^^^^^^^^^^^^^^^^
    |
    = note: inner doc comments like this (starting with `//!` or `/*!`) can only appear before items
help: you might have meant to write a regular comment
    |
374 - //! The <code>[build]</code> section does <strong>not</strong> go in a
374 + // The <code>[build]</code> section does <strong>not</strong> go in a
    |

error[E0753]: expected outer doc comment
   --> /home/ghuntley/.cargo/registry/src/index.crates.io-1949cf8c6b5b557f/tokio-1.45.1/src/lib.rs:375:1
    |
375 | //! <code>Cargo.toml</code> file. Instead it must be placed in the Cargo config
    | ^^^^^^^^^^^^^^^^^^^^^^^^^^^^^^^^^^^^^^^^^^^^^^^^^^^^^^^^^^^^^^^^^^^^^^^^^^^^^^^
    |
    = note: inner doc comments like this (starting with `//!` or `/*!`) can only appear before items
help: you might have meant to write a regular comment
    |
375 - //! <code>Cargo.toml</code> file. Instead it must be placed in the Cargo config
375 + // <code>Cargo.toml</code> file. Instead it must be placed in the Cargo config
    |

error[E0753]: expected outer doc comment
   --> /home/ghuntley/.cargo/registry/src/index.crates.io-1949cf8c6b5b557f/tokio-1.45.1/src/lib.rs:376:1
    |
376 | //! file <code>.cargo/config.toml</code>.
    | ^^^^^^^^^^^^^^^^^^^^^^^^^^^^^^^^^^^^^^^^^
    |
    = note: inner doc comments like this (starting with `//!` or `/*!`) can only appear before items
help: you might have meant to write a regular comment
    |
376 - //! file <code>.cargo/config.toml</code>.
376 + // file <code>.cargo/config.toml</code>.
    |

error[E0753]: expected outer doc comment
   --> /home/ghuntley/.cargo/registry/src/index.crates.io-1949cf8c6b5b557f/tokio-1.45.1/src/lib.rs:377:1
    |
377 | //! </div>
    | ^^^^^^^^^^
    |
    = note: inner doc comments like this (starting with `//!` or `/*!`) can only appear before items
help: you might have meant to write a regular comment
    |
377 - //! </div>
377 + // </div>
    |

error[E0753]: expected outer doc comment
   --> /home/ghuntley/.cargo/registry/src/index.crates.io-1949cf8c6b5b557f/tokio-1.45.1/src/lib.rs:378:1
    |
378 | //!
    | ^^^
    |
    = note: inner doc comments like this (starting with `//!` or `/*!`) can only appear before items
help: you might have meant to write a regular comment
    |
378 - //!
378 + //
    |

error[E0753]: expected outer doc comment
   --> /home/ghuntley/.cargo/registry/src/index.crates.io-1949cf8c6b5b557f/tokio-1.45.1/src/lib.rs:379:1
    |
379 | //! Alternatively, you can specify it with an environment variable:
    | ^^^^^^^^^^^^^^^^^^^^^^^^^^^^^^^^^^^^^^^^^^^^^^^^^^^^^^^^^^^^^^^^^^^
    |
    = note: inner doc comments like this (starting with `//!` or `/*!`) can only appear before items
help: you might have meant to write a regular comment
    |
379 - //! Alternatively, you can specify it with an environment variable:
379 + // Alternatively, you can specify it with an environment variable:
    |

error[E0753]: expected outer doc comment
   --> /home/ghuntley/.cargo/registry/src/index.crates.io-1949cf8c6b5b557f/tokio-1.45.1/src/lib.rs:380:1
    |
380 | //!
    | ^^^
    |
    = note: inner doc comments like this (starting with `//!` or `/*!`) can only appear before items
help: you might have meant to write a regular comment
    |
380 - //!
380 + //
    |

error[E0753]: expected outer doc comment
   --> /home/ghuntley/.cargo/registry/src/index.crates.io-1949cf8c6b5b557f/tokio-1.45.1/src/lib.rs:381:1
    |
381 | //! ```sh
    | ^^^^^^^^^
    |
    = note: inner doc comments like this (starting with `//!` or `/*!`) can only appear before items
help: you might have meant to write a regular comment
    |
381 - //! ```sh
381 + // ```sh
    |

error[E0753]: expected outer doc comment
   --> /home/ghuntley/.cargo/registry/src/index.crates.io-1949cf8c6b5b557f/tokio-1.45.1/src/lib.rs:382:1
    |
382 | //! ## Many *nix shells:
    | ^^^^^^^^^^^^^^^^^^^^^^^^
    |
    = note: inner doc comments like this (starting with `//!` or `/*!`) can only appear before items
help: you might have meant to write a regular comment
    |
382 - //! ## Many *nix shells:
382 + // ## Many *nix shells:
    |

error[E0753]: expected outer doc comment
   --> /home/ghuntley/.cargo/registry/src/index.crates.io-1949cf8c6b5b557f/tokio-1.45.1/src/lib.rs:383:1
    |
383 | //! export RUSTFLAGS="--cfg tokio_unstable"
    | ^^^^^^^^^^^^^^^^^^^^^^^^^^^^^^^^^^^^^^^^^^^
    |
    = note: inner doc comments like this (starting with `//!` or `/*!`) can only appear before items
help: you might have meant to write a regular comment
    |
383 - //! export RUSTFLAGS="--cfg tokio_unstable"
383 + // export RUSTFLAGS="--cfg tokio_unstable"
    |

error[E0753]: expected outer doc comment
   --> /home/ghuntley/.cargo/registry/src/index.crates.io-1949cf8c6b5b557f/tokio-1.45.1/src/lib.rs:384:1
    |
384 | //! cargo build
    | ^^^^^^^^^^^^^^^
    |
    = note: inner doc comments like this (starting with `//!` or `/*!`) can only appear before items
help: you might have meant to write a regular comment
    |
384 - //! cargo build
384 + // cargo build
    |

error[E0753]: expected outer doc comment
   --> /home/ghuntley/.cargo/registry/src/index.crates.io-1949cf8c6b5b557f/tokio-1.45.1/src/lib.rs:385:1
    |
385 | //! ```
    | ^^^^^^^
    |
    = note: inner doc comments like this (starting with `//!` or `/*!`) can only appear before items
help: you might have meant to write a regular comment
    |
385 - //! ```
385 + // ```
    |

error[E0753]: expected outer doc comment
   --> /home/ghuntley/.cargo/registry/src/index.crates.io-1949cf8c6b5b557f/tokio-1.45.1/src/lib.rs:386:1
    |
386 | //!
    | ^^^
    |
    = note: inner doc comments like this (starting with `//!` or `/*!`) can only appear before items
help: you might have meant to write a regular comment
    |
386 - //!
386 + //
    |

error[E0753]: expected outer doc comment
   --> /home/ghuntley/.cargo/registry/src/index.crates.io-1949cf8c6b5b557f/tokio-1.45.1/src/lib.rs:387:1
    |
387 | //! ```powershell
    | ^^^^^^^^^^^^^^^^^
    |
    = note: inner doc comments like this (starting with `//!` or `/*!`) can only appear before items
help: you might have meant to write a regular comment
    |
387 - //! ```powershell
387 + // ```powershell
    |

error[E0753]: expected outer doc comment
   --> /home/ghuntley/.cargo/registry/src/index.crates.io-1949cf8c6b5b557f/tokio-1.45.1/src/lib.rs:388:1
    |
388 | //! ## Windows PowerShell:
    | ^^^^^^^^^^^^^^^^^^^^^^^^^^
    |
    = note: inner doc comments like this (starting with `//!` or `/*!`) can only appear before items
help: you might have meant to write a regular comment
    |
388 - //! ## Windows PowerShell:
388 + // ## Windows PowerShell:
    |

error[E0753]: expected outer doc comment
   --> /home/ghuntley/.cargo/registry/src/index.crates.io-1949cf8c6b5b557f/tokio-1.45.1/src/lib.rs:389:1
    |
389 | //! $Env:RUSTFLAGS="--cfg tokio_unstable"
    | ^^^^^^^^^^^^^^^^^^^^^^^^^^^^^^^^^^^^^^^^^
    |
    = note: inner doc comments like this (starting with `//!` or `/*!`) can only appear before items
help: you might have meant to write a regular comment
    |
389 - //! $Env:RUSTFLAGS="--cfg tokio_unstable"
389 + // $Env:RUSTFLAGS="--cfg tokio_unstable"
    |

error[E0753]: expected outer doc comment
   --> /home/ghuntley/.cargo/registry/src/index.crates.io-1949cf8c6b5b557f/tokio-1.45.1/src/lib.rs:390:1
    |
390 | //! cargo build
    | ^^^^^^^^^^^^^^^
    |
    = note: inner doc comments like this (starting with `//!` or `/*!`) can only appear before items
help: you might have meant to write a regular comment
    |
390 - //! cargo build
390 + // cargo build
    |

error[E0753]: expected outer doc comment
   --> /home/ghuntley/.cargo/registry/src/index.crates.io-1949cf8c6b5b557f/tokio-1.45.1/src/lib.rs:391:1
    |
391 | //! ```
    | ^^^^^^^
    |
    = note: inner doc comments like this (starting with `//!` or `/*!`) can only appear before items
help: you might have meant to write a regular comment
    |
391 - //! ```
391 + // ```
    |

error[E0753]: expected outer doc comment
   --> /home/ghuntley/.cargo/registry/src/index.crates.io-1949cf8c6b5b557f/tokio-1.45.1/src/lib.rs:392:1
    |
392 | //!
    | ^^^
    |
    = note: inner doc comments like this (starting with `//!` or `/*!`) can only appear before items
help: you might have meant to write a regular comment
    |
392 - //!
392 + //
    |

error[E0753]: expected outer doc comment
   --> /home/ghuntley/.cargo/registry/src/index.crates.io-1949cf8c6b5b557f/tokio-1.45.1/src/lib.rs:393:1
    |
393 | //! [unstable features]: https://internals.rust-lang.org/t/feature-request-unstable-opt-in-non-transitive-crate-features/16193#why-not-a-crate-feature-2
    | ^^^^^^^^^^^^^^^^^^^^^^^^^^^^^^^^^^^^^^^^^^^^^^^^^^^^^^^^^^^^^^^^^^^^^^^^^^^^^^^^^^^^^^^^^^^^^^^^^^^^^^^^^^^^^^^^^^^^^^^^^^^^^^^^^^^^^^^^^^^^^^^^^^^^^^^^
    |
    = note: inner doc comments like this (starting with `//!` or `/*!`) can only appear before items
help: you might have meant to write a regular comment
    |
393 - //! [unstable features]: https://internals.rust-lang.org/t/feature-request-unstable-opt-in-non-transitive-crate-features/16193#why-not-a-crate-feature-2
393 + // [unstable features]: https://internals.rust-lang.org/t/feature-request-unstable-opt-in-non-transitive-crate-features/16193#why-not-a-crate-feature-2
    |

error[E0753]: expected outer doc comment
   --> /home/ghuntley/.cargo/registry/src/index.crates.io-1949cf8c6b5b557f/tokio-1.45.1/src/lib.rs:394:1
    |
394 | //! [feature flags]: https://doc.rust-lang.org/cargo/reference/manifest.html#the-features-section
    | ^^^^^^^^^^^^^^^^^^^^^^^^^^^^^^^^^^^^^^^^^^^^^^^^^^^^^^^^^^^^^^^^^^^^^^^^^^^^^^^^^^^^^^^^^^^^^^^^^
    |
    = note: inner doc comments like this (starting with `//!` or `/*!`) can only appear before items
help: you might have meant to write a regular comment
    |
394 - //! [feature flags]: https://doc.rust-lang.org/cargo/reference/manifest.html#the-features-section
394 + // [feature flags]: https://doc.rust-lang.org/cargo/reference/manifest.html#the-features-section
    |

error[E0753]: expected outer doc comment
   --> /home/ghuntley/.cargo/registry/src/index.crates.io-1949cf8c6b5b557f/tokio-1.45.1/src/lib.rs:395:1
    |
395 | //!
    | ^^^
    |
    = note: inner doc comments like this (starting with `//!` or `/*!`) can only appear before items
help: you might have meant to write a regular comment
    |
395 - //!
395 + //
    |

error[E0753]: expected outer doc comment
   --> /home/ghuntley/.cargo/registry/src/index.crates.io-1949cf8c6b5b557f/tokio-1.45.1/src/lib.rs:396:1
    |
396 | //! # Supported platforms
    | ^^^^^^^^^^^^^^^^^^^^^^^^^
    |
    = note: inner doc comments like this (starting with `//!` or `/*!`) can only appear before items
help: you might have meant to write a regular comment
    |
396 - //! # Supported platforms
396 + // # Supported platforms
    |

error[E0753]: expected outer doc comment
   --> /home/ghuntley/.cargo/registry/src/index.crates.io-1949cf8c6b5b557f/tokio-1.45.1/src/lib.rs:397:1
    |
397 | //!
    | ^^^
    |
    = note: inner doc comments like this (starting with `//!` or `/*!`) can only appear before items
help: you might have meant to write a regular comment
    |
397 - //!
397 + //
    |

error[E0753]: expected outer doc comment
   --> /home/ghuntley/.cargo/registry/src/index.crates.io-1949cf8c6b5b557f/tokio-1.45.1/src/lib.rs:398:1
    |
398 | //! Tokio currently guarantees support for the following platforms:
    | ^^^^^^^^^^^^^^^^^^^^^^^^^^^^^^^^^^^^^^^^^^^^^^^^^^^^^^^^^^^^^^^^^^^
    |
    = note: inner doc comments like this (starting with `//!` or `/*!`) can only appear before items
help: you might have meant to write a regular comment
    |
398 - //! Tokio currently guarantees support for the following platforms:
398 + // Tokio currently guarantees support for the following platforms:
    |

error[E0753]: expected outer doc comment
   --> /home/ghuntley/.cargo/registry/src/index.crates.io-1949cf8c6b5b557f/tokio-1.45.1/src/lib.rs:399:1
    |
399 | //!
    | ^^^
    |
    = note: inner doc comments like this (starting with `//!` or `/*!`) can only appear before items
help: you might have meant to write a regular comment
    |
399 - //!
399 + //
    |

error[E0753]: expected outer doc comment
   --> /home/ghuntley/.cargo/registry/src/index.crates.io-1949cf8c6b5b557f/tokio-1.45.1/src/lib.rs:400:1
    |
400 | //!  * Linux
    | ^^^^^^^^^^^^
    |
    = note: inner doc comments like this (starting with `//!` or `/*!`) can only appear before items
help: you might have meant to write a regular comment
    |
400 - //!  * Linux
400 + //  * Linux
    |

error[E0753]: expected outer doc comment
   --> /home/ghuntley/.cargo/registry/src/index.crates.io-1949cf8c6b5b557f/tokio-1.45.1/src/lib.rs:401:1
    |
401 | //!  * Windows
    | ^^^^^^^^^^^^^^
    |
    = note: inner doc comments like this (starting with `//!` or `/*!`) can only appear before items
help: you might have meant to write a regular comment
    |
401 - //!  * Windows
401 + //  * Windows
    |

error[E0753]: expected outer doc comment
   --> /home/ghuntley/.cargo/registry/src/index.crates.io-1949cf8c6b5b557f/tokio-1.45.1/src/lib.rs:402:1
    |
402 | //!  * Android (API level 21)
    | ^^^^^^^^^^^^^^^^^^^^^^^^^^^^^
    |
    = note: inner doc comments like this (starting with `//!` or `/*!`) can only appear before items
help: you might have meant to write a regular comment
    |
402 - //!  * Android (API level 21)
402 + //  * Android (API level 21)
    |

error[E0753]: expected outer doc comment
   --> /home/ghuntley/.cargo/registry/src/index.crates.io-1949cf8c6b5b557f/tokio-1.45.1/src/lib.rs:403:1
    |
403 | //!  * macOS
    | ^^^^^^^^^^^^
    |
    = note: inner doc comments like this (starting with `//!` or `/*!`) can only appear before items
help: you might have meant to write a regular comment
    |
403 - //!  * macOS
403 + //  * macOS
    |

error[E0753]: expected outer doc comment
   --> /home/ghuntley/.cargo/registry/src/index.crates.io-1949cf8c6b5b557f/tokio-1.45.1/src/lib.rs:404:1
    |
404 | //!  * iOS
    | ^^^^^^^^^^
    |
    = note: inner doc comments like this (starting with `//!` or `/*!`) can only appear before items
help: you might have meant to write a regular comment
    |
404 - //!  * iOS
404 + //  * iOS
    |

error[E0753]: expected outer doc comment
   --> /home/ghuntley/.cargo/registry/src/index.crates.io-1949cf8c6b5b557f/tokio-1.45.1/src/lib.rs:405:1
    |
405 | //!  * FreeBSD
    | ^^^^^^^^^^^^^^
    |
    = note: inner doc comments like this (starting with `//!` or `/*!`) can only appear before items
help: you might have meant to write a regular comment
    |
405 - //!  * FreeBSD
405 + //  * FreeBSD
    |

error[E0753]: expected outer doc comment
   --> /home/ghuntley/.cargo/registry/src/index.crates.io-1949cf8c6b5b557f/tokio-1.45.1/src/lib.rs:406:1
    |
406 | //!
    | ^^^
    |
    = note: inner doc comments like this (starting with `//!` or `/*!`) can only appear before items
help: you might have meant to write a regular comment
    |
406 - //!
406 + //
    |

error[E0753]: expected outer doc comment
   --> /home/ghuntley/.cargo/registry/src/index.crates.io-1949cf8c6b5b557f/tokio-1.45.1/src/lib.rs:407:1
    |
407 | //! Tokio will continue to support these platforms in the future. However,
    | ^^^^^^^^^^^^^^^^^^^^^^^^^^^^^^^^^^^^^^^^^^^^^^^^^^^^^^^^^^^^^^^^^^^^^^^^^^
    |
    = note: inner doc comments like this (starting with `//!` or `/*!`) can only appear before items
help: you might have meant to write a regular comment
    |
407 - //! Tokio will continue to support these platforms in the future. However,
407 + // Tokio will continue to support these platforms in the future. However,
    |

error[E0753]: expected outer doc comment
   --> /home/ghuntley/.cargo/registry/src/index.crates.io-1949cf8c6b5b557f/tokio-1.45.1/src/lib.rs:408:1
    |
408 | //! future releases may change requirements such as the minimum required libc
    | ^^^^^^^^^^^^^^^^^^^^^^^^^^^^^^^^^^^^^^^^^^^^^^^^^^^^^^^^^^^^^^^^^^^^^^^^^^^^^
    |
    = note: inner doc comments like this (starting with `//!` or `/*!`) can only appear before items
help: you might have meant to write a regular comment
    |
408 - //! future releases may change requirements such as the minimum required libc
408 + // future releases may change requirements such as the minimum required libc
    |

error[E0753]: expected outer doc comment
   --> /home/ghuntley/.cargo/registry/src/index.crates.io-1949cf8c6b5b557f/tokio-1.45.1/src/lib.rs:409:1
    |
409 | //! version on Linux, the API level on Android, or the supported FreeBSD
    | ^^^^^^^^^^^^^^^^^^^^^^^^^^^^^^^^^^^^^^^^^^^^^^^^^^^^^^^^^^^^^^^^^^^^^^^^
    |
    = note: inner doc comments like this (starting with `//!` or `/*!`) can only appear before items
help: you might have meant to write a regular comment
    |
409 - //! version on Linux, the API level on Android, or the supported FreeBSD
409 + // version on Linux, the API level on Android, or the supported FreeBSD
    |

error[E0753]: expected outer doc comment
   --> /home/ghuntley/.cargo/registry/src/index.crates.io-1949cf8c6b5b557f/tokio-1.45.1/src/lib.rs:410:1
    |
410 | //! release.
    | ^^^^^^^^^^^^
    |
    = note: inner doc comments like this (starting with `//!` or `/*!`) can only appear before items
help: you might have meant to write a regular comment
    |
410 - //! release.
410 + // release.
    |

error[E0753]: expected outer doc comment
   --> /home/ghuntley/.cargo/registry/src/index.crates.io-1949cf8c6b5b557f/tokio-1.45.1/src/lib.rs:411:1
    |
411 | //!
    | ^^^
    |
    = note: inner doc comments like this (starting with `//!` or `/*!`) can only appear before items
help: you might have meant to write a regular comment
    |
411 - //!
411 + //
    |

error[E0753]: expected outer doc comment
   --> /home/ghuntley/.cargo/registry/src/index.crates.io-1949cf8c6b5b557f/tokio-1.45.1/src/lib.rs:412:1
    |
412 | //! Beyond the above platforms, Tokio is intended to work on all platforms
    | ^^^^^^^^^^^^^^^^^^^^^^^^^^^^^^^^^^^^^^^^^^^^^^^^^^^^^^^^^^^^^^^^^^^^^^^^^^
    |
    = note: inner doc comments like this (starting with `//!` or `/*!`) can only appear before items
help: you might have meant to write a regular comment
    |
412 - //! Beyond the above platforms, Tokio is intended to work on all platforms
412 + // Beyond the above platforms, Tokio is intended to work on all platforms
    |

error[E0753]: expected outer doc comment
   --> /home/ghuntley/.cargo/registry/src/index.crates.io-1949cf8c6b5b557f/tokio-1.45.1/src/lib.rs:413:1
    |
413 | //! supported by the mio crate. You can find a longer list [in mio's
    | ^^^^^^^^^^^^^^^^^^^^^^^^^^^^^^^^^^^^^^^^^^^^^^^^^^^^^^^^^^^^^^^^^^^^
    |
    = note: inner doc comments like this (starting with `//!` or `/*!`) can only appear before items
help: you might have meant to write a regular comment
    |
413 - //! supported by the mio crate. You can find a longer list [in mio's
413 + // supported by the mio crate. You can find a longer list [in mio's
    |

error[E0753]: expected outer doc comment
   --> /home/ghuntley/.cargo/registry/src/index.crates.io-1949cf8c6b5b557f/tokio-1.45.1/src/lib.rs:414:1
    |
414 | //! documentation][mio-supported]. However, these additional platforms may
    | ^^^^^^^^^^^^^^^^^^^^^^^^^^^^^^^^^^^^^^^^^^^^^^^^^^^^^^^^^^^^^^^^^^^^^^^^^^
    |
    = note: inner doc comments like this (starting with `//!` or `/*!`) can only appear before items
help: you might have meant to write a regular comment
    |
414 - //! documentation][mio-supported]. However, these additional platforms may
414 + // documentation][mio-supported]. However, these additional platforms may
    |

error[E0753]: expected outer doc comment
   --> /home/ghuntley/.cargo/registry/src/index.crates.io-1949cf8c6b5b557f/tokio-1.45.1/src/lib.rs:415:1
    |
415 | //! become unsupported in the future.
    | ^^^^^^^^^^^^^^^^^^^^^^^^^^^^^^^^^^^^^
    |
    = note: inner doc comments like this (starting with `//!` or `/*!`) can only appear before items
help: you might have meant to write a regular comment
    |
415 - //! become unsupported in the future.
415 + // become unsupported in the future.
    |

error[E0753]: expected outer doc comment
   --> /home/ghuntley/.cargo/registry/src/index.crates.io-1949cf8c6b5b557f/tokio-1.45.1/src/lib.rs:416:1
    |
416 | //!
    | ^^^
    |
    = note: inner doc comments like this (starting with `//!` or `/*!`) can only appear before items
help: you might have meant to write a regular comment
    |
416 - //!
416 + //
    |

error[E0753]: expected outer doc comment
   --> /home/ghuntley/.cargo/registry/src/index.crates.io-1949cf8c6b5b557f/tokio-1.45.1/src/lib.rs:417:1
    |
417 | //! Note that Wine is considered to be a different platform from Windows. See
    | ^^^^^^^^^^^^^^^^^^^^^^^^^^^^^^^^^^^^^^^^^^^^^^^^^^^^^^^^^^^^^^^^^^^^^^^^^^^^^
    |
    = note: inner doc comments like this (starting with `//!` or `/*!`) can only appear before items
help: you might have meant to write a regular comment
    |
417 - //! Note that Wine is considered to be a different platform from Windows. See
417 + // Note that Wine is considered to be a different platform from Windows. See
    |

error[E0753]: expected outer doc comment
   --> /home/ghuntley/.cargo/registry/src/index.crates.io-1949cf8c6b5b557f/tokio-1.45.1/src/lib.rs:418:1
    |
418 | //! mio's documentation for more information on Wine support.
    | ^^^^^^^^^^^^^^^^^^^^^^^^^^^^^^^^^^^^^^^^^^^^^^^^^^^^^^^^^^^^^
    |
    = note: inner doc comments like this (starting with `//!` or `/*!`) can only appear before items
help: you might have meant to write a regular comment
    |
418 - //! mio's documentation for more information on Wine support.
418 + // mio's documentation for more information on Wine support.
    |

error[E0753]: expected outer doc comment
   --> /home/ghuntley/.cargo/registry/src/index.crates.io-1949cf8c6b5b557f/tokio-1.45.1/src/lib.rs:419:1
    |
419 | //!
    | ^^^
    |
    = note: inner doc comments like this (starting with `//!` or `/*!`) can only appear before items
help: you might have meant to write a regular comment
    |
419 - //!
419 + //
    |

error[E0753]: expected outer doc comment
   --> /home/ghuntley/.cargo/registry/src/index.crates.io-1949cf8c6b5b557f/tokio-1.45.1/src/lib.rs:420:1
    |
420 | //! [mio-supported]: https://crates.io/crates/mio#platforms
    | ^^^^^^^^^^^^^^^^^^^^^^^^^^^^^^^^^^^^^^^^^^^^^^^^^^^^^^^^^^^
    |
    = note: inner doc comments like this (starting with `//!` or `/*!`) can only appear before items
help: you might have meant to write a regular comment
    |
420 - //! [mio-supported]: https://crates.io/crates/mio#platforms
420 + // [mio-supported]: https://crates.io/crates/mio#platforms
    |

error[E0753]: expected outer doc comment
   --> /home/ghuntley/.cargo/registry/src/index.crates.io-1949cf8c6b5b557f/tokio-1.45.1/src/lib.rs:421:1
    |
421 | //!
    | ^^^
    |
    = note: inner doc comments like this (starting with `//!` or `/*!`) can only appear before items
help: you might have meant to write a regular comment
    |
421 - //!
421 + //
    |

error[E0753]: expected outer doc comment
   --> /home/ghuntley/.cargo/registry/src/index.crates.io-1949cf8c6b5b557f/tokio-1.45.1/src/lib.rs:422:1
    |
422 | //! ## `WASM` support
    | ^^^^^^^^^^^^^^^^^^^^^
    |
    = note: inner doc comments like this (starting with `//!` or `/*!`) can only appear before items
help: you might have meant to write a regular comment
    |
422 - //! ## `WASM` support
422 + // ## `WASM` support
    |

error[E0753]: expected outer doc comment
   --> /home/ghuntley/.cargo/registry/src/index.crates.io-1949cf8c6b5b557f/tokio-1.45.1/src/lib.rs:423:1
    |
423 | //!
    | ^^^
    |
    = note: inner doc comments like this (starting with `//!` or `/*!`) can only appear before items
help: you might have meant to write a regular comment
    |
423 - //!
423 + //
    |

error[E0753]: expected outer doc comment
   --> /home/ghuntley/.cargo/registry/src/index.crates.io-1949cf8c6b5b557f/tokio-1.45.1/src/lib.rs:424:1
    |
424 | //! Tokio has some limited support for the `WASM` platform. Without the
    | ^^^^^^^^^^^^^^^^^^^^^^^^^^^^^^^^^^^^^^^^^^^^^^^^^^^^^^^^^^^^^^^^^^^^^^^
    |
    = note: inner doc comments like this (starting with `//!` or `/*!`) can only appear before items
help: you might have meant to write a regular comment
    |
424 - //! Tokio has some limited support for the `WASM` platform. Without the
424 + // Tokio has some limited support for the `WASM` platform. Without the
    |

error[E0753]: expected outer doc comment
   --> /home/ghuntley/.cargo/registry/src/index.crates.io-1949cf8c6b5b557f/tokio-1.45.1/src/lib.rs:425:1
    |
425 | //! `tokio_unstable` flag, the following features are supported:
    | ^^^^^^^^^^^^^^^^^^^^^^^^^^^^^^^^^^^^^^^^^^^^^^^^^^^^^^^^^^^^^^^^
    |
    = note: inner doc comments like this (starting with `//!` or `/*!`) can only appear before items
help: you might have meant to write a regular comment
    |
425 - //! `tokio_unstable` flag, the following features are supported:
425 + // `tokio_unstable` flag, the following features are supported:
    |

error[E0753]: expected outer doc comment
   --> /home/ghuntley/.cargo/registry/src/index.crates.io-1949cf8c6b5b557f/tokio-1.45.1/src/lib.rs:426:1
    |
426 | //!
    | ^^^
    |
    = note: inner doc comments like this (starting with `//!` or `/*!`) can only appear before items
help: you might have meant to write a regular comment
    |
426 - //!
426 + //
    |

error[E0753]: expected outer doc comment
   --> /home/ghuntley/.cargo/registry/src/index.crates.io-1949cf8c6b5b557f/tokio-1.45.1/src/lib.rs:427:1
    |
427 | //!  * `sync`
    | ^^^^^^^^^^^^^
    |
    = note: inner doc comments like this (starting with `//!` or `/*!`) can only appear before items
help: you might have meant to write a regular comment
    |
427 - //!  * `sync`
427 + //  * `sync`
    |

error[E0753]: expected outer doc comment
   --> /home/ghuntley/.cargo/registry/src/index.crates.io-1949cf8c6b5b557f/tokio-1.45.1/src/lib.rs:428:1
    |
428 | //!  * `macros`
    | ^^^^^^^^^^^^^^^
    |
    = note: inner doc comments like this (starting with `//!` or `/*!`) can only appear before items
help: you might have meant to write a regular comment
    |
428 - //!  * `macros`
428 + //  * `macros`
    |

error[E0753]: expected outer doc comment
   --> /home/ghuntley/.cargo/registry/src/index.crates.io-1949cf8c6b5b557f/tokio-1.45.1/src/lib.rs:429:1
    |
429 | //!  * `io-util`
    | ^^^^^^^^^^^^^^^^
    |
    = note: inner doc comments like this (starting with `//!` or `/*!`) can only appear before items
help: you might have meant to write a regular comment
    |
429 - //!  * `io-util`
429 + //  * `io-util`
    |

error[E0753]: expected outer doc comment
   --> /home/ghuntley/.cargo/registry/src/index.crates.io-1949cf8c6b5b557f/tokio-1.45.1/src/lib.rs:430:1
    |
430 | //!  * `rt`
    | ^^^^^^^^^^^
    |
    = note: inner doc comments like this (starting with `//!` or `/*!`) can only appear before items
help: you might have meant to write a regular comment
    |
430 - //!  * `rt`
430 + //  * `rt`
    |

error[E0753]: expected outer doc comment
   --> /home/ghuntley/.cargo/registry/src/index.crates.io-1949cf8c6b5b557f/tokio-1.45.1/src/lib.rs:431:1
    |
431 | //!  * `time`
    | ^^^^^^^^^^^^^
    |
    = note: inner doc comments like this (starting with `//!` or `/*!`) can only appear before items
help: you might have meant to write a regular comment
    |
431 - //!  * `time`
431 + //  * `time`
    |

error[E0753]: expected outer doc comment
   --> /home/ghuntley/.cargo/registry/src/index.crates.io-1949cf8c6b5b557f/tokio-1.45.1/src/lib.rs:432:1
    |
432 | //!
    | ^^^
    |
    = note: inner doc comments like this (starting with `//!` or `/*!`) can only appear before items
help: you might have meant to write a regular comment
    |
432 - //!
432 + //
    |

error[E0753]: expected outer doc comment
   --> /home/ghuntley/.cargo/registry/src/index.crates.io-1949cf8c6b5b557f/tokio-1.45.1/src/lib.rs:433:1
    |
433 | //! Enabling any other feature (including `full`) will cause a compilation
    | ^^^^^^^^^^^^^^^^^^^^^^^^^^^^^^^^^^^^^^^^^^^^^^^^^^^^^^^^^^^^^^^^^^^^^^^^^^
    |
    = note: inner doc comments like this (starting with `//!` or `/*!`) can only appear before items
help: you might have meant to write a regular comment
    |
433 - //! Enabling any other feature (including `full`) will cause a compilation
433 + // Enabling any other feature (including `full`) will cause a compilation
    |

error[E0753]: expected outer doc comment
   --> /home/ghuntley/.cargo/registry/src/index.crates.io-1949cf8c6b5b557f/tokio-1.45.1/src/lib.rs:434:1
    |
434 | //! failure.
    | ^^^^^^^^^^^^
    |
    = note: inner doc comments like this (starting with `//!` or `/*!`) can only appear before items
help: you might have meant to write a regular comment
    |
434 - //! failure.
434 + // failure.
    |

error[E0753]: expected outer doc comment
   --> /home/ghuntley/.cargo/registry/src/index.crates.io-1949cf8c6b5b557f/tokio-1.45.1/src/lib.rs:435:1
    |
435 | //!
    | ^^^
    |
    = note: inner doc comments like this (starting with `//!` or `/*!`) can only appear before items
help: you might have meant to write a regular comment
    |
435 - //!
435 + //
    |

error[E0753]: expected outer doc comment
   --> /home/ghuntley/.cargo/registry/src/index.crates.io-1949cf8c6b5b557f/tokio-1.45.1/src/lib.rs:436:1
    |
436 | //! The `time` module will only work on `WASM` platforms that have support for
    | ^^^^^^^^^^^^^^^^^^^^^^^^^^^^^^^^^^^^^^^^^^^^^^^^^^^^^^^^^^^^^^^^^^^^^^^^^^^^^^
    |
    = note: inner doc comments like this (starting with `//!` or `/*!`) can only appear before items
help: you might have meant to write a regular comment
    |
436 - //! The `time` module will only work on `WASM` platforms that have support for
436 + // The `time` module will only work on `WASM` platforms that have support for
    |

error[E0753]: expected outer doc comment
   --> /home/ghuntley/.cargo/registry/src/index.crates.io-1949cf8c6b5b557f/tokio-1.45.1/src/lib.rs:437:1
    |
437 | //! timers (e.g. wasm32-wasi). The timing functions will panic if used on a `WASM`
    | ^^^^^^^^^^^^^^^^^^^^^^^^^^^^^^^^^^^^^^^^^^^^^^^^^^^^^^^^^^^^^^^^^^^^^^^^^^^^^^^^^^
    |
    = note: inner doc comments like this (starting with `//!` or `/*!`) can only appear before items
help: you might have meant to write a regular comment
    |
437 - //! timers (e.g. wasm32-wasi). The timing functions will panic if used on a `WASM`
437 + // timers (e.g. wasm32-wasi). The timing functions will panic if used on a `WASM`
    |

error[E0753]: expected outer doc comment
   --> /home/ghuntley/.cargo/registry/src/index.crates.io-1949cf8c6b5b557f/tokio-1.45.1/src/lib.rs:438:1
    |
438 | //! platform that does not support timers.
    | ^^^^^^^^^^^^^^^^^^^^^^^^^^^^^^^^^^^^^^^^^^
    |
    = note: inner doc comments like this (starting with `//!` or `/*!`) can only appear before items
help: you might have meant to write a regular comment
    |
438 - //! platform that does not support timers.
438 + // platform that does not support timers.
    |

error[E0753]: expected outer doc comment
   --> /home/ghuntley/.cargo/registry/src/index.crates.io-1949cf8c6b5b557f/tokio-1.45.1/src/lib.rs:439:1
    |
439 | //!
    | ^^^
    |
    = note: inner doc comments like this (starting with `//!` or `/*!`) can only appear before items
help: you might have meant to write a regular comment
    |
439 - //!
439 + //
    |

error[E0753]: expected outer doc comment
   --> /home/ghuntley/.cargo/registry/src/index.crates.io-1949cf8c6b5b557f/tokio-1.45.1/src/lib.rs:440:1
    |
440 | //! Note also that if the runtime becomes indefinitely idle, it will panic
    | ^^^^^^^^^^^^^^^^^^^^^^^^^^^^^^^^^^^^^^^^^^^^^^^^^^^^^^^^^^^^^^^^^^^^^^^^^^
    |
    = note: inner doc comments like this (starting with `//!` or `/*!`) can only appear before items
help: you might have meant to write a regular comment
    |
440 - //! Note also that if the runtime becomes indefinitely idle, it will panic
440 + // Note also that if the runtime becomes indefinitely idle, it will panic
    |

error[E0753]: expected outer doc comment
   --> /home/ghuntley/.cargo/registry/src/index.crates.io-1949cf8c6b5b557f/tokio-1.45.1/src/lib.rs:441:1
    |
441 | //! immediately instead of blocking forever. On platforms that don't support
    | ^^^^^^^^^^^^^^^^^^^^^^^^^^^^^^^^^^^^^^^^^^^^^^^^^^^^^^^^^^^^^^^^^^^^^^^^^^^^
    |
    = note: inner doc comments like this (starting with `//!` or `/*!`) can only appear before items
help: you might have meant to write a regular comment
    |
441 - //! immediately instead of blocking forever. On platforms that don't support
441 + // immediately instead of blocking forever. On platforms that don't support
    |

error[E0753]: expected outer doc comment
   --> /home/ghuntley/.cargo/registry/src/index.crates.io-1949cf8c6b5b557f/tokio-1.45.1/src/lib.rs:442:1
    |
442 | //! time, this means that the runtime can never be idle in any way.
    | ^^^^^^^^^^^^^^^^^^^^^^^^^^^^^^^^^^^^^^^^^^^^^^^^^^^^^^^^^^^^^^^^^^^
    |
    = note: inner doc comments like this (starting with `//!` or `/*!`) can only appear before items
help: you might have meant to write a regular comment
    |
442 - //! time, this means that the runtime can never be idle in any way.
442 + // time, this means that the runtime can never be idle in any way.
    |

error[E0753]: expected outer doc comment
   --> /home/ghuntley/.cargo/registry/src/index.crates.io-1949cf8c6b5b557f/tokio-1.45.1/src/lib.rs:443:1
    |
443 | //!
    | ^^^
    |
    = note: inner doc comments like this (starting with `//!` or `/*!`) can only appear before items
help: you might have meant to write a regular comment
    |
443 - //!
443 + //
    |

error[E0753]: expected outer doc comment
   --> /home/ghuntley/.cargo/registry/src/index.crates.io-1949cf8c6b5b557f/tokio-1.45.1/src/lib.rs:444:1
    |
444 | //! ## Unstable `WASM` support
    | ^^^^^^^^^^^^^^^^^^^^^^^^^^^^^^
    |
    = note: inner doc comments like this (starting with `//!` or `/*!`) can only appear before items
help: you might have meant to write a regular comment
    |
444 - //! ## Unstable `WASM` support
444 + // ## Unstable `WASM` support
    |

error[E0753]: expected outer doc comment
   --> /home/ghuntley/.cargo/registry/src/index.crates.io-1949cf8c6b5b557f/tokio-1.45.1/src/lib.rs:445:1
    |
445 | //!
    | ^^^
    |
    = note: inner doc comments like this (starting with `//!` or `/*!`) can only appear before items
help: you might have meant to write a regular comment
    |
445 - //!
445 + //
    |

error[E0753]: expected outer doc comment
   --> /home/ghuntley/.cargo/registry/src/index.crates.io-1949cf8c6b5b557f/tokio-1.45.1/src/lib.rs:446:1
    |
446 | //! Tokio also has unstable support for some additional `WASM` features. This
    | ^^^^^^^^^^^^^^^^^^^^^^^^^^^^^^^^^^^^^^^^^^^^^^^^^^^^^^^^^^^^^^^^^^^^^^^^^^^^^
    |
    = note: inner doc comments like this (starting with `//!` or `/*!`) can only appear before items
help: you might have meant to write a regular comment
    |
446 - //! Tokio also has unstable support for some additional `WASM` features. This
446 + // Tokio also has unstable support for some additional `WASM` features. This
    |

error[E0753]: expected outer doc comment
   --> /home/ghuntley/.cargo/registry/src/index.crates.io-1949cf8c6b5b557f/tokio-1.45.1/src/lib.rs:447:1
    |
447 | //! requires the use of the `tokio_unstable` flag.
    | ^^^^^^^^^^^^^^^^^^^^^^^^^^^^^^^^^^^^^^^^^^^^^^^^^^
    |
    = note: inner doc comments like this (starting with `//!` or `/*!`) can only appear before items
help: you might have meant to write a regular comment
    |
447 - //! requires the use of the `tokio_unstable` flag.
447 + // requires the use of the `tokio_unstable` flag.
    |

error[E0753]: expected outer doc comment
   --> /home/ghuntley/.cargo/registry/src/index.crates.io-1949cf8c6b5b557f/tokio-1.45.1/src/lib.rs:448:1
    |
448 | //!
    | ^^^
    |
    = note: inner doc comments like this (starting with `//!` or `/*!`) can only appear before items
help: you might have meant to write a regular comment
    |
448 - //!
448 + //
    |

error[E0753]: expected outer doc comment
   --> /home/ghuntley/.cargo/registry/src/index.crates.io-1949cf8c6b5b557f/tokio-1.45.1/src/lib.rs:449:1
    |
449 | //! Using this flag enables the use of `tokio::net` on the wasm32-wasi target.
    | ^^^^^^^^^^^^^^^^^^^^^^^^^^^^^^^^^^^^^^^^^^^^^^^^^^^^^^^^^^^^^^^^^^^^^^^^^^^^^^
    |
    = note: inner doc comments like this (starting with `//!` or `/*!`) can only appear before items
help: you might have meant to write a regular comment
    |
449 - //! Using this flag enables the use of `tokio::net` on the wasm32-wasi target.
449 + // Using this flag enables the use of `tokio::net` on the wasm32-wasi target.
    |

error[E0753]: expected outer doc comment
   --> /home/ghuntley/.cargo/registry/src/index.crates.io-1949cf8c6b5b557f/tokio-1.45.1/src/lib.rs:450:1
    |
450 | //! However, not all methods are available on the networking types as `WASI`
    | ^^^^^^^^^^^^^^^^^^^^^^^^^^^^^^^^^^^^^^^^^^^^^^^^^^^^^^^^^^^^^^^^^^^^^^^^^^^^
    |
    = note: inner doc comments like this (starting with `//!` or `/*!`) can only appear before items
help: you might have meant to write a regular comment
    |
450 - //! However, not all methods are available on the networking types as `WASI`
450 + // However, not all methods are available on the networking types as `WASI`
    |

error[E0753]: expected outer doc comment
   --> /home/ghuntley/.cargo/registry/src/index.crates.io-1949cf8c6b5b557f/tokio-1.45.1/src/lib.rs:451:1
    |
451 | //! currently does not support the creation of new sockets from within `WASM`.
    | ^^^^^^^^^^^^^^^^^^^^^^^^^^^^^^^^^^^^^^^^^^^^^^^^^^^^^^^^^^^^^^^^^^^^^^^^^^^^^^
    |
    = note: inner doc comments like this (starting with `//!` or `/*!`) can only appear before items
help: you might have meant to write a regular comment
    |
451 - //! currently does not support the creation of new sockets from within `WASM`.
451 + // currently does not support the creation of new sockets from within `WASM`.
    |

error[E0753]: expected outer doc comment
   --> /home/ghuntley/.cargo/registry/src/index.crates.io-1949cf8c6b5b557f/tokio-1.45.1/src/lib.rs:452:1
    |
452 | //! Because of this, sockets must currently be created via the `FromRawFd`
    | ^^^^^^^^^^^^^^^^^^^^^^^^^^^^^^^^^^^^^^^^^^^^^^^^^^^^^^^^^^^^^^^^^^^^^^^^^^
    |
    = note: inner doc comments like this (starting with `//!` or `/*!`) can only appear before items
help: you might have meant to write a regular comment
    |
452 - //! Because of this, sockets must currently be created via the `FromRawFd`
452 + // Because of this, sockets must currently be created via the `FromRawFd`
    |

error[E0753]: expected outer doc comment
   --> /home/ghuntley/.cargo/registry/src/index.crates.io-1949cf8c6b5b557f/tokio-1.45.1/src/lib.rs:453:1
    |
453 |   //! trait.
    |   ^^^^^^^^^^
...
460 | / compile_error! {
461 | |     "Tokio requires the platform pointer width to be at least 32 bits"
462 | | }
    | |_- the inner doc comment doesn't annotate this item macro invocation
    |
help: to annotate the item macro invocation, change the doc comment from inner to outer style
    |
453 - //! trait.
453 + /// trait.
    |

error[E0432]: unresolved import `crate::error`
 --> /home/ghuntley/.cargo/registry/src/index.crates.io-1949cf8c6b5b557f/tokio-1.45.1/src/lib.rs:1:12
  |
1 | use crate::error::Error;
  |            ^^^^^
  |            |
  |            unresolved import
  |            help: a similar path exists: `core::error`

Some errors have detailed explanations: E0432, E0753.
For more information about an error, try `rustc --explain E0432`.
error: could not compile `tokio` (lib) due to 439 previous errors
