    Checking cursed v0.1.0 (/home/ghuntley/code/cursed)
error: unexpected closing delimiter: `}`
  --> src/stdlib/http_core/response.rs:71:1
   |
12 | use crate::stdlib::http_core::{
   |                               - this opening brace...
13 |     Headers, HeaderMap, ContentType, Cookie, CookieJar, HttpError, HttpResult
14 | };
   | - ...matches this closing brace
...
71 | }
   | ^ unexpected closing delimiter

error: could not compile `cursed` (lib) due to 1 previous error
