🔧 Fixed linking environment:
   LIBRARY_PATH: /nix/store/6pak77li0iw9x0b3yhmbjvp846w3p6bx-libffi-3.4.6/lib:/nix/store/l5g2v1jgfyf3j0jp9iv5b79fi8yrwzpp-zlib-1.3.1/lib:/nix/store/k3a7dzrqphj9ksbb43i24vy6inz8ys51-ncurses-6.4.20221231/lib:/nix/store/hd6llsw2dkiazk9d2ywv13cc6alhflly-libxml2-2.13.5/lib:/nix/store/dsqzw96w4sxsp4q9yvkfl2yh701mpwgi-sqlite-3.46.1/lib
   RUSTFLAGS: -C linker=gcc -C link-arg=-fuse-ld=bfd

warning: ambiguous glob re-exports
  --> src/ast/mod.rs:86:9
   |
78 | pub use expressions::*;
   |         -------------- but the name `BlockExpression` in the type namespace is also re-exported here
...
86 | pub use block::*;
   |         ^^^^^^^^ the name `BlockExpression` in the type namespace is first re-exported here
   |
   = note: `#[warn(ambiguous_glob_reexports)]` on by default

warning: ambiguous glob re-exports
  --> src/runtime/channels/mod.rs:27:9
   |
27 | pub use select::*;
   |         ^^^^^^^^^ the name `ChannelSelector` in the type namespace is first re-exported here
...
42 | pub use sync::*;
   |         ------- but the name `ChannelSelector` in the type namespace is also re-exported here

warning: ambiguous glob re-exports
  --> src/runtime/channels/mod.rs:27:9
   |
27 | pub use select::*;
   |         ^^^^^^^^^ the name `SelectResult` in the type namespace is first re-exported here
...
42 | pub use sync::*;
   |         ------- but the name `SelectResult` in the type namespace is also re-exported here

warning: variant `Rolled_back` should have an upper camel case name
  --> src/stdlib/packages/db_migrate/runner.rs:17:5
   |
17 |     Rolled_back,
   |     ^^^^^^^^^^^ help: convert the identifier to upper camel case: `RolledBack`
   |
   = note: `#[warn(non_camel_case_types)]` on by default

warning: unused doc comment
   --> src/stdlib/packages/test_vibes/runners.rs:409:1
    |
409 | /// fr fr Global test registry for easy test registration
    | ^^^^^^^^^^^^^^^^^^^^^^^^^^^^^^^^^^^^^^^^^^^^^^^^^^^^^^^^^ rustdoc does not generate documentation for macro invocations
    |
    = help: to document an item produced by a macro, the macro must produce the documentation as part of its expansion
    = note: `#[warn(unused_doc_comments)]` on by default

warning: ambiguous glob re-exports
  --> src/stdlib/packages/mod.rs:31:9
   |
31 | pub use db_core::*;
   |         ^^^^^^^^^^ the name `connection` in the type namespace is first re-exported here
32 | pub use db_sql::*;
   |         --------- but the name `connection` in the type namespace is also re-exported here

warning: ambiguous glob re-exports
  --> src/stdlib/packages/mod.rs:31:9
   |
31 | pub use db_core::*;
   |         ^^^^^^^^^^ the name `result` in the type namespace is first re-exported here
32 | pub use db_sql::*;
   |         --------- but the name `result` in the type namespace is also re-exported here

warning: ambiguous glob re-exports
  --> src/stdlib/packages/mod.rs:31:9
   |
31 | pub use db_core::*;
   |         ^^^^^^^^^^ the name `error` in the type namespace is first re-exported here
...
49 | pub use sql_vibes::*;
   |         ------------ but the name `error` in the type namespace is also re-exported here

warning: ambiguous glob re-exports
  --> src/stdlib/packages/mod.rs:31:9
   |
31 | pub use db_core::*;
   |         ^^^^^^^^^^ the name `ResultSet` in the type namespace is first re-exported here
...
49 | pub use sql_vibes::*;
   |         ------------ but the name `ResultSet` in the type namespace is also re-exported here

warning: ambiguous glob re-exports
  --> src/stdlib/packages/mod.rs:31:9
   |
31 | pub use db_core::*;
   |         ^^^^^^^^^^ the name `utils` in the type namespace is first re-exported here
...
36 | pub use crypto_advanced::*;
   |         ------------------ but the name `utils` in the type namespace is also re-exported here

warning: ambiguous glob re-exports
  --> src/stdlib/packages/mod.rs:31:9
   |
31 | pub use db_core::*;
   |         ^^^^^^^^^^ the name `PreparedStatement` in the type namespace is first re-exported here
32 | pub use db_sql::*;
   |         --------- but the name `PreparedStatement` in the type namespace is also re-exported here

warning: ambiguous glob re-exports
  --> src/stdlib/packages/mod.rs:31:9
   |
31 | pub use db_core::*;
   |         ^^^^^^^^^^ the name `SqlDialect` in the type namespace is first re-exported here
32 | pub use db_sql::*;
   |         --------- but the name `SqlDialect` in the type namespace is also re-exported here

warning: ambiguous glob re-exports
  --> src/stdlib/packages/mod.rs:31:9
   |
31 | pub use db_core::*;
   |         ^^^^^^^^^^ the name `Parameter` in the type namespace is first re-exported here
...
49 | pub use sql_vibes::*;
   |         ------------ but the name `Parameter` in the type namespace is also re-exported here

warning: ambiguous glob re-exports
  --> src/stdlib/packages/mod.rs:31:9
   |
31 | pub use db_core::*;
   |         ^^^^^^^^^^ the name `Row` in the type namespace is first re-exported here
...
49 | pub use sql_vibes::*;
   |         ------------ but the name `Row` in the type namespace is also re-exported here

warning: ambiguous glob re-exports
  --> src/stdlib/packages/mod.rs:32:9
   |
32 | pub use db_sql::*;
   |         ^^^^^^^^^ the name `types` in the type namespace is first re-exported here
...
49 | pub use sql_vibes::*;
   |         ------------ but the name `types` in the type namespace is also re-exported here

warning: ambiguous glob re-exports
  --> src/stdlib/packages/mod.rs:32:9
   |
32 | pub use db_sql::*;
   |         ^^^^^^^^^ the name `SqlValue` in the type namespace is first re-exported here
...
49 | pub use sql_vibes::*;
   |         ------------ but the name `SqlValue` in the type namespace is also re-exported here

warning: ambiguous glob re-exports
  --> src/stdlib/packages/mod.rs:32:9
   |
32 | pub use db_sql::*;
   |         ^^^^^^^^^ the name `SqlType` in the type namespace is first re-exported here
...
49 | pub use sql_vibes::*;
   |         ------------ but the name `SqlType` in the type namespace is also re-exported here

warning: ambiguous glob re-exports
  --> src/stdlib/packages/mod.rs:37:9
   |
37 | pub use crypto_asymmetric::*;
   |         ^^^^^^^^^^^^^^^^^^^^ the name `algorithms` in the type namespace is first re-exported here
...
40 | pub use crypto_hash_advanced::*;
   |         ----------------------- but the name `algorithms` in the type namespace is also re-exported here

warning: ambiguous glob re-exports
  --> src/stdlib/packages/mod.rs:42:9
   |
42 | pub use crypto_zk::*;
   |         ^^^^^^^^^^^^ the name `stub` in the type namespace is first re-exported here
...
45 | pub use crypto_protocols::*;
   |         ------------------- but the name `stub` in the type namespace is also re-exported here

warning: unused doc comment
   --> src/stdlib/database/driver.rs:331:1
    |
331 | /// fr fr Global driver registry instance
    | ^^^^^^^^^^^^^^^^^^^^^^^^^^^^^^^^^^^^^^^^^ rustdoc does not generate documentation for macro invocations
    |
    = help: to document an item produced by a macro, the macro must produce the documentation as part of its expansion

warning: ambiguous glob re-exports
  --> src/profiling/mod.rs:18:9
   |
18 | pub use memory::*;
   |         ^^^^^^^^^ the name `LeakSeverity` in the type namespace is first re-exported here
...
22 | pub use analysis::*;
   |         ----------- but the name `LeakSeverity` in the type namespace is also re-exported here

warning: ambiguous glob re-exports
  --> src/profiling/mod.rs:20:9
   |
20 | pub use io::*;
   |         ^^^^^ the name `BottleneckType` in the type namespace is first re-exported here
21 | pub use benchmarking::*;
22 | pub use analysis::*;
   |         ----------- but the name `BottleneckType` in the type namespace is also re-exported here

warning: ambiguous glob re-exports
  --> src/profiling/mod.rs:24:9
   |
24 | pub use reporting::*;
   |         ^^^^^^^^^^^^ the name `PerformanceSummary` in the type namespace is first re-exported here
25 | pub use cli::*;
26 | pub use integration::*;
   |         -------------- but the name `PerformanceSummary` in the type namespace is also re-exported here

warning: unreachable expression
   --> src/stdlib/process/platform.rs:548:9
    |
540 | /             return Ok(PlatformProcessInfo::Unix {
541 | |                 command_line: unix::get_process_command_line(pid)?,
542 | |                 environment: unix::get_process_environment(pid)?,
543 | |                 file_descriptors: unix::get_process_file_descriptors(pid)?,
544 | |             });
    | |______________- any code following this expression is unreachable
...
548 | /         {
549 | |             let cgroups = linux::get_process_cgroup(pid)?;
550 | |             let namespaces = linux::get_process_namespaces(pid)?;
551 | |             let security_context = linux::get_process_security_context(pid)?;
...   |
560 | |             })
561 | |         }
    | |_________^ unreachable expression
    |
    = note: `#[warn(unreachable_code)]` on by default

warning: use of deprecated method `std::sync::atomic::AtomicBool::compare_and_swap`: Use `compare_exchange` or `compare_exchange_weak` instead
   --> src/stdlib/sync/primitives.rs:422:20
    |
422 |         self.inner.compare_and_swap(current, new, ordering)
    |                    ^^^^^^^^^^^^^^^^
    |
    = note: `#[warn(deprecated)]` on by default

warning: use of deprecated method `std::sync::atomic::AtomicI32::compare_and_swap`: Use `compare_exchange` or `compare_exchange_weak` instead
   --> src/stdlib/sync/primitives.rs:469:20
    |
469 |         self.inner.compare_and_swap(current, new, ordering)
    |                    ^^^^^^^^^^^^^^^^

warning: use of deprecated method `std::sync::atomic::AtomicI64::compare_and_swap`: Use `compare_exchange` or `compare_exchange_weak` instead
   --> src/stdlib/sync/primitives.rs:536:20
    |
536 |         self.inner.compare_and_swap(current, new, ordering)
    |                    ^^^^^^^^^^^^^^^^

warning: use of deprecated method `std::sync::atomic::AtomicUsize::compare_and_swap`: Use `compare_exchange` or `compare_exchange_weak` instead
   --> src/stdlib/sync/primitives.rs:603:20
    |
603 |         self.inner.compare_and_swap(current, new, ordering)
    |                    ^^^^^^^^^^^^^^^^

warning: use of deprecated method `std::sync::atomic::AtomicPtr::<T>::compare_and_swap`: Use `compare_exchange` or `compare_exchange_weak` instead
   --> src/stdlib/sync/primitives.rs:670:20
    |
670 |         self.inner.compare_and_swap(current, new, ordering)
    |                    ^^^^^^^^^^^^^^^^

warning: use of deprecated method `std::sync::atomic::AtomicPtr::<T>::compare_and_swap`: Use `compare_exchange` or `compare_exchange_weak` instead
   --> src/stdlib/sync/collections.rs:573:26
    |
573 |             if self.head.compare_and_swap(head, new_node, Ordering::Release) == head {
    |                          ^^^^^^^^^^^^^^^^

warning: use of deprecated method `std::sync::atomic::AtomicPtr::<T>::compare_and_swap`: Use `compare_exchange` or `compare_exchange_weak` instead
   --> src/stdlib/sync/collections.rs:589:26
    |
589 |             if self.head.compare_and_swap(head, next, Ordering::Release) == head {
    |                          ^^^^^^^^^^^^^^^^

warning: use of deprecated method `std::sync::atomic::AtomicPtr::<T>::compare_and_swap`: Use `compare_exchange` or `compare_exchange_weak` instead
   --> src/stdlib/sync/collections.rs:651:42
    |
651 |                 if unsafe { (*tail).next.compare_and_swap(ptr::null_mut(), new_node, Ordering::Release) }.is_null() {
    |                                          ^^^^^^^^^^^^^^^^

warning: use of deprecated method `std::sync::atomic::AtomicPtr::<T>::compare_and_swap`: Use `compare_exchange` or `compare_exchange_weak` instead
   --> src/stdlib/sync/collections.rs:655:35
    |
655 |                 let _ = self.tail.compare_and_swap(tail, next, Ordering::Release);
    |                                   ^^^^^^^^^^^^^^^^

warning: use of deprecated method `std::sync::atomic::AtomicPtr::<T>::compare_and_swap`: Use `compare_exchange` or `compare_exchange_weak` instead
   --> src/stdlib/sync/collections.rs:660:27
    |
660 |         let _ = self.tail.compare_and_swap(tail, new_node, Ordering::Release);
    |                           ^^^^^^^^^^^^^^^^

warning: use of deprecated method `std::sync::atomic::AtomicPtr::<T>::compare_and_swap`: Use `compare_exchange` or `compare_exchange_weak` instead
   --> src/stdlib/sync/collections.rs:674:35
    |
674 |                 let _ = self.tail.compare_and_swap(tail, next, Ordering::Release);
    |                                   ^^^^^^^^^^^^^^^^

warning: use of deprecated method `std::sync::atomic::AtomicPtr::<T>::compare_and_swap`: Use `compare_exchange` or `compare_exchange_weak` instead
   --> src/stdlib/sync/collections.rs:681:30
    |
681 |                 if self.head.compare_and_swap(head, next, Ordering::Release) == head {
    |                              ^^^^^^^^^^^^^^^^

warning: use of deprecated field `tower_lsp::lsp_types::SymbolInformation::deprecated`: Use tags instead
   --> src/lsp/workspace.rs:271:25
    |
271 |                         deprecated: None,
    |                         ^^^^^^^^^^^^^^^^

warning: use of deprecated field `tower_lsp::lsp_types::SymbolInformation::deprecated`: Use tags instead
   --> src/lsp/workspace.rs:293:25
    |
293 |                         deprecated: None,
    |                         ^^^^^^^^^^^^^^^^

warning: use of deprecated field `tower_lsp::lsp_types::SymbolInformation::deprecated`: Use tags instead
   --> src/lsp/workspace.rs:315:25
    |
315 |                         deprecated: None,
    |                         ^^^^^^^^^^^^^^^^

warning: use of deprecated field `tower_lsp::lsp_types::SymbolInformation::deprecated`: Use tags instead
   --> src/lsp/workspace.rs:337:25
    |
337 |                         deprecated: None,
    |                         ^^^^^^^^^^^^^^^^

warning: type `CollectionPerformance` is more private than the item `ComprehensiveGcStats::algorithm_performance`
    --> src/memory/gc.rs:1100:5
     |
1100 |     pub algorithm_performance: HashMap<CollectionAlgorithm, CollectionPerformance>,
     |     ^^^^^^^^^^^^^^^^^^^^^^^^^^^^^^^^^^^^^^^^^^^^^^^^^^^^^^^^^^^^^^^^^^^^^^^^^^^^^^ field `ComprehensiveGcStats::algorithm_performance` is reachable at visibility `pub`
     |
note: but type `CollectionPerformance` is only usable at visibility `pub(self)`
    --> src/memory/gc.rs:163:1
     |
163  | struct CollectionPerformance {
     | ^^^^^^^^^^^^^^^^^^^^^^^^^^^^
     = note: `#[warn(private_interfaces)]` on by default

warning: type `PoolStatistics` is more private than the item `RealAllocatorStats::pool_stats`
   --> src/memory/real_allocator.rs:218:5
    |
218 |     pub pool_stats: Vec<PoolStatistics>,
    |     ^^^^^^^^^^^^^^^^^^^^^^^^^^^^^^^^^^^ field `RealAllocatorStats::pool_stats` is reachable at visibility `pub`
    |
note: but type `PoolStatistics` is only usable at visibility `pub(self)`
   --> src/memory/real_allocator.rs:148:1
    |
148 | struct PoolStatistics {
    | ^^^^^^^^^^^^^^^^^^^^^

warning: type `LargeObjectStats` is more private than the item `RealAllocatorStats::large_object_stats`
   --> src/memory/real_allocator.rs:220:5
    |
220 |     pub large_object_stats: LargeObjectStats,
    |     ^^^^^^^^^^^^^^^^^^^^^^^^^^^^^^^^^^^^^^^^ field `RealAllocatorStats::large_object_stats` is reachable at visibility `pub`
    |
note: but type `LargeObjectStats` is only usable at visibility `pub(self)`
   --> src/memory/real_allocator.rs:189:1
    |
189 | struct LargeObjectStats {
    | ^^^^^^^^^^^^^^^^^^^^^^^

warning: type `PressureSample` is more private than the item `MemoryPressureDetector::get_pressure_history`
   --> src/memory/pressure_detection.rs:780:5
    |
780 |     pub fn get_pressure_history(&self) -> Result<Vec<PressureSample>, String> {
    |     ^^^^^^^^^^^^^^^^^^^^^^^^^^^^^^^^^^^^^^^^^^^^^^^^^^^^^^^^^^^^^^^^^^^^^^^^^ method `MemoryPressureDetector::get_pressure_history` is reachable at visibility `pub`
    |
note: but type `PressureSample` is only usable at visibility `pub(self)`
   --> src/memory/pressure_detection.rs:166:1
    |
166 | struct PressureSample {
    | ^^^^^^^^^^^^^^^^^^^^^

warning: type `BlockStatistics` is more private than the item `RealHeapBlock::get_statistics`
   --> src/memory/real_heap_manager.rs:434:5
    |
434 |     pub fn get_statistics(&self) -> BlockStatistics {
    |     ^^^^^^^^^^^^^^^^^^^^^^^^^^^^^^^^^^^^^^^^^^^^^^^ method `RealHeapBlock::get_statistics` is reachable at visibility `pub`
    |
note: but type `BlockStatistics` is only usable at visibility `pub(self)`
   --> src/memory/real_heap_manager.rs:69:1
    |
69  | struct BlockStatistics {
    | ^^^^^^^^^^^^^^^^^^^^^^

warning: type `EnhancedCollectionPerformance` is more private than the item `EnhancedGcStats::enhanced_performance`
  --> src/memory/enhanced_gc.rs:96:5
   |
96 |     pub enhanced_performance: HashMap<CollectionAlgorithm, EnhancedCollectionPerformance>,
   |     ^^^^^^^^^^^^^^^^^^^^^^^^^^^^^^^^^^^^^^^^^^^^^^^^^^^^^^^^^^^^^^^^^^^^^^^^^^^^^^^^^^^^^ field `EnhancedGcStats::enhanced_performance` is reachable at visibility `pub`
   |
note: but type `EnhancedCollectionPerformance` is only usable at visibility `pub(self)`
  --> src/memory/enhanced_gc.rs:77:1
   |
77 | struct EnhancedCollectionPerformance {
   | ^^^^^^^^^^^^^^^^^^^^^^^^^^^^^^^^^^^^

warning: type `ProjectFileType` is more private than the item `WorkspaceManager::get_files_by_type`
   --> src/lsp/workspace.rs:370:5
    |
370 |     pub async fn get_files_by_type(&self, file_type: ProjectFileType) -> Vec<Url> {
    |     ^^^^^^^^^^^^^^^^^^^^^^^^^^^^^^^^^^^^^^^^^^^^^^^^^^^^^^^^^^^^^^^^^^^^^^^^^^^^^ method `WorkspaceManager::get_files_by_type` is reachable at visibility `pub`
    |
note: but type `ProjectFileType` is only usable at visibility `pub(self)`
   --> src/lsp/workspace.rs:36:1
    |
36  | enum ProjectFileType {
    | ^^^^^^^^^^^^^^^^^^^^

warning: type `ProjectFile` is more private than the item `WorkspaceManager::get_file_info`
   --> src/lsp/workspace.rs:398:5
    |
398 |     pub async fn get_file_info(&self, uri: &Url) -> Option<ProjectFile> {
    |     ^^^^^^^^^^^^^^^^^^^^^^^^^^^^^^^^^^^^^^^^^^^^^^^^^^^^^^^^^^^^^^^^^^^ method `WorkspaceManager::get_file_info` is reachable at visibility `pub`
    |
note: but type `ProjectFile` is only usable at visibility `pub(self)`
   --> src/lsp/workspace.rs:26:1
    |
26  | struct ProjectFile {
    | ^^^^^^^^^^^^^^^^^^

warning: associated constant `LBracket` should have an upper case name
   --> src/lexer.rs:110:15
    |
110 |     pub const LBracket: TokenType = TokenType::LeftBracket;
    |               ^^^^^^^^ help: convert the identifier to upper case: `LBRACKET`
    |
    = note: `#[warn(non_upper_case_globals)]` on by default

warning: associated constant `RBracket` should have an upper case name
   --> src/lexer.rs:111:15
    |
111 |     pub const RBracket: TokenType = TokenType::RightBracket;
    |               ^^^^^^^^ help: convert the identifier to upper case: `RBRACKET`

warning: unused `std::result::Result` that must be used
  --> src/parser/question_mark.rs:35:9
   |
35 |         self.lexer.next_token();
   |         ^^^^^^^^^^^^^^^^^^^^^^^
   |
   = note: this `Result` may be an `Err` variant, which should be handled
   = note: `#[warn(unused_must_use)]` on by default
help: use `let _ = ...` to ignore the resulting value
   |
35 |         let _ = self.lexer.next_token();
   |         +++++++

warning: unused `std::result::Result` that must be used
  --> src/parser/question_mark.rs:59:9
   |
59 |         self.lexer.next_token();
   |         ^^^^^^^^^^^^^^^^^^^^^^^
   |
   = note: this `Result` may be an `Err` variant, which should be handled
help: use `let _ = ...` to ignore the resulting value
   |
59 |         let _ = self.lexer.next_token();
   |         +++++++

warning: unused `std::result::Result` that must be used
   --> src/parser/result_types.rs:357:9
    |
357 |         self.lexer.next_token();
    |         ^^^^^^^^^^^^^^^^^^^^^^^
    |
    = note: this `Result` may be an `Err` variant, which should be handled
help: use `let _ = ...` to ignore the resulting value
    |
357 |         let _ = self.lexer.next_token();
    |         +++++++

warning: unused `std::result::Result` that must be used
   --> src/parser/result_types.rs:395:9
    |
395 |         self.lexer.next_token();
    |         ^^^^^^^^^^^^^^^^^^^^^^^
    |
    = note: this `Result` may be an `Err` variant, which should be handled
help: use `let _ = ...` to ignore the resulting value
    |
395 |         let _ = self.lexer.next_token();
    |         +++++++

warning: unused `std::result::Result` that must be used
   --> src/parser/result_types.rs:417:17
    |
417 |                 self.lexer.next_token();
    |                 ^^^^^^^^^^^^^^^^^^^^^^^
    |
    = note: this `Result` may be an `Err` variant, which should be handled
help: use `let _ = ...` to ignore the resulting value
    |
417 |                 let _ = self.lexer.next_token();
    |                 +++++++

warning: unused `std::result::Result` that must be used
   --> src/parser/result_types.rs:445:9
    |
445 |         self.lexer.next_token();
    |         ^^^^^^^^^^^^^^^^^^^^^^^
    |
    = note: this `Result` may be an `Err` variant, which should be handled
help: use `let _ = ...` to ignore the resulting value
    |
445 |         let _ = self.lexer.next_token();
    |         +++++++

warning: unused `std::result::Result` that must be used
   --> src/parser/result_types.rs:462:9
    |
462 |         self.lexer.next_token();
    |         ^^^^^^^^^^^^^^^^^^^^^^^
    |
    = note: this `Result` may be an `Err` variant, which should be handled
help: use `let _ = ...` to ignore the resulting value
    |
462 |         let _ = self.lexer.next_token();
    |         +++++++

warning: unused `std::result::Result` that must be used
   --> src/parser/result_types.rs:476:17
    |
476 |                 self.lexer.next_token();
    |                 ^^^^^^^^^^^^^^^^^^^^^^^
    |
    = note: this `Result` may be an `Err` variant, which should be handled
help: use `let _ = ...` to ignore the resulting value
    |
476 |                 let _ = self.lexer.next_token();
    |                 +++++++

warning: unused `std::result::Result` that must be used
   --> src/parser/result_types.rs:498:17
    |
498 |                 self.lexer.next_token();
    |                 ^^^^^^^^^^^^^^^^^^^^^^^
    |
    = note: this `Result` may be an `Err` variant, which should be handled
help: use `let _ = ...` to ignore the resulting value
    |
498 |                 let _ = self.lexer.next_token();
    |                 +++++++

warning: unused `std::result::Result` that must be used
   --> src/parser/result_types.rs:543:9
    |
543 |         self.lexer.next_token();
    |         ^^^^^^^^^^^^^^^^^^^^^^^
    |
    = note: this `Result` may be an `Err` variant, which should be handled
help: use `let _ = ...` to ignore the resulting value
    |
543 |         let _ = self.lexer.next_token();
    |         +++++++

warning: unused `std::result::Result` that must be used
   --> src/parser/result_types.rs:643:9
    |
643 |         self.lexer.next_token();
    |         ^^^^^^^^^^^^^^^^^^^^^^^
    |
    = note: this `Result` may be an `Err` variant, which should be handled
help: use `let _ = ...` to ignore the resulting value
    |
643 |         let _ = self.lexer.next_token();
    |         +++++++

warning: unused `std::result::Result` that must be used
   --> src/parser/result_types.rs:740:13
    |
740 |             self.lexer.next_token();
    |             ^^^^^^^^^^^^^^^^^^^^^^^
    |
    = note: this `Result` may be an `Err` variant, which should be handled
help: use `let _ = ...` to ignore the resulting value
    |
740 |             let _ = self.lexer.next_token();
    |             +++++++

warning: unused `std::result::Result` that must be used
   --> src/parser/result_types.rs:755:9
    |
755 |         self.lexer.next_token();
    |         ^^^^^^^^^^^^^^^^^^^^^^^
    |
    = note: this `Result` may be an `Err` variant, which should be handled
help: use `let _ = ...` to ignore the resulting value
    |
755 |         let _ = self.lexer.next_token();
    |         +++++++

warning: unused `std::result::Result` that must be used
  --> src/parser/error_propagation_enhanced.rs:38:9
   |
38 |         self.lexer.next_token();
   |         ^^^^^^^^^^^^^^^^^^^^^^^
   |
   = note: this `Result` may be an `Err` variant, which should be handled
help: use `let _ = ...` to ignore the resulting value
   |
38 |         let _ = self.lexer.next_token();
   |         +++++++

warning: unused `std::result::Result` that must be used
   --> src/parser/error_propagation_enhanced.rs:174:13
    |
174 |             self.lexer.next_token();
    |             ^^^^^^^^^^^^^^^^^^^^^^^
    |
    = note: this `Result` may be an `Err` variant, which should be handled
help: use `let _ = ...` to ignore the resulting value
    |
174 |             let _ = self.lexer.next_token();
    |             +++++++

warning: unused `std::result::Result` that must be used
   --> src/parser/error_propagation_enhanced.rs:180:13
    |
180 |             self.lexer.next_token();
    |             ^^^^^^^^^^^^^^^^^^^^^^^
    |
    = note: this `Result` may be an `Err` variant, which should be handled
help: use `let _ = ...` to ignore the resulting value
    |
180 |             let _ = self.lexer.next_token();
    |             +++++++

warning: unused `std::result::Result` that must be used
   --> src/codegen/llvm/variable_management.rs:171:9
    |
171 | /         self.debug_symbols.add_symbol(
172 | |             crate::debug::debug_symbols::DebugSymbol::variable(
173 | |                 var_name.clone(),
174 | |                 format!("{:?}", var_type),
175 | |                 crate::debug::SourceLocation::default(), // TODO: Add proper source location
176 | |             )
177 | |         );
    | |_________^
    |
    = note: this `Result` may be an `Err` variant, which should be handled
help: use `let _ = ...` to ignore the resulting value
    |
171 |         let _ = self.debug_symbols.add_symbol(
    |         +++++++

warning: comparison is useless due to type limits
   --> src/stdlib/http_core/url.rs:565:29
    |
565 |             if port == 0 || port > 65535 {
    |                             ^^^^^^^^^^^^
    |
    = note: `#[warn(unused_comparisons)]` on by default

warning: unused `std::result::Result` that must be used
   --> src/stdlib/collections/sets.rs:108:13
    |
108 |             result.insert(item.clone());
    |             ^^^^^^^^^^^^^^^^^^^^^^^^^^^
    |
    = note: this `Result` may be an `Err` variant, which should be handled
help: use `let _ = ...` to ignore the resulting value
    |
108 |             let _ = result.insert(item.clone());
    |             +++++++

warning: unused `std::result::Result` that must be used
   --> src/stdlib/collections/sets.rs:118:17
    |
118 |                 result.insert(item.clone());
    |                 ^^^^^^^^^^^^^^^^^^^^^^^^^^^
    |
    = note: this `Result` may be an `Err` variant, which should be handled
help: use `let _ = ...` to ignore the resulting value
    |
118 |                 let _ = result.insert(item.clone());
    |                 +++++++

warning: unused `std::result::Result` that must be used
   --> src/stdlib/collections/sets.rs:129:17
    |
129 |                 result.insert(item.clone());
    |                 ^^^^^^^^^^^^^^^^^^^^^^^^^^^
    |
    = note: this `Result` may be an `Err` variant, which should be handled
help: use `let _ = ...` to ignore the resulting value
    |
129 |                 let _ = result.insert(item.clone());
    |                 +++++++

warning: unused `std::result::Result` that must be used
   --> src/stdlib/collections/sets.rs:142:17
    |
142 |                 result.insert(item.clone());
    |                 ^^^^^^^^^^^^^^^^^^^^^^^^^^^
    |
    = note: this `Result` may be an `Err` variant, which should be handled
help: use `let _ = ...` to ignore the resulting value
    |
142 |                 let _ = result.insert(item.clone());
    |                 +++++++

warning: unused `std::result::Result` that must be used
   --> src/stdlib/collections/sets.rs:149:17
    |
149 |                 result.insert(item.clone());
    |                 ^^^^^^^^^^^^^^^^^^^^^^^^^^^
    |
    = note: this `Result` may be an `Err` variant, which should be handled
help: use `let _ = ...` to ignore the resulting value
    |
149 |                 let _ = result.insert(item.clone());
    |                 +++++++

warning: unused `std::result::Result` that must be used
   --> src/stdlib/collections/sets.rs:273:13
    |
273 |             result.insert(item.clone());
    |             ^^^^^^^^^^^^^^^^^^^^^^^^^^^
    |
    = note: this `Result` may be an `Err` variant, which should be handled
help: use `let _ = ...` to ignore the resulting value
    |
273 |             let _ = result.insert(item.clone());
    |             +++++++

warning: unused `std::result::Result` that must be used
   --> src/stdlib/collections/sets.rs:283:17
    |
283 |                 result.insert(item.clone());
    |                 ^^^^^^^^^^^^^^^^^^^^^^^^^^^
    |
    = note: this `Result` may be an `Err` variant, which should be handled
help: use `let _ = ...` to ignore the resulting value
    |
283 |                 let _ = result.insert(item.clone());
    |                 +++++++

warning: unused `std::result::Result` that must be used
   --> src/stdlib/collections/sets.rs:294:17
    |
294 |                 result.insert(item.clone());
    |                 ^^^^^^^^^^^^^^^^^^^^^^^^^^^
    |
    = note: this `Result` may be an `Err` variant, which should be handled
help: use `let _ = ...` to ignore the resulting value
    |
294 |                 let _ = result.insert(item.clone());
    |                 +++++++

warning: unused `std::result::Result` that must be used
   --> src/stdlib/collections/sets.rs:307:17
    |
307 |                 result.insert(item.clone());
    |                 ^^^^^^^^^^^^^^^^^^^^^^^^^^^
    |
    = note: this `Result` may be an `Err` variant, which should be handled
help: use `let _ = ...` to ignore the resulting value
    |
307 |                 let _ = result.insert(item.clone());
    |                 +++++++

warning: unused `std::result::Result` that must be used
   --> src/stdlib/collections/sets.rs:314:17
    |
314 |                 result.insert(item.clone());
    |                 ^^^^^^^^^^^^^^^^^^^^^^^^^^^
    |
    = note: this `Result` may be an `Err` variant, which should be handled
help: use `let _ = ...` to ignore the resulting value
    |
314 |                 let _ = result.insert(item.clone());
    |                 +++++++

warning: unused `std::result::Result` that must be used
   --> src/stdlib/collections/sets.rs:731:13
    |
731 |             result.insert(item.clone());
    |             ^^^^^^^^^^^^^^^^^^^^^^^^^^^
    |
    = note: this `Result` may be an `Err` variant, which should be handled
help: use `let _ = ...` to ignore the resulting value
    |
731 |             let _ = result.insert(item.clone());
    |             +++++++

warning: unused return value of `Box::<T>::from_raw` that must be used
   --> src/stdlib/sync/collections.rs:682:30
    |
682 |                     unsafe { Box::from_raw(head) };
    |                              ^^^^^^^^^^^^^^^^^^^
    |
    = note: call `drop(Box::from_raw(ptr))` if you intend to drop the `Box`
help: use `let _ = ...` to ignore the resulting value
    |
682 |                     unsafe { let _ = Box::from_raw(head); };
    |                              +++++++                    +

warning: unused return value of `Box::<T>::from_raw` that must be used
   --> src/stdlib/sync/collections.rs:709:17
    |
709 |                 Box::from_raw(head);
    |                 ^^^^^^^^^^^^^^^^^^^
    |
    = note: call `drop(Box::from_raw(ptr))` if you intend to drop the `Box`
help: use `let _ = ...` to ignore the resulting value
    |
709 |                 let _ = Box::from_raw(head);
    |                 +++++++

warning: use of deprecated field `tower_lsp::lsp_types::SymbolInformation::deprecated`: Use tags instead
   --> src/lsp/workspace.rs:636:17
    |
636 |                 deprecated: None,
    |                 ^^^^^^^^^^^^^^^^

warning: use of deprecated field `tower_lsp::lsp_types::SymbolInformation::deprecated`: Use tags instead
   --> src/lsp/workspace.rs:650:17
    |
650 |                 deprecated: None,
    |                 ^^^^^^^^^^^^^^^^

warning: type `pressure_detection::PressureSample` is more private than the item `pressure_detection::MemoryPressureDetector::get_pressure_history`
   --> src/memory/pressure_detection.rs:780:5
    |
780 |     pub fn get_pressure_history(&self) -> Result<Vec<PressureSample>, String> {
    |     ^^^^^^^^^^^^^^^^^^^^^^^^^^^^^^^^^^^^^^^^^^^^^^^^^^^^^^^^^^^^^^^^^^^^^^^^^ method `pressure_detection::MemoryPressureDetector::get_pressure_history` is reachable at visibility `pub`
    |
note: but type `pressure_detection::PressureSample` is only usable at visibility `pub(self)`
   --> src/memory/pressure_detection.rs:166:1
    |
166 | struct PressureSample {
    | ^^^^^^^^^^^^^^^^^^^^^

warning: type `BlockStatistics` is more private than the item `real_heap_manager::RealHeapBlock::get_statistics`
   --> src/memory/real_heap_manager.rs:434:5
    |
434 |     pub fn get_statistics(&self) -> BlockStatistics {
    |     ^^^^^^^^^^^^^^^^^^^^^^^^^^^^^^^^^^^^^^^^^^^^^^^ method `real_heap_manager::RealHeapBlock::get_statistics` is reachable at visibility `pub`
    |
note: but type `BlockStatistics` is only usable at visibility `pub(self)`
   --> src/memory/real_heap_manager.rs:69:1
    |
69  | struct BlockStatistics {
    | ^^^^^^^^^^^^^^^^^^^^^^

warning: type `workspace::ProjectFileType` is more private than the item `workspace::WorkspaceManager::get_files_by_type`
   --> src/lsp/workspace.rs:370:5
    |
370 |     pub async fn get_files_by_type(&self, file_type: ProjectFileType) -> Vec<Url> {
    |     ^^^^^^^^^^^^^^^^^^^^^^^^^^^^^^^^^^^^^^^^^^^^^^^^^^^^^^^^^^^^^^^^^^^^^^^^^^^^^ method `workspace::WorkspaceManager::get_files_by_type` is reachable at visibility `pub`
    |
note: but type `workspace::ProjectFileType` is only usable at visibility `pub(self)`
   --> src/lsp/workspace.rs:36:1
    |
36  | enum ProjectFileType {
    | ^^^^^^^^^^^^^^^^^^^^

warning: type `ProjectFile` is more private than the item `workspace::WorkspaceManager::get_file_info`
   --> src/lsp/workspace.rs:398:5
    |
398 |     pub async fn get_file_info(&self, uri: &Url) -> Option<ProjectFile> {
    |     ^^^^^^^^^^^^^^^^^^^^^^^^^^^^^^^^^^^^^^^^^^^^^^^^^^^^^^^^^^^^^^^^^^^ method `workspace::WorkspaceManager::get_file_info` is reachable at visibility `pub`
    |
note: but type `ProjectFile` is only usable at visibility `pub(self)`
   --> src/lsp/workspace.rs:26:1
    |
26  | struct ProjectFile {
    | ^^^^^^^^^^^^^^^^^^

warning: comparison is useless due to type limits
    --> src/memory/regions.rs:1962:17
     |
1962 |         assert!(promoted >= 0);
     |                 ^^^^^^^^^^^^^
     |
     = note: `#[warn(unused_comparisons)]` on by default

warning: comparison is useless due to type limits
    --> src/memory/generational.rs:1908:17
     |
1908 |         assert!(stats.remembered_set_size >= 0); // Basic check that it's tracked
     |                 ^^^^^^^^^^^^^^^^^^^^^^^^^^^^^^

warning: comparison is useless due to type limits
   --> src/stdlib/http_core/url.rs:565:29
    |
565 |             if port == 0 || port > 65535 {
    |                             ^^^^^^^^^^^^

warning: unused `std::result::Result` that must be used
   --> src/stdlib/collections/sets.rs:786:9
    |
786 |         set.insert(3);
    |         ^^^^^^^^^^^^^
    |
    = note: this `Result` may be an `Err` variant, which should be handled
help: use `let _ = ...` to ignore the resulting value
    |
786 |         let _ = set.insert(3);
    |         +++++++

warning: unused `std::result::Result` that must be used
   --> src/stdlib/collections/sets.rs:787:9
    |
787 |         set.insert(1);
    |         ^^^^^^^^^^^^^
    |
    = note: this `Result` may be an `Err` variant, which should be handled
help: use `let _ = ...` to ignore the resulting value
    |
787 |         let _ = set.insert(1);
    |         +++++++

warning: unused `std::result::Result` that must be used
   --> src/stdlib/collections/sets.rs:788:9
    |
788 |         set.insert(4);
    |         ^^^^^^^^^^^^^
    |
    = note: this `Result` may be an `Err` variant, which should be handled
help: use `let _ = ...` to ignore the resulting value
    |
788 |         let _ = set.insert(4);
    |         +++++++

warning: unused `std::result::Result` that must be used
   --> src/stdlib/collections/sets.rs:789:9
    |
789 |         set.insert(1); // Duplicate
    |         ^^^^^^^^^^^^^
    |
    = note: this `Result` may be an `Err` variant, which should be handled
help: use `let _ = ...` to ignore the resulting value
    |
789 |         let _ = set.insert(1); // Duplicate
    |         +++++++

warning: unused `std::result::Result` that must be used
   --> src/stdlib/collections/sets.rs:790:9
    |
790 |         set.insert(5);
    |         ^^^^^^^^^^^^^
    |
    = note: this `Result` may be an `Err` variant, which should be handled
help: use `let _ = ...` to ignore the resulting value
    |
790 |         let _ = set.insert(5);
    |         +++++++

warning: unused `std::result::Result` that must be used
   --> src/stdlib/collections/sets.rs:791:9
    |
791 |         set.insert(9);
    |         ^^^^^^^^^^^^^
    |
    = note: this `Result` may be an `Err` variant, which should be handled
help: use `let _ = ...` to ignore the resulting value
    |
791 |         let _ = set.insert(9);
    |         +++++++

warning: unused `std::result::Result` that must be used
   --> src/stdlib/collections/sets.rs:841:9
    |
841 |         set1.insert(1);
    |         ^^^^^^^^^^^^^^
    |
    = note: this `Result` may be an `Err` variant, which should be handled
help: use `let _ = ...` to ignore the resulting value
    |
841 |         let _ = set1.insert(1);
    |         +++++++

warning: unused `std::result::Result` that must be used
   --> src/stdlib/collections/sets.rs:842:9
    |
842 |         set1.insert(2);
    |         ^^^^^^^^^^^^^^
    |
    = note: this `Result` may be an `Err` variant, which should be handled
help: use `let _ = ...` to ignore the resulting value
    |
842 |         let _ = set1.insert(2);
    |         +++++++

warning: unused `std::result::Result` that must be used
   --> src/stdlib/collections/sets.rs:843:9
    |
843 |         set1.insert(3);
    |         ^^^^^^^^^^^^^^
    |
    = note: this `Result` may be an `Err` variant, which should be handled
help: use `let _ = ...` to ignore the resulting value
    |
843 |         let _ = set1.insert(3);
    |         +++++++

warning: unused `std::result::Result` that must be used
   --> src/stdlib/collections/sets.rs:846:9
    |
846 |         set2.insert(3);
    |         ^^^^^^^^^^^^^^
    |
    = note: this `Result` may be an `Err` variant, which should be handled
help: use `let _ = ...` to ignore the resulting value
    |
846 |         let _ = set2.insert(3);
    |         +++++++

warning: unused `std::result::Result` that must be used
   --> src/stdlib/collections/sets.rs:847:9
    |
847 |         set2.insert(4);
    |         ^^^^^^^^^^^^^^
    |
    = note: this `Result` may be an `Err` variant, which should be handled
help: use `let _ = ...` to ignore the resulting value
    |
847 |         let _ = set2.insert(4);
    |         +++++++

warning: unused `std::result::Result` that must be used
   --> src/stdlib/collections/sets.rs:848:9
    |
848 |         set2.insert(5);
    |         ^^^^^^^^^^^^^^
    |
    = note: this `Result` may be an `Err` variant, which should be handled
help: use `let _ = ...` to ignore the resulting value
    |
848 |         let _ = set2.insert(5);
    |         +++++++

warning: unused `std::result::Result` that must be used
   --> src/stdlib/collections/sets.rs:931:9
    |
931 |         hash_set.insert(1);
    |         ^^^^^^^^^^^^^^^^^^
    |
    = note: this `Result` may be an `Err` variant, which should be handled
help: use `let _ = ...` to ignore the resulting value
    |
931 |         let _ = hash_set.insert(1);
    |         +++++++

warning: unused `std::result::Result` that must be used
   --> src/stdlib/collections/sets.rs:932:9
    |
932 |         hash_set.insert(2);
    |         ^^^^^^^^^^^^^^^^^^
    |
    = note: this `Result` may be an `Err` variant, which should be handled
help: use `let _ = ...` to ignore the resulting value
    |
932 |         let _ = hash_set.insert(2);
    |         +++++++

warning: unused `std::result::Result` that must be used
   --> src/stdlib/collections/sets.rs:933:9
    |
933 |         hash_set.insert(3);
    |         ^^^^^^^^^^^^^^^^^^
    |
    = note: this `Result` may be an `Err` variant, which should be handled
help: use `let _ = ...` to ignore the resulting value
    |
933 |         let _ = hash_set.insert(3);
    |         +++++++

warning: unused `std::result::Result` that must be used
   --> src/stdlib/collections/sets.rs:942:9
    |
942 |         tree_set.insert(3);
    |         ^^^^^^^^^^^^^^^^^^
    |
    = note: this `Result` may be an `Err` variant, which should be handled
help: use `let _ = ...` to ignore the resulting value
    |
942 |         let _ = tree_set.insert(3);
    |         +++++++

warning: unused `std::result::Result` that must be used
   --> src/stdlib/collections/sets.rs:943:9
    |
943 |         tree_set.insert(1);
    |         ^^^^^^^^^^^^^^^^^^
    |
    = note: this `Result` may be an `Err` variant, which should be handled
help: use `let _ = ...` to ignore the resulting value
    |
943 |         let _ = tree_set.insert(1);
    |         +++++++

warning: unused `std::result::Result` that must be used
   --> src/stdlib/collections/sets.rs:944:9
    |
944 |         tree_set.insert(2);
    |         ^^^^^^^^^^^^^^^^^^
    |
    = note: this `Result` may be an `Err` variant, which should be handled
help: use `let _ = ...` to ignore the resulting value
    |
944 |         let _ = tree_set.insert(2);
    |         +++++++

warning: unused `std::result::Result` that must be used
    --> src/stdlib/collections/queues.rs:1015:9
     |
1015 |         queue.enqueue("first".to_string());
     |         ^^^^^^^^^^^^^^^^^^^^^^^^^^^^^^^^^^
     |
     = note: this `Result` may be an `Err` variant, which should be handled
help: use `let _ = ...` to ignore the resulting value
     |
1015 |         let _ = queue.enqueue("first".to_string());
     |         +++++++

warning: unused `std::result::Result` that must be used
    --> src/stdlib/collections/queues.rs:1016:9
     |
1016 |         queue.enqueue("second".to_string());
     |         ^^^^^^^^^^^^^^^^^^^^^^^^^^^^^^^^^^^
     |
     = note: this `Result` may be an `Err` variant, which should be handled
help: use `let _ = ...` to ignore the resulting value
     |
1016 |         let _ = queue.enqueue("second".to_string());
     |         +++++++

warning: unused `std::result::Result` that must be used
    --> src/stdlib/collections/queues.rs:1017:9
     |
1017 |         queue.enqueue("third".to_string());
     |         ^^^^^^^^^^^^^^^^^^^^^^^^^^^^^^^^^^
     |
     = note: this `Result` may be an `Err` variant, which should be handled
help: use `let _ = ...` to ignore the resulting value
     |
1017 |         let _ = queue.enqueue("third".to_string());
     |         +++++++

warning: unused `std::result::Result` that must be used
    --> src/stdlib/collections/queues.rs:1058:9
     |
1058 |         pq.push(3);
     |         ^^^^^^^^^^
     |
     = note: this `Result` may be an `Err` variant, which should be handled
help: use `let _ = ...` to ignore the resulting value
     |
1058 |         let _ = pq.push(3);
     |         +++++++

warning: unused `std::result::Result` that must be used
    --> src/stdlib/collections/queues.rs:1059:9
     |
1059 |         pq.push(1);
     |         ^^^^^^^^^^
     |
     = note: this `Result` may be an `Err` variant, which should be handled
help: use `let _ = ...` to ignore the resulting value
     |
1059 |         let _ = pq.push(1);
     |         +++++++

warning: unused `std::result::Result` that must be used
    --> src/stdlib/collections/queues.rs:1060:9
     |
1060 |         pq.push(4);
     |         ^^^^^^^^^^
     |
     = note: this `Result` may be an `Err` variant, which should be handled
help: use `let _ = ...` to ignore the resulting value
     |
1060 |         let _ = pq.push(4);
     |         +++++++

warning: unused `std::result::Result` that must be used
    --> src/stdlib/collections/queues.rs:1061:9
     |
1061 |         pq.push(1);
     |         ^^^^^^^^^^
     |
     = note: this `Result` may be an `Err` variant, which should be handled
help: use `let _ = ...` to ignore the resulting value
     |
1061 |         let _ = pq.push(1);
     |         +++++++

warning: unused `std::result::Result` that must be used
    --> src/stdlib/collections/queues.rs:1062:9
     |
1062 |         pq.push(5);
     |         ^^^^^^^^^^
     |
     = note: this `Result` may be an `Err` variant, which should be handled
help: use `let _ = ...` to ignore the resulting value
     |
1062 |         let _ = pq.push(5);
     |         +++++++

warning: unused `std::result::Result` that must be used
    --> src/stdlib/collections/queues.rs:1079:9
     |
1079 |         pq.push(3);
     |         ^^^^^^^^^^
     |
     = note: this `Result` may be an `Err` variant, which should be handled
help: use `let _ = ...` to ignore the resulting value
     |
1079 |         let _ = pq.push(3);
     |         +++++++

warning: unused `std::result::Result` that must be used
    --> src/stdlib/collections/queues.rs:1080:9
     |
1080 |         pq.push(1);
     |         ^^^^^^^^^^
     |
     = note: this `Result` may be an `Err` variant, which should be handled
help: use `let _ = ...` to ignore the resulting value
     |
1080 |         let _ = pq.push(1);
     |         +++++++

warning: unused `std::result::Result` that must be used
    --> src/stdlib/collections/queues.rs:1081:9
     |
1081 |         pq.push(4);
     |         ^^^^^^^^^^
     |
     = note: this `Result` may be an `Err` variant, which should be handled
help: use `let _ = ...` to ignore the resulting value
     |
1081 |         let _ = pq.push(4);
     |         +++++++

warning: unused `std::result::Result` that must be used
    --> src/stdlib/collections/queues.rs:1082:9
     |
1082 |         pq.push(1);
     |         ^^^^^^^^^^
     |
     = note: this `Result` may be an `Err` variant, which should be handled
help: use `let _ = ...` to ignore the resulting value
     |
1082 |         let _ = pq.push(1);
     |         +++++++

warning: unused `std::result::Result` that must be used
    --> src/stdlib/collections/queues.rs:1083:9
     |
1083 |         pq.push(5);
     |         ^^^^^^^^^^
     |
     = note: this `Result` may be an `Err` variant, which should be handled
help: use `let _ = ...` to ignore the resulting value
     |
1083 |         let _ = pq.push(5);
     |         +++++++

warning: unused `std::result::Result` that must be used
   --> src/stdlib/collections/stacks.rs:719:9
    |
719 |         stack.push(1);
    |         ^^^^^^^^^^^^^
    |
    = note: this `Result` may be an `Err` variant, which should be handled
help: use `let _ = ...` to ignore the resulting value
    |
719 |         let _ = stack.push(1);
    |         +++++++

warning: unused `std::result::Result` that must be used
   --> src/stdlib/collections/stacks.rs:720:9
    |
720 |         stack.push(2);
    |         ^^^^^^^^^^^^^
    |
    = note: this `Result` may be an `Err` variant, which should be handled
help: use `let _ = ...` to ignore the resulting value
    |
720 |         let _ = stack.push(2);
    |         +++++++

warning: unused `std::result::Result` that must be used
   --> src/stdlib/collections/stacks.rs:721:9
    |
721 |         stack.push(3);
    |         ^^^^^^^^^^^^^
    |
    = note: this `Result` may be an `Err` variant, which should be handled
help: use `let _ = ...` to ignore the resulting value
    |
721 |         let _ = stack.push(3);
    |         +++++++

warning: unused `std::result::Result` that must be used
   --> src/stdlib/sync/thread_local.rs:807:9
    |
807 |         cell.set(42);
    |         ^^^^^^^^^^^^
    |
    = note: this `Result` may be an `Err` variant, which should be handled
help: use `let _ = ...` to ignore the resulting value
    |
807 |         let _ = cell.set(42);
    |         +++++++

warning: unused `std::result::Result` that must be used
   --> src/stdlib/sync/thread_local.rs:814:9
    |
814 |         cell.with_mut(|value| *value += 10);
    |         ^^^^^^^^^^^^^^^^^^^^^^^^^^^^^^^^^^^
    |
    = note: this `Result` may be an `Err` variant, which should be handled
help: use `let _ = ...` to ignore the resulting value
    |
814 |         let _ = cell.with_mut(|value| *value += 10);
    |         +++++++

warning: unused `std::result::Result` that must be used
   --> src/stdlib/sync/thread_local.rs:829:9
    |
829 |         value.set(42);
    |         ^^^^^^^^^^^^^
    |
    = note: this `Result` may be an `Err` variant, which should be handled
help: use `let _ = ...` to ignore the resulting value
    |
829 |         let _ = value.set(42);
    |         +++++++

warning: comparison is useless due to type limits
   --> src/stdlib/sync/mod.rs:145:17
    |
145 |         assert!(stats.active_threads >= 0);
    |                 ^^^^^^^^^^^^^^^^^^^^^^^^^

warning: comparison is useless due to type limits
   --> src/stdlib/ipc/mod.rs:329:17
    |
329 |         assert!(stats.active_shared_memory_regions >= 0);
    |                 ^^^^^^^^^^^^^^^^^^^^^^^^^^^^^^^^^^^^^^^

warning: comparison is useless due to type limits
   --> src/stdlib/ipc/mod.rs:330:17
    |
330 |         assert!(stats.total_memory_usage >= 0);
    |                 ^^^^^^^^^^^^^^^^^^^^^^^^^^^^^

warning: comparison is useless due to type limits
   --> src/stdlib/ipc/mod.rs:350:17
    |
350 |         assert!(metrics.pipe_latency_nanos >= 0);
    |                 ^^^^^^^^^^^^^^^^^^^^^^^^^^^^^^^

warning: comparison is useless due to type limits
   --> src/stdlib/ipc/mod.rs:352:17
    |
352 |         assert!(metrics.signal_handling_time >= 0);
    |                 ^^^^^^^^^^^^^^^^^^^^^^^^^^^^^^^^^

warning: comparison is useless due to type limits
   --> src/stdlib/ipc/mod.rs:358:17
    |
358 |         assert!(stats.semaphore_waits >= 0);
    |                 ^^^^^^^^^^^^^^^^^^^^^^^^^^

warning: comparison is useless due to type limits
   --> src/stdlib/ipc/mod.rs:359:17
    |
359 |         assert!(stats.pipe_blocks >= 0);
    |                 ^^^^^^^^^^^^^^^^^^^^^^

warning: comparison is useless due to type limits
   --> src/stdlib/ipc/mod.rs:360:17
    |
360 |         assert!(stats.queue_full_events >= 0);
    |                 ^^^^^^^^^^^^^^^^^^^^^^^^^^^^

warning: comparison is useless due to type limits
   --> src/stdlib/ipc/mod.rs:361:17
    |
361 |         assert!(stats.memory_allocation_failures >= 0);
    |                 ^^^^^^^^^^^^^^^^^^^^^^^^^^^^^^^^^^^^^

warning: comparison is useless due to type limits
   --> src/stdlib/ipc/mod.rs:362:17
    |
362 |         assert!(stats.average_wait_time_nanos >= 0);
    |                 ^^^^^^^^^^^^^^^^^^^^^^^^^^^^^^^^^^

warning: `cursed` (lib) generated 81 warnings
warning: `cursed` (lib test) generated 132 warnings (76 duplicates)
warning: comparison is useless due to type limits
   --> tests/process_integration_test.rs:288:13
    |
288 |     assert!(metrics.memory_bytes >= 0);
    |             ^^^^^^^^^^^^^^^^^^^^^^^^^
    |
    = note: `#[warn(unused_comparisons)]` on by default

warning: `cursed` (test "process_integration_test") generated 1 warning
warning: unexpected `cfg` condition value: `full_iterators`
  --> tests/collections_iterators_test.rs:12:7
   |
12 | #[cfg(feature = "full_iterators")]
   |       ^^^^^^^^^^^^^^^^^^^^^^^^^^
   |
   = note: expected values for `feature` are: `binary_compiler`, `concurrent_gc`, and `enhanced_dynamic_dispatch`
   = help: consider adding `full_iterators` as a feature in `Cargo.toml`
   = note: see <https://doc.rust-lang.org/nightly/rustc/check-cfg/cargo-specifics.html> for more information about checking conditional configuration
   = note: `#[warn(unexpected_cfgs)]` on by default

warning: unexpected `cfg` condition value: `full_iterators`
  --> tests/collections_iterators_test.rs:20:21
   |
20 | #[cfg(all(test, not(feature = "full_iterators")))]
   |                     ^^^^^^^^^^^^^^^^^^^^^^^^^^
   |
   = note: expected values for `feature` are: `binary_compiler`, `concurrent_gc`, and `enhanced_dynamic_dispatch`
   = help: consider adding `full_iterators` as a feature in `Cargo.toml`
   = note: see <https://doc.rust-lang.org/nightly/rustc/check-cfg/cargo-specifics.html> for more information about checking conditional configuration

warning: unexpected `cfg` condition value: `full_iterators`
  --> tests/collections_iterators_test.rs:29:17
   |
29 | #[cfg(all(test, feature = "full_iterators"))]
   |                 ^^^^^^^^^^^^^^^^^^^^^^^^^^
   |
   = note: expected values for `feature` are: `binary_compiler`, `concurrent_gc`, and `enhanced_dynamic_dispatch`
   = help: consider adding `full_iterators` as a feature in `Cargo.toml`
   = note: see <https://doc.rust-lang.org/nightly/rustc/check-cfg/cargo-specifics.html> for more information about checking conditional configuration

warning: unexpected `cfg` condition value: `full_iterators`
   --> tests/collections_iterators_test.rs:118:17
    |
118 | #[cfg(all(test, feature = "full_iterators"))]
    |                 ^^^^^^^^^^^^^^^^^^^^^^^^^^
    |
    = note: expected values for `feature` are: `binary_compiler`, `concurrent_gc`, and `enhanced_dynamic_dispatch`
    = help: consider adding `full_iterators` as a feature in `Cargo.toml`
    = note: see <https://doc.rust-lang.org/nightly/rustc/check-cfg/cargo-specifics.html> for more information about checking conditional configuration

warning: unexpected `cfg` condition value: `full_iterators`
   --> tests/collections_iterators_test.rs:230:17
    |
230 | #[cfg(all(test, feature = "full_iterators"))]
    |                 ^^^^^^^^^^^^^^^^^^^^^^^^^^
    |
    = note: expected values for `feature` are: `binary_compiler`, `concurrent_gc`, and `enhanced_dynamic_dispatch`
    = help: consider adding `full_iterators` as a feature in `Cargo.toml`
    = note: see <https://doc.rust-lang.org/nightly/rustc/check-cfg/cargo-specifics.html> for more information about checking conditional configuration

warning: unexpected `cfg` condition value: `full_iterators`
   --> tests/collections_iterators_test.rs:340:17
    |
340 | #[cfg(all(test, feature = "full_iterators"))]
    |                 ^^^^^^^^^^^^^^^^^^^^^^^^^^
    |
    = note: expected values for `feature` are: `binary_compiler`, `concurrent_gc`, and `enhanced_dynamic_dispatch`
    = help: consider adding `full_iterators` as a feature in `Cargo.toml`
    = note: see <https://doc.rust-lang.org/nightly/rustc/check-cfg/cargo-specifics.html> for more information about checking conditional configuration

warning: unexpected `cfg` condition value: `full_iterators`
   --> tests/collections_iterators_test.rs:421:17
    |
421 | #[cfg(all(test, feature = "full_iterators"))]
    |                 ^^^^^^^^^^^^^^^^^^^^^^^^^^
    |
    = note: expected values for `feature` are: `binary_compiler`, `concurrent_gc`, and `enhanced_dynamic_dispatch`
    = help: consider adding `full_iterators` as a feature in `Cargo.toml`
    = note: see <https://doc.rust-lang.org/nightly/rustc/check-cfg/cargo-specifics.html> for more information about checking conditional configuration

warning: unexpected `cfg` condition value: `full_iterators`
   --> tests/collections_iterators_test.rs:473:17
    |
473 | #[cfg(all(test, feature = "full_iterators"))]
    |                 ^^^^^^^^^^^^^^^^^^^^^^^^^^
    |
    = note: expected values for `feature` are: `binary_compiler`, `concurrent_gc`, and `enhanced_dynamic_dispatch`
    = help: consider adding `full_iterators` as a feature in `Cargo.toml`
    = note: see <https://doc.rust-lang.org/nightly/rustc/check-cfg/cargo-specifics.html> for more information about checking conditional configuration

warning: unexpected `cfg` condition value: `full_iterators`
   --> tests/collections_iterators_test.rs:551:17
    |
551 | #[cfg(all(test, feature = "full_iterators"))]
    |                 ^^^^^^^^^^^^^^^^^^^^^^^^^^
    |
    = note: expected values for `feature` are: `binary_compiler`, `concurrent_gc`, and `enhanced_dynamic_dispatch`
    = help: consider adding `full_iterators` as a feature in `Cargo.toml`
    = note: see <https://doc.rust-lang.org/nightly/rustc/check-cfg/cargo-specifics.html> for more information about checking conditional configuration

warning: unexpected `cfg` condition value: `full_iterators`
   --> tests/collections_iterators_test.rs:600:17
    |
600 | #[cfg(all(test, feature = "full_iterators"))]
    |                 ^^^^^^^^^^^^^^^^^^^^^^^^^^
    |
    = note: expected values for `feature` are: `binary_compiler`, `concurrent_gc`, and `enhanced_dynamic_dispatch`
    = help: consider adding `full_iterators` as a feature in `Cargo.toml`
    = note: see <https://doc.rust-lang.org/nightly/rustc/check-cfg/cargo-specifics.html> for more information about checking conditional configuration

warning: `cursed` (test "collections_iterators_test") generated 10 warnings
warning: unused `std::result::Result` that must be used
  --> tests/collections_sets_test.rs:60:9
   |
60 |         set.insert(i);
   |         ^^^^^^^^^^^^^
   |
   = note: this `Result` may be an `Err` variant, which should be handled
   = note: `#[warn(unused_must_use)]` on by default
help: use `let _ = ...` to ignore the resulting value
   |
60 |         let _ = set.insert(i);
   |         +++++++

warning: unused `std::result::Result` that must be used
  --> tests/collections_sets_test.rs:80:5
   |
80 |     set.insert("apple".to_string());
   |     ^^^^^^^^^^^^^^^^^^^^^^^^^^^^^^^
   |
   = note: this `Result` may be an `Err` variant, which should be handled
help: use `let _ = ...` to ignore the resulting value
   |
80 |     let _ = set.insert("apple".to_string());
   |     +++++++

warning: unused `std::result::Result` that must be used
  --> tests/collections_sets_test.rs:81:5
   |
81 |     set.insert("banana".to_string());
   |     ^^^^^^^^^^^^^^^^^^^^^^^^^^^^^^^^
   |
   = note: this `Result` may be an `Err` variant, which should be handled
help: use `let _ = ...` to ignore the resulting value
   |
81 |     let _ = set.insert("banana".to_string());
   |     +++++++

warning: unused `std::result::Result` that must be used
  --> tests/collections_sets_test.rs:82:5
   |
82 |     set.insert("cherry".to_string());
   |     ^^^^^^^^^^^^^^^^^^^^^^^^^^^^^^^^
   |
   = note: this `Result` may be an `Err` variant, which should be handled
help: use `let _ = ...` to ignore the resulting value
   |
82 |     let _ = set.insert("cherry".to_string());
   |     +++++++

warning: unused `std::result::Result` that must be used
   --> tests/collections_sets_test.rs:108:5
    |
108 |     set1.insert(1);
    |     ^^^^^^^^^^^^^^
    |
    = note: this `Result` may be an `Err` variant, which should be handled
help: use `let _ = ...` to ignore the resulting value
    |
108 |     let _ = set1.insert(1);
    |     +++++++

warning: unused `std::result::Result` that must be used
   --> tests/collections_sets_test.rs:109:5
    |
109 |     set1.insert(2);
    |     ^^^^^^^^^^^^^^
    |
    = note: this `Result` may be an `Err` variant, which should be handled
help: use `let _ = ...` to ignore the resulting value
    |
109 |     let _ = set1.insert(2);
    |     +++++++

warning: unused `std::result::Result` that must be used
   --> tests/collections_sets_test.rs:110:5
    |
110 |     set1.insert(3);
    |     ^^^^^^^^^^^^^^
    |
    = note: this `Result` may be an `Err` variant, which should be handled
help: use `let _ = ...` to ignore the resulting value
    |
110 |     let _ = set1.insert(3);
    |     +++++++

warning: unused `std::result::Result` that must be used
   --> tests/collections_sets_test.rs:111:5
    |
111 |     set1.insert(4);
    |     ^^^^^^^^^^^^^^
    |
    = note: this `Result` may be an `Err` variant, which should be handled
help: use `let _ = ...` to ignore the resulting value
    |
111 |     let _ = set1.insert(4);
    |     +++++++

warning: unused `std::result::Result` that must be used
   --> tests/collections_sets_test.rs:114:5
    |
114 |     set2.insert(3);
    |     ^^^^^^^^^^^^^^
    |
    = note: this `Result` may be an `Err` variant, which should be handled
help: use `let _ = ...` to ignore the resulting value
    |
114 |     let _ = set2.insert(3);
    |     +++++++

warning: unused `std::result::Result` that must be used
   --> tests/collections_sets_test.rs:115:5
    |
115 |     set2.insert(4);
    |     ^^^^^^^^^^^^^^
    |
    = note: this `Result` may be an `Err` variant, which should be handled
help: use `let _ = ...` to ignore the resulting value
    |
115 |     let _ = set2.insert(4);
    |     +++++++

warning: unused `std::result::Result` that must be used
   --> tests/collections_sets_test.rs:116:5
    |
116 |     set2.insert(5);
    |     ^^^^^^^^^^^^^^
    |
    = note: this `Result` may be an `Err` variant, which should be handled
help: use `let _ = ...` to ignore the resulting value
    |
116 |     let _ = set2.insert(5);
    |     +++++++

warning: unused `std::result::Result` that must be used
   --> tests/collections_sets_test.rs:117:5
    |
117 |     set2.insert(6);
    |     ^^^^^^^^^^^^^^
    |
    = note: this `Result` may be an `Err` variant, which should be handled
help: use `let _ = ...` to ignore the resulting value
    |
117 |     let _ = set2.insert(6);
    |     +++++++

warning: unused `std::result::Result` that must be used
   --> tests/collections_sets_test.rs:152:5
    |
152 |     superset.insert(1);
    |     ^^^^^^^^^^^^^^^^^^
    |
    = note: this `Result` may be an `Err` variant, which should be handled
help: use `let _ = ...` to ignore the resulting value
    |
152 |     let _ = superset.insert(1);
    |     +++++++

warning: unused `std::result::Result` that must be used
   --> tests/collections_sets_test.rs:153:5
    |
153 |     superset.insert(2);
    |     ^^^^^^^^^^^^^^^^^^
    |
    = note: this `Result` may be an `Err` variant, which should be handled
help: use `let _ = ...` to ignore the resulting value
    |
153 |     let _ = superset.insert(2);
    |     +++++++

warning: unused `std::result::Result` that must be used
   --> tests/collections_sets_test.rs:154:5
    |
154 |     superset.insert(3);
    |     ^^^^^^^^^^^^^^^^^^
    |
    = note: this `Result` may be an `Err` variant, which should be handled
help: use `let _ = ...` to ignore the resulting value
    |
154 |     let _ = superset.insert(3);
    |     +++++++

warning: unused `std::result::Result` that must be used
   --> tests/collections_sets_test.rs:155:5
    |
155 |     superset.insert(4);
    |     ^^^^^^^^^^^^^^^^^^
    |
    = note: this `Result` may be an `Err` variant, which should be handled
help: use `let _ = ...` to ignore the resulting value
    |
155 |     let _ = superset.insert(4);
    |     +++++++

warning: unused `std::result::Result` that must be used
   --> tests/collections_sets_test.rs:156:5
    |
156 |     superset.insert(5);
    |     ^^^^^^^^^^^^^^^^^^
    |
    = note: this `Result` may be an `Err` variant, which should be handled
help: use `let _ = ...` to ignore the resulting value
    |
156 |     let _ = superset.insert(5);
    |     +++++++

warning: unused `std::result::Result` that must be used
   --> tests/collections_sets_test.rs:159:5
    |
159 |     subset.insert(2);
    |     ^^^^^^^^^^^^^^^^
    |
    = note: this `Result` may be an `Err` variant, which should be handled
help: use `let _ = ...` to ignore the resulting value
    |
159 |     let _ = subset.insert(2);
    |     +++++++

warning: unused `std::result::Result` that must be used
   --> tests/collections_sets_test.rs:160:5
    |
160 |     subset.insert(3);
    |     ^^^^^^^^^^^^^^^^
    |
    = note: this `Result` may be an `Err` variant, which should be handled
help: use `let _ = ...` to ignore the resulting value
    |
160 |     let _ = subset.insert(3);
    |     +++++++

warning: unused `std::result::Result` that must be used
   --> tests/collections_sets_test.rs:161:5
    |
161 |     subset.insert(4);
    |     ^^^^^^^^^^^^^^^^
    |
    = note: this `Result` may be an `Err` variant, which should be handled
help: use `let _ = ...` to ignore the resulting value
    |
161 |     let _ = subset.insert(4);
    |     +++++++

warning: unused `std::result::Result` that must be used
   --> tests/collections_sets_test.rs:164:5
    |
164 |     disjoint.insert(6);
    |     ^^^^^^^^^^^^^^^^^^
    |
    = note: this `Result` may be an `Err` variant, which should be handled
help: use `let _ = ...` to ignore the resulting value
    |
164 |     let _ = disjoint.insert(6);
    |     +++++++

warning: unused `std::result::Result` that must be used
   --> tests/collections_sets_test.rs:165:5
    |
165 |     disjoint.insert(7);
    |     ^^^^^^^^^^^^^^^^^^
    |
    = note: this `Result` may be an `Err` variant, which should be handled
help: use `let _ = ...` to ignore the resulting value
    |
165 |     let _ = disjoint.insert(7);
    |     +++++++

warning: unused `std::result::Result` that must be used
   --> tests/collections_sets_test.rs:166:5
    |
166 |     disjoint.insert(8);
    |     ^^^^^^^^^^^^^^^^^^
    |
    = note: this `Result` may be an `Err` variant, which should be handled
help: use `let _ = ...` to ignore the resulting value
    |
166 |     let _ = disjoint.insert(8);
    |     +++++++

warning: unused `std::result::Result` that must be used
   --> tests/collections_sets_test.rs:195:9
    |
195 |         set.insert(value);
    |         ^^^^^^^^^^^^^^^^^
    |
    = note: this `Result` may be an `Err` variant, which should be handled
help: use `let _ = ...` to ignore the resulting value
    |
195 |         let _ = set.insert(value);
    |         +++++++

warning: unused `std::result::Result` that must be used
   --> tests/collections_sets_test.rs:222:9
    |
222 |         set.insert(i);
    |         ^^^^^^^^^^^^^
    |
    = note: this `Result` may be an `Err` variant, which should be handled
help: use `let _ = ...` to ignore the resulting value
    |
222 |         let _ = set.insert(i);
    |         +++++++

warning: unused `std::result::Result` that must be used
   --> tests/collections_sets_test.rs:239:5
    |
239 |     set.insert("zebra".to_string());
    |     ^^^^^^^^^^^^^^^^^^^^^^^^^^^^^^^
    |
    = note: this `Result` may be an `Err` variant, which should be handled
help: use `let _ = ...` to ignore the resulting value
    |
239 |     let _ = set.insert("zebra".to_string());
    |     +++++++

warning: unused `std::result::Result` that must be used
   --> tests/collections_sets_test.rs:240:5
    |
240 |     set.insert("apple".to_string());
    |     ^^^^^^^^^^^^^^^^^^^^^^^^^^^^^^^
    |
    = note: this `Result` may be an `Err` variant, which should be handled
help: use `let _ = ...` to ignore the resulting value
    |
240 |     let _ = set.insert("apple".to_string());
    |     +++++++

warning: unused `std::result::Result` that must be used
   --> tests/collections_sets_test.rs:241:5
    |
241 |     set.insert("banana".to_string());
    |     ^^^^^^^^^^^^^^^^^^^^^^^^^^^^^^^^
    |
    = note: this `Result` may be an `Err` variant, which should be handled
help: use `let _ = ...` to ignore the resulting value
    |
241 |     let _ = set.insert("banana".to_string());
    |     +++++++

warning: unused `std::result::Result` that must be used
   --> tests/collections_sets_test.rs:242:5
    |
242 |     set.insert("cherry".to_string());
    |     ^^^^^^^^^^^^^^^^^^^^^^^^^^^^^^^^
    |
    = note: this `Result` may be an `Err` variant, which should be handled
help: use `let _ = ...` to ignore the resulting value
    |
242 |     let _ = set.insert("cherry".to_string());
    |     +++++++

warning: unused `std::result::Result` that must be used
   --> tests/collections_sets_test.rs:243:5
    |
243 |     set.insert("date".to_string());
    |     ^^^^^^^^^^^^^^^^^^^^^^^^^^^^^^
    |
    = note: this `Result` may be an `Err` variant, which should be handled
help: use `let _ = ...` to ignore the resulting value
    |
243 |     let _ = set.insert("date".to_string());
    |     +++++++

warning: unused `std::result::Result` that must be used
   --> tests/collections_sets_test.rs:575:5
    |
575 |     set1.insert(1);
    |     ^^^^^^^^^^^^^^
    |
    = note: this `Result` may be an `Err` variant, which should be handled
help: use `let _ = ...` to ignore the resulting value
    |
575 |     let _ = set1.insert(1);
    |     +++++++

warning: unused `std::result::Result` that must be used
   --> tests/collections_sets_test.rs:576:5
    |
576 |     set1.insert(2);
    |     ^^^^^^^^^^^^^^
    |
    = note: this `Result` may be an `Err` variant, which should be handled
help: use `let _ = ...` to ignore the resulting value
    |
576 |     let _ = set1.insert(2);
    |     +++++++

warning: unused `std::result::Result` that must be used
   --> tests/collections_sets_test.rs:579:5
    |
579 |     set2.insert(2);
    |     ^^^^^^^^^^^^^^
    |
    = note: this `Result` may be an `Err` variant, which should be handled
help: use `let _ = ...` to ignore the resulting value
    |
579 |     let _ = set2.insert(2);
    |     +++++++

warning: unused `std::result::Result` that must be used
   --> tests/collections_sets_test.rs:580:5
    |
580 |     set2.insert(3);
    |     ^^^^^^^^^^^^^^
    |
    = note: this `Result` may be an `Err` variant, which should be handled
help: use `let _ = ...` to ignore the resulting value
    |
580 |     let _ = set2.insert(3);
    |     +++++++

warning: unused `std::result::Result` that must be used
   --> tests/collections_sets_test.rs:583:5
    |
583 |     set3.insert(3);
    |     ^^^^^^^^^^^^^^
    |
    = note: this `Result` may be an `Err` variant, which should be handled
help: use `let _ = ...` to ignore the resulting value
    |
583 |     let _ = set3.insert(3);
    |     +++++++

warning: unused `std::result::Result` that must be used
   --> tests/collections_sets_test.rs:584:5
    |
584 |     set3.insert(4);
    |     ^^^^^^^^^^^^^^
    |
    = note: this `Result` may be an `Err` variant, which should be handled
help: use `let _ = ...` to ignore the resulting value
    |
584 |     let _ = set3.insert(4);
    |     +++++++

warning: unused `std::result::Result` that must be used
   --> tests/collections_sets_test.rs:598:5
    |
598 |     set1.insert(5);
    |     ^^^^^^^^^^^^^^
    |
    = note: this `Result` may be an `Err` variant, which should be handled
help: use `let _ = ...` to ignore the resulting value
    |
598 |     let _ = set1.insert(5);
    |     +++++++

warning: unused `std::result::Result` that must be used
   --> tests/collections_sets_test.rs:599:5
    |
599 |     set2.insert(5);
    |     ^^^^^^^^^^^^^^
    |
    = note: this `Result` may be an `Err` variant, which should be handled
help: use `let _ = ...` to ignore the resulting value
    |
599 |     let _ = set2.insert(5);
    |     +++++++

warning: unused `std::result::Result` that must be used
   --> tests/collections_sets_test.rs:600:5
    |
600 |     set3.insert(5);
    |     ^^^^^^^^^^^^^^
    |
    = note: this `Result` may be an `Err` variant, which should be handled
help: use `let _ = ...` to ignore the resulting value
    |
600 |     let _ = set3.insert(5);
    |     +++++++

warning: unused `std::result::Result` that must be used
   --> tests/collections_sets_test.rs:652:9
    |
652 |         set.insert(value);
    |         ^^^^^^^^^^^^^^^^^
    |
    = note: this `Result` may be an `Err` variant, which should be handled
help: use `let _ = ...` to ignore the resulting value
    |
652 |         let _ = set.insert(value);
    |         +++++++

warning: `cursed` (test "collections_sets_test") generated 40 warnings
warning: unexpected `cfg` condition value: `disabled_test`
 --> tests/integration_end_to_end_test.rs:6:7
  |
6 | #[cfg(feature = "disabled_test")]
  |       ^^^^^^^^^^^^^^^^^^^^^^^^^
  |
  = note: expected values for `feature` are: `binary_compiler`, `concurrent_gc`, and `enhanced_dynamic_dispatch`
  = help: consider adding `disabled_test` as a feature in `Cargo.toml`
  = note: see <https://doc.rust-lang.org/nightly/rustc/check-cfg/cargo-specifics.html> for more information about checking conditional configuration
  = note: `#[warn(unexpected_cfgs)]` on by default

warning: unexpected `cfg` condition value: `disabled_test`
  --> tests/integration_end_to_end_test.rs:39:11
   |
39 | #[cfg(not(feature = "disabled_test"))]
   |           ^^^^^^^^^^^^^^^^^^^^^^^^^
   |
   = note: expected values for `feature` are: `binary_compiler`, `concurrent_gc`, and `enhanced_dynamic_dispatch`
   = help: consider adding `disabled_test` as a feature in `Cargo.toml`
   = note: see <https://doc.rust-lang.org/nightly/rustc/check-cfg/cargo-specifics.html> for more information about checking conditional configuration

warning: `cursed` (test "integration_end_to_end_test") generated 2 warnings
warning: unused `std::result::Result` that must be used
  --> tests/collections_queues_test.rs:20:9
   |
20 |         queue.enqueue(i);
   |         ^^^^^^^^^^^^^^^^
   |
   = note: this `Result` may be an `Err` variant, which should be handled
   = note: `#[warn(unused_must_use)]` on by default
help: use `let _ = ...` to ignore the resulting value
   |
20 |         let _ = queue.enqueue(i);
   |         +++++++

warning: unused `std::result::Result` that must be used
  --> tests/collections_queues_test.rs:42:9
   |
42 |         queue.enqueue(i);
   |         ^^^^^^^^^^^^^^^^
   |
   = note: this `Result` may be an `Err` variant, which should be handled
help: use `let _ = ...` to ignore the resulting value
   |
42 |         let _ = queue.enqueue(i);
   |         +++++++

warning: unused `std::result::Result` that must be used
  --> tests/collections_queues_test.rs:56:5
   |
56 |     queue.enqueue(1);
   |     ^^^^^^^^^^^^^^^^
   |
   = note: this `Result` may be an `Err` variant, which should be handled
help: use `let _ = ...` to ignore the resulting value
   |
56 |     let _ = queue.enqueue(1);
   |     +++++++

warning: unused `std::result::Result` that must be used
  --> tests/collections_queues_test.rs:57:5
   |
57 |     queue.enqueue(2);
   |     ^^^^^^^^^^^^^^^^
   |
   = note: this `Result` may be an `Err` variant, which should be handled
help: use `let _ = ...` to ignore the resulting value
   |
57 |     let _ = queue.enqueue(2);
   |     +++++++

warning: unused `std::result::Result` that must be used
  --> tests/collections_queues_test.rs:58:5
   |
58 |     queue.enqueue(3);
   |     ^^^^^^^^^^^^^^^^
   |
   = note: this `Result` may be an `Err` variant, which should be handled
help: use `let _ = ...` to ignore the resulting value
   |
58 |     let _ = queue.enqueue(3);
   |     +++++++

warning: unused `std::result::Result` that must be used
   --> tests/collections_queues_test.rs:122:5
    |
122 |     deque.push_back(2);
    |     ^^^^^^^^^^^^^^^^^^
    |
    = note: this `Result` may be an `Err` variant, which should be handled
help: use `let _ = ...` to ignore the resulting value
    |
122 |     let _ = deque.push_back(2);
    |     +++++++

warning: unused `std::result::Result` that must be used
   --> tests/collections_queues_test.rs:123:5
    |
123 |     deque.push_front(1);
    |     ^^^^^^^^^^^^^^^^^^^
    |
    = note: this `Result` may be an `Err` variant, which should be handled
help: use `let _ = ...` to ignore the resulting value
    |
123 |     let _ = deque.push_front(1);
    |     +++++++

warning: unused `std::result::Result` that must be used
   --> tests/collections_queues_test.rs:124:5
    |
124 |     deque.push_back(3);
    |     ^^^^^^^^^^^^^^^^^^
    |
    = note: this `Result` may be an `Err` variant, which should be handled
help: use `let _ = ...` to ignore the resulting value
    |
124 |     let _ = deque.push_back(3);
    |     +++++++

warning: unused `std::result::Result` that must be used
   --> tests/collections_queues_test.rs:125:5
    |
125 |     deque.push_front(0);
    |     ^^^^^^^^^^^^^^^^^^^
    |
    = note: this `Result` may be an `Err` variant, which should be handled
help: use `let _ = ...` to ignore the resulting value
    |
125 |     let _ = deque.push_front(0);
    |     +++++++

warning: unused `std::result::Result` that must be used
   --> tests/collections_queues_test.rs:143:5
    |
143 |     deque.push_back(10);
    |     ^^^^^^^^^^^^^^^^^^^
    |
    = note: this `Result` may be an `Err` variant, which should be handled
help: use `let _ = ...` to ignore the resulting value
    |
143 |     let _ = deque.push_back(10);
    |     +++++++

warning: unused `std::result::Result` that must be used
   --> tests/collections_queues_test.rs:144:5
    |
144 |     deque.push_back(20);
    |     ^^^^^^^^^^^^^^^^^^^
    |
    = note: this `Result` may be an `Err` variant, which should be handled
help: use `let _ = ...` to ignore the resulting value
    |
144 |     let _ = deque.push_back(20);
    |     +++++++

warning: unused `std::result::Result` that must be used
   --> tests/collections_queues_test.rs:145:5
    |
145 |     deque.push_back(30);
    |     ^^^^^^^^^^^^^^^^^^^
    |
    = note: this `Result` may be an `Err` variant, which should be handled
help: use `let _ = ...` to ignore the resulting value
    |
145 |     let _ = deque.push_back(30);
    |     +++++++

warning: unused `std::result::Result` that must be used
   --> tests/collections_queues_test.rs:210:5
    |
210 |     deque.push_back(1);
    |     ^^^^^^^^^^^^^^^^^^
    |
    = note: this `Result` may be an `Err` variant, which should be handled
help: use `let _ = ...` to ignore the resulting value
    |
210 |     let _ = deque.push_back(1);
    |     +++++++

warning: unused `std::result::Result` that must be used
   --> tests/collections_queues_test.rs:230:9
    |
230 |         pq.push(value);
    |         ^^^^^^^^^^^^^^
    |
    = note: this `Result` may be an `Err` variant, which should be handled
help: use `let _ = ...` to ignore the resulting value
    |
230 |         let _ = pq.push(value);
    |         +++++++

warning: unused `std::result::Result` that must be used
   --> tests/collections_queues_test.rs:256:9
    |
256 |         pq.push(value);
    |         ^^^^^^^^^^^^^^
    |
    = note: this `Result` may be an `Err` variant, which should be handled
help: use `let _ = ...` to ignore the resulting value
    |
256 |         let _ = pq.push(value);
    |         +++++++

warning: unused `std::result::Result` that must be used
   --> tests/collections_queues_test.rs:616:9
    |
616 |         queue.enqueue(i);
    |         ^^^^^^^^^^^^^^^^
    |
    = note: this `Result` may be an `Err` variant, which should be handled
help: use `let _ = ...` to ignore the resulting value
    |
616 |         let _ = queue.enqueue(i);
    |         +++++++

warning: unused `std::result::Result` that must be used
   --> tests/collections_queues_test.rs:641:9
    |
641 |         pq.push(n - i); // Reverse order to test heap operations
    |         ^^^^^^^^^^^^^^
    |
    = note: this `Result` may be an `Err` variant, which should be handled
help: use `let _ = ...` to ignore the resulting value
    |
641 |         let _ = pq.push(n - i); // Reverse order to test heap operations
    |         +++++++

warning: unused `std::result::Result` that must be used
   --> tests/collections_queues_test.rs:693:5
    |
693 |     queue.enqueue("test".to_string());
    |     ^^^^^^^^^^^^^^^^^^^^^^^^^^^^^^^^^
    |
    = note: this `Result` may be an `Err` variant, which should be handled
help: use `let _ = ...` to ignore the resulting value
    |
693 |     let _ = queue.enqueue("test".to_string());
    |     +++++++

warning: unused `std::result::Result` that must be used
   --> tests/collections_queues_test.rs:725:5
    |
725 |     deque.push_back(42);
    |     ^^^^^^^^^^^^^^^^^^^
    |
    = note: this `Result` may be an `Err` variant, which should be handled
help: use `let _ = ...` to ignore the resulting value
    |
725 |     let _ = deque.push_back(42);
    |     +++++++

warning: unused `std::result::Result` that must be used
   --> tests/collections_queues_test.rs:742:5
    |
742 |     pq.push(42);
    |     ^^^^^^^^^^^
    |
    = note: this `Result` may be an `Err` variant, which should be handled
help: use `let _ = ...` to ignore the resulting value
    |
742 |     let _ = pq.push(42);
    |     +++++++

warning: unused `std::result::Result` that must be used
   --> tests/collections_queues_test.rs:750:9
    |
750 |         min_pq.push(10);
    |         ^^^^^^^^^^^^^^^
    |
    = note: this `Result` may be an `Err` variant, which should be handled
help: use `let _ = ...` to ignore the resulting value
    |
750 |         let _ = min_pq.push(10);
    |         +++++++

warning: unused `std::result::Result` that must be used
   --> tests/collections_queues_test.rs:825:9
    |
825 |         queue.enqueue(format!("Large string data item {}", i));
    |         ^^^^^^^^^^^^^^^^^^^^^^^^^^^^^^^^^^^^^^^^^^^^^^^^^^^^^^
    |
    = note: this `Result` may be an `Err` variant, which should be handled
help: use `let _ = ...` to ignore the resulting value
    |
825 |         let _ = queue.enqueue(format!("Large string data item {}", i));
    |         +++++++

warning: unused `std::result::Result` that must be used
   --> tests/collections_queues_test.rs:838:5
    |
838 |     queue.enqueue("test".to_string());
    |     ^^^^^^^^^^^^^^^^^^^^^^^^^^^^^^^^^
    |
    = note: this `Result` may be an `Err` variant, which should be handled
help: use `let _ = ...` to ignore the resulting value
    |
838 |     let _ = queue.enqueue("test".to_string());
    |     +++++++

warning: unused `std::result::Result` that must be used
   --> tests/collections_queues_test.rs:849:9
    |
849 |         queue.enqueue(i);
    |         ^^^^^^^^^^^^^^^^
    |
    = note: this `Result` may be an `Err` variant, which should be handled
help: use `let _ = ...` to ignore the resulting value
    |
849 |         let _ = queue.enqueue(i);
    |         +++++++

warning: unused `std::result::Result` that must be used
   --> tests/collections_queues_test.rs:863:9
    |
863 |         queue.enqueue(i);
    |         ^^^^^^^^^^^^^^^^
    |
    = note: this `Result` may be an `Err` variant, which should be handled
help: use `let _ = ...` to ignore the resulting value
    |
863 |         let _ = queue.enqueue(i);
    |         +++++++

warning: unused `std::result::Result` that must be used
   --> tests/collections_queues_test.rs:892:5
    |
892 |     queue.enqueue(item1.clone());
    |     ^^^^^^^^^^^^^^^^^^^^^^^^^^^^
    |
    = note: this `Result` may be an `Err` variant, which should be handled
help: use `let _ = ...` to ignore the resulting value
    |
892 |     let _ = queue.enqueue(item1.clone());
    |     +++++++

warning: unused `std::result::Result` that must be used
   --> tests/collections_queues_test.rs:893:5
    |
893 |     queue.enqueue(item2.clone());
    |     ^^^^^^^^^^^^^^^^^^^^^^^^^^^^
    |
    = note: this `Result` may be an `Err` variant, which should be handled
help: use `let _ = ...` to ignore the resulting value
    |
893 |     let _ = queue.enqueue(item2.clone());
    |     +++++++

warning: `cursed` (test "collections_queues_test") generated 27 warnings
warning: comparison is useless due to type limits
   --> tests/shared_memory_test.rs:101:13
    |
101 |     assert!(manager.active_regions().len() >= 0);
    |             ^^^^^^^^^^^^^^^^^^^^^^^^^^^^^^^^^^^
    |
    = note: `#[warn(unused_comparisons)]` on by default

warning: comparison is useless due to type limits
   --> tests/shared_memory_test.rs:117:13
    |
117 |     assert!(active_count >= 0);
    |             ^^^^^^^^^^^^^^^^^

warning: comparison is useless due to type limits
   --> tests/shared_memory_test.rs:118:13
    |
118 |     assert!(memory_usage >= 0);
    |             ^^^^^^^^^^^^^^^^^

warning: comparison is useless due to type limits
   --> tests/shared_memory_test.rs:120:13
    |
120 |     assert!(failure_count >= 0);
    |             ^^^^^^^^^^^^^^^^^^

warning: unexpected `cfg` condition value: `disabled_test`
 --> tests/quick_test_basics.rs:6:7
  |
6 | #[cfg(feature = "disabled_test")]
  |       ^^^^^^^^^^^^^^^^^^^^^^^^^
  |
  = note: expected values for `feature` are: `binary_compiler`, `concurrent_gc`, and `enhanced_dynamic_dispatch`
  = help: consider adding `disabled_test` as a feature in `Cargo.toml`
  = note: see <https://doc.rust-lang.org/nightly/rustc/check-cfg/cargo-specifics.html> for more information about checking conditional configuration
  = note: `#[warn(unexpected_cfgs)]` on by default

warning: unexpected `cfg` condition value: `disabled_test`
  --> tests/quick_test_basics.rs:18:11
   |
18 | #[cfg(not(feature = "disabled_test"))]
   |           ^^^^^^^^^^^^^^^^^^^^^^^^^
   |
   = note: expected values for `feature` are: `binary_compiler`, `concurrent_gc`, and `enhanced_dynamic_dispatch`
   = help: consider adding `disabled_test` as a feature in `Cargo.toml`
   = note: see <https://doc.rust-lang.org/nightly/rustc/check-cfg/cargo-specifics.html> for more information about checking conditional configuration

warning: comparison is useless due to type limits
   --> tests/sync_comprehensive_test.rs:530:13
    |
530 |     assert!(stats.active_threads >= 0);
    |             ^^^^^^^^^^^^^^^^^^^^^^^^^
    |
    = note: `#[warn(unused_comparisons)]` on by default

warning: `cursed` (test "shared_memory_test") generated 4 warnings
warning: `cursed` (test "quick_test_basics") generated 2 warnings
warning: `cursed` (test "sync_comprehensive_test") generated 1 warning
warning: unused `std::result::Result` that must be used
  --> tests/collections_stacks_test.rs:35:5
   |
35 |     stack.push(1);
   |     ^^^^^^^^^^^^^
   |
   = note: this `Result` may be an `Err` variant, which should be handled
   = note: `#[warn(unused_must_use)]` on by default
help: use `let _ = ...` to ignore the resulting value
   |
35 |     let _ = stack.push(1);
   |     +++++++

warning: unused `std::result::Result` that must be used
  --> tests/collections_stacks_test.rs:36:5
   |
36 |     stack.push(2);
   |     ^^^^^^^^^^^^^
   |
   = note: this `Result` may be an `Err` variant, which should be handled
help: use `let _ = ...` to ignore the resulting value
   |
36 |     let _ = stack.push(2);
   |     +++++++

warning: unused `std::result::Result` that must be used
  --> tests/collections_stacks_test.rs:37:5
   |
37 |     stack.push(3);
   |     ^^^^^^^^^^^^^
   |
   = note: this `Result` may be an `Err` variant, which should be handled
help: use `let _ = ...` to ignore the resulting value
   |
37 |     let _ = stack.push(3);
   |     +++++++

warning: unused `std::result::Result` that must be used
  --> tests/collections_stacks_test.rs:57:5
   |
57 |     stack.push(1);
   |     ^^^^^^^^^^^^^
   |
   = note: this `Result` may be an `Err` variant, which should be handled
help: use `let _ = ...` to ignore the resulting value
   |
57 |     let _ = stack.push(1);
   |     +++++++

warning: unused `std::result::Result` that must be used
  --> tests/collections_stacks_test.rs:58:5
   |
58 |     stack.push(2);
   |     ^^^^^^^^^^^^^
   |
   = note: this `Result` may be an `Err` variant, which should be handled
help: use `let _ = ...` to ignore the resulting value
   |
58 |     let _ = stack.push(2);
   |     +++++++

warning: unused `std::result::Result` that must be used
  --> tests/collections_stacks_test.rs:72:5
   |
72 |     stack.push(1);
   |     ^^^^^^^^^^^^^
   |
   = note: this `Result` may be an `Err` variant, which should be handled
help: use `let _ = ...` to ignore the resulting value
   |
72 |     let _ = stack.push(1);
   |     +++++++

warning: unused `std::result::Result` that must be used
  --> tests/collections_stacks_test.rs:73:5
   |
73 |     stack.push(2);
   |     ^^^^^^^^^^^^^
   |
   = note: this `Result` may be an `Err` variant, which should be handled
help: use `let _ = ...` to ignore the resulting value
   |
73 |     let _ = stack.push(2);
   |     +++++++

warning: unused `std::result::Result` that must be used
  --> tests/collections_stacks_test.rs:74:5
   |
74 |     stack.push(3);
   |     ^^^^^^^^^^^^^
   |
   = note: this `Result` may be an `Err` variant, which should be handled
help: use `let _ = ...` to ignore the resulting value
   |
74 |     let _ = stack.push(3);
   |     +++++++

warning: unused `std::result::Result` that must be used
  --> tests/collections_stacks_test.rs:94:5
   |
94 |     stack.push_many(vec![1, 2, 3, 4, 5]);
   |     ^^^^^^^^^^^^^^^^^^^^^^^^^^^^^^^^^^^^
   |
   = note: this `Result` may be an `Err` variant, which should be handled
help: use `let _ = ...` to ignore the resulting value
   |
94 |     let _ = stack.push_many(vec![1, 2, 3, 4, 5]);
   |     +++++++

warning: unused `std::result::Result` that must be used
   --> tests/collections_stacks_test.rs:104:5
    |
104 |     stack.push_many(vec![6, 7, 8]);
    |     ^^^^^^^^^^^^^^^^^^^^^^^^^^^^^^
    |
    = note: this `Result` may be an `Err` variant, which should be handled
help: use `let _ = ...` to ignore the resulting value
    |
104 |     let _ = stack.push_many(vec![6, 7, 8]);
    |     +++++++

warning: unused `std::result::Result` that must be used
   --> tests/collections_stacks_test.rs:117:5
    |
117 |     stack.push(5);
    |     ^^^^^^^^^^^^^
    |
    = note: this `Result` may be an `Err` variant, which should be handled
help: use `let _ = ...` to ignore the resulting value
    |
117 |     let _ = stack.push(5);
    |     +++++++

warning: unused `std::result::Result` that must be used
   --> tests/collections_stacks_test.rs:124:5
    |
124 |     stack.push(1);
    |     ^^^^^^^^^^^^^
    |
    = note: this `Result` may be an `Err` variant, which should be handled
help: use `let _ = ...` to ignore the resulting value
    |
124 |     let _ = stack.push(1);
    |     +++++++

warning: unused `std::result::Result` that must be used
   --> tests/collections_stacks_test.rs:127:5
    |
127 |     stack.push(2);
    |     ^^^^^^^^^^^^^
    |
    = note: this `Result` may be an `Err` variant, which should be handled
help: use `let _ = ...` to ignore the resulting value
    |
127 |     let _ = stack.push(2);
    |     +++++++

warning: unused `std::result::Result` that must be used
   --> tests/collections_stacks_test.rs:153:5
    |
153 |     stack.push_many(vec![1, 2, 3, 4, 5]);
    |     ^^^^^^^^^^^^^^^^^^^^^^^^^^^^^^^^^^^^
    |
    = note: this `Result` may be an `Err` variant, which should be handled
help: use `let _ = ...` to ignore the resulting value
    |
153 |     let _ = stack.push_many(vec![1, 2, 3, 4, 5]);
    |     +++++++

warning: unused `std::result::Result` that must be used
   --> tests/collections_stacks_test.rs:501:9
    |
501 |         stack.push(i);
    |         ^^^^^^^^^^^^^
    |
    = note: this `Result` may be an `Err` variant, which should be handled
help: use `let _ = ...` to ignore the resulting value
    |
501 |         let _ = stack.push(i);
    |         +++++++

warning: unused `std::result::Result` that must be used
   --> tests/collections_stacks_test.rs:651:5
    |
651 |     stack.push(1);
    |     ^^^^^^^^^^^^^
    |
    = note: this `Result` may be an `Err` variant, which should be handled
help: use `let _ = ...` to ignore the resulting value
    |
651 |     let _ = stack.push(1);
    |     +++++++

warning: unused `std::result::Result` that must be used
   --> tests/collections_stacks_test.rs:667:5
    |
667 |     stack.push_many(vec![1, 2, 3]);
    |     ^^^^^^^^^^^^^^^^^^^^^^^^^^^^^^
    |
    = note: this `Result` may be an `Err` variant, which should be handled
help: use `let _ = ...` to ignore the resulting value
    |
667 |     let _ = stack.push_many(vec![1, 2, 3]);
    |     +++++++

warning: `cursed` (test "collections_stacks_test") generated 17 warnings
warning: unused `std::result::Result` that must be used
  --> tests/simple_iterators_test.rs:50:5
   |
50 |     set.insert(1);
   |     ^^^^^^^^^^^^^
   |
   = note: this `Result` may be an `Err` variant, which should be handled
   = note: `#[warn(unused_must_use)]` on by default
help: use `let _ = ...` to ignore the resulting value
   |
50 |     let _ = set.insert(1);
   |     +++++++

warning: unused `std::result::Result` that must be used
  --> tests/simple_iterators_test.rs:51:5
   |
51 |     set.insert(2);
   |     ^^^^^^^^^^^^^
   |
   = note: this `Result` may be an `Err` variant, which should be handled
help: use `let _ = ...` to ignore the resulting value
   |
51 |     let _ = set.insert(2);
   |     +++++++

warning: unused `std::result::Result` that must be used
  --> tests/simple_iterators_test.rs:52:5
   |
52 |     set.insert(3);
   |     ^^^^^^^^^^^^^
   |
   = note: this `Result` may be an `Err` variant, which should be handled
help: use `let _ = ...` to ignore the resulting value
   |
52 |     let _ = set.insert(3);
   |     +++++++

warning: unexpected `cfg` condition value: `disabled_test`
 --> tests/chadlogging_test.rs:2:7
  |
2 | #[cfg(feature = "disabled_test")]
  |       ^^^^^^^^^^^^^^^^^^^^^^^^^
  |
  = note: expected values for `feature` are: `binary_compiler`, `concurrent_gc`, and `enhanced_dynamic_dispatch`
  = help: consider adding `disabled_test` as a feature in `Cargo.toml`
  = note: see <https://doc.rust-lang.org/nightly/rustc/check-cfg/cargo-specifics.html> for more information about checking conditional configuration
  = note: `#[warn(unexpected_cfgs)]` on by default

warning: `cursed` (test "simple_iterators_test") generated 3 warnings
warning: `cursed` (test "chadlogging_test") generated 1 warning
    Finished `test` profile [unoptimized + debuginfo] target(s) in 0.30s
     Running unittests src/lib.rs (target/x86_64-unknown-linux-gnu/debug/deps/cursed-6009c1e8a8455556)

running 1541 tests
test ast::expressions::error_propagation_enhanced::tests::test_expression_trait_implementation ... ok
test ast::expressions::error_propagation_enhanced::tests::test_error_propagation_display ... ok
test ast::expressions::error_propagation_enhanced::tests::test_error_propagation_creation ... ok
test ast::expressions::error_propagation_enhanced::tests::test_error_propagation_with_type ... ok
test ast::expressions::error_propagation_enhanced::tests::test_propagation_context_error_handling ... ok
test ast::expressions::error_propagation_enhanced::tests::test_propagation_context ... ok
test ast::expressions::error_propagation_enhanced::tests::test_propagation_validation ... ok
test ast::expressions::error_propagation_enhanced::tests::test_tail_position_marking ... ok
test ast::expressions::error_propagation_enhanced::tests::test_type_compatibility ... ok
test ast::expressions::question_mark::tests::test_inner_expression_access ... ok
test ast::expressions::question_mark::tests::test_question_mark_cloning ... ok
test ast::expressions::question_mark::tests::test_question_mark_creation ... ok
test ast::expressions::question_mark::tests::test_question_mark_display ... ok
test ast::expressions::question_mark::tests::test_question_mark_expression_trait ... ok
test ast::expressions::question_mark::tests::test_question_mark_nested ... ok
test build_system::build_config::tests::test_semver_validation ... ok
test build_system::build_config::tests::test_default_config_creation ... ok
test build_system::build_config::tests::test_config_validation ... ok
test build_system::build_config::tests::test_profile_inheritance ... ok
test build_system::build_orchestrator::tests::test_warning_extraction ... ok
test build_system::dependency_resolver::tests::test_version_comparison ... ok
test build_system::dependency_resolver::tests::test_dependency_resolution ... ok
test build_system::dependency_resolver::tests::test_version_constraints ... ok
test build_system::dependency_resolver::tests::test_topological_sort ... FAILED
test codegen::llvm::control_flow::tests::test_if_statement_compilation ... ignored, lifetime issues with LLVM context
test build_system::build_orchestrator::tests::test_line_counting ... ok
test codegen::llvm::debug::tests::test_debug_config_default ... ok
test codegen::llvm::channels::tests::test_channel_type_compilation ... ok
test build_system::project_template::tests::test_template_manager_creation ... ok
test build_system::project_template::tests::test_template_categories ... ok
test codegen::llvm::debug::tests::test_debug_builder_creation ... ok
test codegen::llvm::debug_info::tests::test_debug_generator_creation ... ignored, Temporarily disabled due to lifetime issues
test codegen::llvm::debug_info::tests::test_debug_info_extraction ... ignored, Temporarily disabled due to lifetime issues
test codegen::llvm::debug_info::tests::test_debug_location_creation ... ignored, Temporarily disabled due to lifetime issues
test codegen::llvm::debug_info::tests::test_debug_manager_creation ... ignored, Temporarily disabled due to lifetime issues
test codegen::llvm::debug_info::tests::test_function_debug_integration ... ignored, Temporarily disabled due to lifetime issues
test codegen::llvm::debug_info::tests::test_type_creation ... ignored, Temporarily disabled due to lifetime issues
test codegen::llvm::debug::tests::test_debug_manager_creation ... ok
test codegen::llvm::debug::tests::test_debug_manager_add_function ... ok
test codegen::llvm::channels::tests::test_runtime_function_initialization ... ok
test codegen::llvm::debug_integration::tests::test_debug_utilities_generation ... ok
test codegen::llvm::debug_integration::tests::test_debug_metadata_generation ... FAILED
test codegen::llvm::debug_integration::tests::test_function_generation_with_debug ... ok
test codegen::llvm::debug_integration::tests::test_optimization_hints ... FAILED
test codegen::llvm::debug_integration::tests::test_module_generation_with_debug ... FAILED
test codegen::llvm::control_flow::tests::test_control_flow_context ... ok
test codegen::llvm::debug::tests::test_debug_generator_methods ... ok
test codegen::llvm::error_handling::tests::test_error_check_ir_generation ... ok
test codegen::llvm::error_handling::tests::test_error_context_ir_generation ... ok
test codegen::llvm::debug_integration::tests::test_debug_code_generator_creation ... FAILED
test codegen::llvm::debug_integration::tests::test_variable_generation_with_debug ... FAILED
test build_system::build_orchestrator::tests::test_build_orchestrator_creation ... ok
test codegen::llvm::debug::tests::test_cursed_debug_builder ... ok
test codegen::llvm::error_handling::tests::test_error_handling_functions_registry ... ok
test codegen::llvm::error_handling::tests::test_error_handling_integration ... ok
test codegen::llvm::error_handling::tests::test_error_propagation_ir_generation ... ok
test codegen::llvm::error_handling::tests::test_function_descriptors ... ok
test codegen::llvm::error_handling::tests::test_stack_trace_capture_ir ... ok
test codegen::llvm::error_handling::tests::test_panic_ir_generation ... ok
test codegen::llvm::debug::tests::test_debug_generator_creation ... ok
test codegen::llvm::expression_compiler::tests::test_literal_compilation ... ok
test codegen::llvm::channels::tests::test_ir_generation ... ok
test build_system::incremental_cache::tests::test_cache_creation ... ok
test codegen::llvm::function_compilation::tests::test_function_context_creation ... ok
test codegen::llvm::expression_compiler::tests::test_llvm_type_strings ... ok
test codegen::llvm::debug_integration::tests::test_disabled_debug_generation ... ok
test build_system::incremental_cache::tests::test_cache_cleanup ... ok
test codegen::llvm::expression_compiler::tests::test_type_resolution ... ok
test build_system::incremental_cache::tests::test_cache_entry_operations ... ok
test codegen::llvm::function_compilation::tests::test_function_type_generation ... ok
test codegen::llvm::function_compilation::tests::test_type_mapping ... ok
test codegen::llvm::function_compilation::tests::test_simple_function_compilation ... ok
test codegen::llvm::gc_integration::tests::test_runtime_allocation_safety ... ok
test build_system::incremental_cache::tests::test_cache_manager ... ok
test codegen::llvm::gc_integration::tests::test_type_name_sanitization ... ok
test codegen::llvm::function_compilation::tests::test_function_context_locals ... ok
test codegen::llvm::stdlib_registry::tests::test_llvm_integration_initialization ... ignored, lifetime issue with Module in tests - functionality works in practice
test codegen::llvm::function_compilation::tests::test_temp_variable_generation ... ok
test codegen::llvm::gc_integration::tests::test_object_header_layout ... ok
test codegen::llvm::function_compilation::tests::test_function_arguments_generation ... ok
test codegen::llvm::variable_management::tests::test_scope_management ... ignored, lifetime issues with LLVM context
test codegen::llvm::type_system::tests::test_cursed_type_mapping ... ok
test codegen::llvm::type_system::tests::test_interface_compilation ... ok
test codegen::llvm::type_system::tests::test_type_registry ... ok
test build_system::build_config::tests::test_config_serialization ... FAILED
test codegen::llvm::variable_management::tests::test_type_conversion ... ignored, lifetime issues with LLVM context
test codegen::llvm::variable_management::tests::test_variable_manager_creation ... ignored, lifetime issues with LLVM context
test codegen::llvm::web_vibez_integration::tests::test_function_declarations ... ignored, lifetime issue with Module in tests - functionality works in practice
test codegen::llvm::web_vibez_integration::tests::test_validation ... ignored, lifetime issue with Module in tests - functionality works in practice
test codegen::llvm::web_vibez_integration::tests::test_web_vibez_integration_creation ... ignored, lifetime issue with Module in tests - functionality works in practice
test codegen::llvm::type_system::tests::test_struct_compilation ... ok
test debug::debug_config::tests::test_config_builder ... ok
test codegen::llvm::web_vibez_integration::tests::test_http_type_registry ... ok
test codegen::llvm::gc_integration::tests::test_statistics_tracking ... ok
test debug::debug_config::tests::test_debug_flags ... ok
test debug::debug_config::tests::test_default_config ... ok
test debug::debug_config::tests::test_llvm_debug_kind ... ok
test codegen::llvm::gc_integration::tests::test_allocation_ir_generation ... ok
test debug::debug_info::tests::test_disabled_debug_info ... ok
test codegen::llvm::gc_integration::tests::test_llvm_gc_integration_creation ... ok
test debug::debug_config::tests::test_config_merge ... ok
test debug::debug_info::tests::test_validation ... ok
test debug::debug_info::tests::test_scope_management ... ok
test debug::debug_config::tests::test_debug_file_extension ... ok
test debug::debug_symbols::tests::test_debug_symbol_creation ... ok
test debug::debug_info::tests::test_function_management ... ok
test debug::debug_symbols::tests::test_scope_guard ... ok
test debug::debug_config::tests::test_config_validation ... ok
test debug::debug_symbols::tests::test_symbol_with_scope ... ok
test debug::debug_symbols::tests::test_symbols_by_type ... ok
test codegen::llvm::gc_integration::tests::test_runtime_function_declarations ... ok
test codegen::llvm::stdlib_registry::tests::test_web_vibez_comprehensive_functions ... ok
test debug::debug_config::tests::test_preset_configs ... ok
test debug::debug_info::tests::test_compilation_unit_initialization ... ok
test codegen::llvm::gc_integration::tests::test_type_registration ... ok
test debug::dwarf_gen::tests::test_compile_unit_creation ... ok
test debug::dwarf_gen::tests::test_debug_location_generation ... ok
test debug::debug_utils::tests::test_vscode_launch_config ... ok
test debug::debug_info::tests::test_debug_info_manager_creation ... ok
test debug::debug_info::tests::test_debug_metadata_generation ... ok
test debug::debug_info::tests::test_variable_addition ... ok
test debug::debug_symbols::tests::test_symbol_table_operations ... ok
test debug::debug_symbols::tests::test_scoped_symbols ... ok
test debug::dwarf_gen::tests::test_llvm_metadata_generation ... ok
test debug::debug_utils::tests::test_gdb_command_generation ... ok
test debug::debug_utils::tests::test_debug_session_config_serialization ... ok
test debug::debug_utils::tests::test_stack_frame_parsing ... ok
test codegen::llvm::gc_integration::tests::test_safe_point_generation ... ok
test debug::debug_utils::tests::test_variable_value_extraction ... ok
test build_system::project_template::tests::test_template_generation ... ok
test codegen::llvm::gc_integration::tests::test_write_barrier_generation ... ok
test debug::enhanced_debug::tests::test_debug_info_registry ... ok
test debug::dwarf_gen::tests::test_type_encoding_inference ... ok
test debug::enhanced_debug::tests::test_enhanced_debug_info_creation ... ok
test debug::enhanced_debug::tests::test_variable_metadata_creation ... ok
test debug::enhanced_debug::tests::test_source_map_creation ... ok
test debug::enhanced_debug::tests::test_type_debug_info_creation ... ok
test debug::source_location::tests::test_invalid_location ... ok
test debug::dwarf_gen::tests::test_statistics ... ok
test debug::dwarf_gen::tests::test_dwarf_generator_creation ... ok
test debug::enhanced_debug::tests::test_debug_statistics ... ok
test debug::enhanced_debug::tests::test_scope_info_creation ... ok
test debug::source_mapper::tests::test_enhanced_source_location ... ok
test debug::enhanced_debug::tests::test_symbol_search ... ok
test debug::enhanced_debug::tests::test_symbol_metadata_creation ... ok
test debug::source_mapper::tests::test_source_mapper_creation ... ok
test debug::source_mapper::tests::test_source_mapping_utils ... ok
test debug::source_location::tests::test_location_manager ... ok
test debug::dwarf_gen::tests::test_symbol_addition ... ok
test debug::symbol_resolver::tests::test_resolved_symbol_methods ... ok
test debug::source_location::tests::test_source_location_creation ... ok
test debug::symbol_resolver::tests::test_symbol_location ... ok
test debug::symbol_resolver::tests::test_symbol_completion ... ok
test debug::source_location::tests::test_source_location_display ... ok
test debug::source_location::tests::test_source_location_range ... ok
test error::debug_context::tests::test_debug_context_builder ... ok
test debug::symbol_resolver::tests::test_symbol_statistics ... ok
test debug::symbol_resolver::tests::test_type_registration_and_resolution ... ok
test debug::source_mapper::tests::test_word_boundaries ... ok
test codegen::llvm::stdlib_registry::tests::test_stdlib_registry_creation ... ok
test debug::source_mapper::tests::test_cache_management ... ok
test debug::symbol_resolver::tests::test_file_based_symbol_search ... ok
test debug::source_mapper::tests::test_source_file_loading ... ok
test debug::symbol_resolver::tests::test_resolver_clear ... ok
test debug::symbol_resolver::tests::test_symbol_registration_and_resolution ... ok
test debug::source_mapper::tests::test_pattern_finding ... ok
test debug::symbol_resolver::tests::test_symbol_search ... ok
test debug::source_mapper::tests::test_source_snippet_extraction ... FAILED
test error::debug_context::tests::test_debug_context_annotations ... ok
test error::debug_context::tests::test_error_severity ... FAILED
test error::debug_context::tests::test_user_frames_filtering ... ok
test error::error_propagation::tests::test_error_display ... ok
test error::error_propagation::tests::test_error_propagation_chain ... ok
test debug::symbol_resolver::tests::test_symbol_resolver_creation ... ok
test error::error_propagation::tests::test_error_propagation_error_creation ... ok
test error::error_propagation::tests::test_error_propagation_utils ... ok
test error::debug_context::tests::test_debug_context_creation ... ok
test error::error_propagation::tests::test_propagation_error_macro ... ok
test error::debug_context::tests::test_debug_context_with_stack_trace ... ok
test error::error_propagation::tests::test_propagation_stack_trace ... ok
test error::debug_context::tests::test_helpful_message_generation ... ok
test error::error_propagation::tests::test_extract_error_message ... ok
test error::types::tests::test_error_display ... ok
test error::error_propagation::tests::test_extract_source_location ... ok
test error::error_propagation::tests::test_propagation_context_error ... ok
test error::types::tests::test_error_severities ... ok
test error::types::tests::test_error_manager ... ok
test error::types::tests::test_error_severity_ordering ... ok
test error::error_propagation::tests::test_propagation_type_mismatch_error ... ok
test error::types::tests::test_io_error ... ok
test error::types::tests::test_parse_error ... ok
test error::types::tests::test_error_categories ... ok
test error::types::tests::test_runtime_error ... ok
test error::types::tests::test_error_chain ... ok
test lsp::completion::tests::test_function_signature_extraction ... ok
test error::types::tests::test_error_conversion ... ok
test error::debug_context::tests::test_error_report_generation ... ok
test error::debug_context::tests::test_into_debug_context ... ok
test lsp::completion::tests::test_function_completion ... ok
test lsp::completion::tests::test_variable_extraction ... ok
test lsp::completion::tests::test_keyword_completion ... ok
test lsp::completion::tests::test_variable_completion ... ok
test error::types::tests::test_error_constructors ... ok
test lsp::formatting::tests::test_extract_range_content ... FAILED
test lsp::document::tests::test_document_info_word_extraction ... ok
test lsp::diagnostics::tests::test_unused_variable_detection ... ok
test lsp::formatting::tests::test_format_document_edits ... ok
test lsp::formatting::tests::test_format_document ... FAILED
test lsp::formatting::tests::test_line_spacing_formatting ... ok
test lsp::diagnostics::tests::test_syntax_diagnostics ... ok
test lsp::formatting::tests::test_format_on_opening_brace ... FAILED
test lsp::navigation::tests::test_function_info_extraction ... ok
test lsp::document::tests::test_document_manager_basic_operations ... ok
test lsp::workspace::tests::test_file_classification ... ok
test lsp::navigation::tests::test_find_variable_definition ... ok
test lsp::workspace::tests::test_symbol_extraction ... ok
test lsp::navigation::tests::test_find_references ... ok
test lsp::document::tests::test_incremental_updates ... FAILED
test memory::allocator::tests::test_allocator_trait_interface ... ok
test memory::allocator::tests::test_bump_allocator ... ok
test memory::collection_triggers::tests::test_allocation_pressure_trigger ... ok
test memory::allocator::tests::test_free_list_allocator ... ok
test memory::collection_triggers::tests::test_emergency_trigger ... ok
test lsp::navigation::tests::test_variable_info_extraction ... ok
test memory::copying::tests::test_allocation ... ok
test lsp::workspace::tests::test_symbol_search ... ok
test memory::allocator::tests::test_segregated_allocator ... ok
test memory::collection_triggers::tests::test_trigger_creation ... ok
test memory::copying::tests::test_collector_creation ... ok
test memory::cycle_detection::tests::test_incremental_detection ... ok
test lsp::navigation::tests::test_hover_builtin_function ... ok
test memory::adaptive_gc::tests::test_adaptation_enable_disable ... ok
test memory::copying::tests::test_efficiency_estimation ... ok
test memory::adaptive_gc::tests::test_threshold_adaptation ... ok
test memory::cycle_detection::tests::test_detector_creation ... ok
test memory::copying::tests::test_space_management ... ok
test memory::adaptive_gc::tests::test_strategy_selection ... ok
test lsp::workspace::tests::test_workspace_scanning ... ok
test memory::adaptive_gc::tests::test_performance_score_calculation ... ok
test memory::adaptive_gc::tests::test_adaptive_gc_creation ... ok
test memory::copying::tests::test_config_update ... ok
test memory::cycle_detection::tests::test_statistics_tracking ... ok
test memory::enhanced_gc::tests::test_collection_trigger_detection ... ok
test memory::copying::tests::test_space_utilization ... ok
test memory::enhanced_gc::tests::test_enhanced_allocation_selection ... ok
test memory::enhanced_gc::tests::test_enhanced_gc_creation ... ok
test memory::cycle_detection::tests::test_config_update ... ok
test memory::enhanced_gc::tests::test_heap_stats_enhanced ... ok
test memory::enhanced_gc::tests::test_enhanced_gc_with_legacy_heap ... ok
test memory::copying::tests::test_object_forwarding ... ok
test memory::heap::tests::test_heap_creation ... ok
test memory::heap::tests::test_allocation_and_deallocation ... ok
test memory::heap::tests::test_large_object_allocation ... ok
test memory::generational::tests::test_collector_creation ... ok
test memory::heap::tests::test_heap_statistics ... ok
test memory::generational::tests::test_force_collection ... ok
test memory::heap_manager::tests::test_memory_block_allocation ... FAILED
test memory::heap_manager::tests::test_memory_block_creation ... ok
test memory::generational::tests::test_object_promotion ... ok
test memory::incremental::tests::test_adaptive_work_quantum ... ok
test memory::generational::tests::test_write_barrier ... ok
test memory::incremental::tests::test_allocation_notification ... ok
test memory::generational::tests::test_config_update ... ok
test memory::generational::tests::test_allocation_tracking ... ok
test memory::heap_manager::tests::test_config_update ... ok
test memory::incremental::tests::test_collection_phases ... ok
test memory::incremental::tests::test_collection_start_stop ... ok
test memory::incremental::tests::test_concurrent_marking_enable ... ok
test memory::incremental::tests::test_config_update ... ok
test memory::incremental::tests::test_collector_creation ... ok
test memory::incremental::tests::test_incremental_root_scanning ... ok
test memory::incremental::tests::test_weak_reference_handling ... ok
test memory::incremental::tests::test_finalizer_scheduling ... ok
test memory::incremental::tests::test_write_barrier ... ok
test memory::mark_sweep::tests::test_collector_creation ... ok
test memory::mark_sweep::tests::test_finalization_priority ... ok
test memory::mark_sweep::tests::test_fragmentation_stats ... ok
test memory::mark_sweep::tests::test_config_update ... ok
test memory::mark_sweep::tests::test_heap_compaction ... ok
test memory::mark_sweep::tests::test_mark_object ... ok
test memory::integration_example::tests::test_performance_comparison ... FAILED
test memory::metadata::tests::test_memory_layout ... ok
test memory::mark_sweep::tests::test_write_barrier ... FAILED
test memory::metadata::tests::test_metadata_statistics ... ok
test memory::integration_example::tests::test_real_heap_integration ... FAILED
test memory::metadata::tests::test_metadata_manager ... ok
test memory::metadata::tests::test_object_header ... ok
test memory::object_id::tests::test_object_id_creation ... ok
test memory::metadata::tests::test_object_aging ... ok
test memory::object_id::tests::test_id_generator ... ok
test memory::object_id::tests::test_object_metadata ... ok
test memory::object_id::tests::test_object_registry ... ok
test lsp::diagnostics::tests::test_style_diagnostics ... ok
test memory::copying::tests::test_collection_with_mock_objects ... ok
test memory::object_id::tests::test_registry_concurrent_access ... ok
test memory::object_id::tests::test_concurrent_id_generation ... ok
test memory::pressure_detection::tests::test_adaptive_threshold_adjustment ... ok
test memory::pressure_detection::tests::test_configuration_update ... ok
test memory::pressure_detection::tests::test_detection_enable_disable ... ok
test memory::pressure_detection::tests::test_memory_pressure_calculation ... ok
test memory::pressure_detection::tests::test_pressure_detection_creation ... ok
test memory::mark_sweep::tests::test_emergency_collection ... ok
test memory::pressure_detection::tests::test_pressure_level_determination ... ok
test memory::pressure_detection::tests::test_trend_slope_calculation ... ok
test build_system::incremental_cache::tests::test_rebuild_detection ... ok
test memory::production_gc::tests::test_auto_collection_toggle ... ok
test memory::production_gc::tests::test_production_gc_creation ... ok
test memory::real_allocator::tests::test_large_object_allocation ... FAILED
test memory::real_allocator::tests::test_object_allocation_and_deallocation ... ok
test memory::real_allocator::tests::test_real_allocator_creation ... ok
test memory::real_allocator::tests::test_pool_compaction ... ok
test memory::real_heap_manager::tests::test_fragmentation_calculation ... ok
test memory::real_heap_manager::tests::test_memory_pressure_monitoring ... ok
test memory::real_heap_manager::tests::test_real_heap_block_allocation ... ok
test memory::real_heap_manager::tests::test_real_heap_block_creation ... ok
test memory::real_heap_manager::tests::test_real_heap_manager_creation ... ok
test memory::regions::tests::test_large_object_space ... ok
test memory::regions::tests::test_old_generation_advanced ... ok
test memory::regions::tests::test_region_manager_advanced ... ok
test memory::regions::tests::test_region_pointer_lookup ... ok
test memory::regions::tests::test_young_generation_advanced ... ok
test memory::root_set::tests::test_concurrent_root_management ... ok
test memory::root_set::tests::test_goroutine_roots ... ok
test memory::root_set::tests::test_root_set_manager ... ok
test memory::root_set::tests::test_root_set_stats ... ok
test memory::root_set::tests::test_thread_root_set ... ok
test memory::roots::tests::test_add_and_remove_roots ... FAILED
test memory::roots::tests::test_roots_by_type ... FAILED
test memory::roots::tests::test_statistics ... FAILED
test memory::production_gc::tests::test_configuration_update ... ok
test memory::production_gc::tests::test_memory_pressure_detection ... ok
test memory::simple_production_gc::tests::test_memory_usage_calculation ... ok
test memory::simple_production_gc::tests::test_simple_production_gc_creation ... ok
test memory::test_real_heap::tests::test_collection_trigger_detection ... ok
test memory::test_real_heap::tests::test_algorithm_selection ... ok
test memory::test_real_heap::tests::test_enhanced_gc_comprehensive_stats ... ok
test memory::simple_production_gc::tests::test_collection_and_statistics ... ok
test memory::test_real_heap::tests::test_enhanced_gc_creation ... ok
test memory::adaptive_gc::tests::test_allocation_pattern_analysis ... ok
test memory::test_real_heap::tests::test_real_heap_manager_creation ... ok
test memory::collection_triggers::tests::test_external_collection_request has been running for over 60 seconds
test memory::collection_triggers::tests::test_trigger_recording has been running for over 60 seconds
test memory::cycle_detection::tests::test_add_remove_reference has been running for over 60 seconds
test memory::cycle_detection::tests::test_cycle_verification has been running for over 60 seconds
test memory::cycle_detection::tests::test_hybrid_detection has been running for over 60 seconds
test memory::cycle_detection::tests::test_large_graph_optimization has been running for over 60 seconds
test memory::cycle_detection::tests::test_reference_counting_optimization has been running for over 60 seconds
test memory::cycle_detection::tests::test_reference_graph_clearing has been running for over 60 seconds
test memory::cycle_detection::tests::test_simple_cycle_detection has been running for over 60 seconds
test memory::cycle_detection::tests::test_trial_deletion_algorithm has been running for over 60 seconds
test memory::cycle_detection::tests::test_weak_reference_handling has been running for over 60 seconds
test memory::heap_manager::tests::test_allocation_history has been running for over 60 seconds
test memory::heap_manager::tests::test_allocation_metrics has been running for over 60 seconds
test memory::heap_manager::tests::test_best_fit_allocation has been running for over 60 seconds
test memory::heap_manager::tests::test_heap_consistency_check has been running for over 60 seconds
test memory::heap_manager::tests::test_heap_manager_allocation has been running for over 60 seconds
test memory::heap_manager::tests::test_heap_manager_deallocation has been running for over 60 seconds
test memory::heap_manager::tests::test_heap_stats has been running for over 60 seconds
test memory::heap_manager::tests::test_large_allocation has been running for over 60 seconds
test memory::heap_manager::tests::test_memory_pressure_detection has been running for over 60 seconds
test memory::integration_example::tests::test_standalone_real_heap has been running for over 60 seconds
test memory::object_store::tests::test_object_handle_retrieval has been running for over 60 seconds
test memory::object_store::tests::test_object_removal has been running for over 60 seconds
test memory::object_store::tests::test_object_storage has been running for over 60 seconds
test memory::object_store::tests::test_object_store_stats has been running for over 60 seconds
test memory::object_store::tests::test_reference_counting has been running for over 60 seconds
test memory::object_store::tests::test_root_management has been running for over 60 seconds
test memory::real_heap_manager::tests::test_real_heap_allocation_and_deallocation has been running for over 60 seconds
test memory::test_real_heap::tests::test_heap_fragmentation has been running for over 60 seconds
test memory::test_real_heap::tests::test_memory_pressure_monitoring has been running for over 60 seconds
test memory::test_real_heap::tests::test_real_heap_allocation has been running for over 60 seconds
test memory::tests::test_heap_manager_integration has been running for over 60 seconds
